Component: ARM Compiler 5.06 update 7 (build 960) Tool: armlink [4d3601]

==============================================================================

Section Cross References

    startup_stm32f407xx.o(STACK) refers (Special) to heapauxi.o(.text) for __use_two_region_memory
    startup_stm32f407xx.o(HEAP) refers (Special) to heapauxi.o(.text) for __use_two_region_memory
    startup_stm32f407xx.o(RESET) refers (Special) to heapauxi.o(.text) for __use_two_region_memory
    startup_stm32f407xx.o(RESET) refers to startup_stm32f407xx.o(STACK) for __initial_sp
    startup_stm32f407xx.o(RESET) refers to startup_stm32f407xx.o(.text) for Reset_Handler
    startup_stm32f407xx.o(RESET) refers to stm32f4xx_it.o(i.NMI_Handler) for NMI_Handler
    startup_stm32f407xx.o(RESET) refers to stm32f4xx_it.o(i.HardFault_Handler) for HardFault_Handler
    startup_stm32f407xx.o(RESET) refers to stm32f4xx_it.o(i.MemManage_Handler) for MemManage_Handler
    startup_stm32f407xx.o(RESET) refers to stm32f4xx_it.o(i.BusFault_Handler) for BusFault_Handler
    startup_stm32f407xx.o(RESET) refers to stm32f4xx_it.o(i.UsageFault_Handler) for UsageFault_Handler
    startup_stm32f407xx.o(RESET) refers to port.o(.emb_text) for SVC_Handler
    startup_stm32f407xx.o(RESET) refers to stm32f4xx_it.o(i.DebugMon_Handler) for DebugMon_Handler
    startup_stm32f407xx.o(RESET) refers to port.o(i.SysTick_Handler) for SysTick_Handler
    startup_stm32f407xx.o(RESET) refers to stm32f4xx_it.o(i.CAN1_RX0_IRQHandler) for CAN1_RX0_IRQHandler
    startup_stm32f407xx.o(RESET) refers to stm32f4xx_it.o(i.CAN1_RX1_IRQHandler) for CAN1_RX1_IRQHandler
    startup_stm32f407xx.o(RESET) refers to stm32f4xx_it.o(i.TIM6_DAC_IRQHandler) for TIM6_DAC_IRQHandler
    startup_stm32f407xx.o(.text) refers (Special) to heapauxi.o(.text) for __use_two_region_memory
    startup_stm32f407xx.o(.text) refers to system_stm32f4xx.o(i.SystemInit) for SystemInit
    startup_stm32f407xx.o(.text) refers to __main.o(!!!main) for __main
    startup_stm32f407xx.o(.text) refers to startup_stm32f407xx.o(HEAP) for Heap_Mem
    startup_stm32f407xx.o(.text) refers to startup_stm32f407xx.o(STACK) for Stack_Mem
    main.o(i.HAL_TIM_PeriodElapsedCallback) refers to stm32f4xx_hal.o(i.HAL_IncTick) for HAL_IncTick
    main.o(i.SystemClock_Config) refers to rt_memclr_w.o(.text) for __aeabi_memclr4
    main.o(i.SystemClock_Config) refers to stm32f4xx_hal_rcc.o(i.HAL_RCC_OscConfig) for HAL_RCC_OscConfig
    main.o(i.SystemClock_Config) refers to stm32f4xx_hal_rcc.o(i.HAL_RCC_ClockConfig) for HAL_RCC_ClockConfig
    main.o(i.main) refers to stm32f4xx_hal.o(i.HAL_Init) for HAL_Init
    main.o(i.main) refers to main.o(i.SystemClock_Config) for SystemClock_Config
    main.o(i.main) refers to gpio.o(i.MX_GPIO_Init) for MX_GPIO_Init
    main.o(i.main) refers to can.o(i.MX_CAN1_Init) for MX_CAN1_Init
    main.o(i.main) refers to tim.o(i.MX_TIM4_Init) for MX_TIM4_Init
    main.o(i.main) refers to stm32f4xx_hal_tim.o(i.HAL_TIM_Base_Start) for HAL_TIM_Base_Start
    main.o(i.main) refers to stm32f4xx_hal_tim.o(i.HAL_TIM_PWM_Start) for HAL_TIM_PWM_Start
    main.o(i.main) refers to bsp_buzzer.o(i.buzzer_on) for buzzer_on
    main.o(i.main) refers to stm32f4xx_hal.o(i.HAL_Delay) for HAL_Delay
    main.o(i.main) refers to bsp_buzzer.o(i.buzzer_off) for buzzer_off
    main.o(i.main) refers to bsp_led.o(i.keyState) for keyState
    main.o(i.main) refers to freertos.o(i.MX_FREERTOS_Init) for MX_FREERTOS_Init
    main.o(i.main) refers to cmsis_os.o(i.osKernelStart) for osKernelStart
    main.o(i.main) refers to tim.o(.bss) for htim4
    gpio.o(i.MX_GPIO_Init) refers to rt_memclr_w.o(.text) for __aeabi_memclr4
    gpio.o(i.MX_GPIO_Init) refers to stm32f4xx_hal_gpio.o(i.HAL_GPIO_WritePin) for HAL_GPIO_WritePin
    gpio.o(i.MX_GPIO_Init) refers to stm32f4xx_hal_gpio.o(i.HAL_GPIO_Init) for HAL_GPIO_Init
    freertos.o(i.Chasis_task) refers to cmsis_os.o(i.osDelay) for osDelay
    freertos.o(i.MX_FREERTOS_Init) refers to rt_memcpy_w.o(.text) for __aeabi_memcpy4
    freertos.o(i.MX_FREERTOS_Init) refers to cmsis_os.o(i.osThreadCreate) for osThreadCreate
    freertos.o(i.MX_FREERTOS_Init) refers to freertos.o(.constdata) for .constdata
    freertos.o(i.MX_FREERTOS_Init) refers to freertos.o(.data) for .data
    freertos.o(i.ProbeWave_task) refers to cmsis_os.o(i.osDelay) for osDelay
    freertos.o(i.StartDefaultTask) refers to cmsis_os.o(i.osDelay) for osDelay
    freertos.o(i.StartDefaultTask) refers to bsp_led.o(i.led_flash) for led_flash
    freertos.o(i.vApplicationGetIdleTaskMemory) refers to freertos.o(.bss) for .bss
    freertos.o(.constdata) refers to freertos.o(.conststring) for .conststring
    freertos.o(.constdata) refers to freertos.o(i.StartDefaultTask) for StartDefaultTask
    freertos.o(.constdata) refers to chasis_task.o(i.Chasis_task) for Chasis_task
    freertos.o(.constdata) refers to probewave_task.o(i.ProbeWave_task) for ProbeWave_task
[...]
    i.Error_Handler                          0x080006a2   Section        0  main.o(i.Error_Handler)
    i.HAL_CAN_ActivateNotification           0x080006a6   Section        0  stm32f4xx_hal_can.o(i.HAL_CAN_ActivateNotification)
    i.HAL_CAN_AddTxMessage                   0x080006ca   Section        0  stm32f4xx_hal_can.o(i.HAL_CAN_AddTxMessage)
    i.HAL_CAN_ConfigFilter                   0x080007a8   Section        0  stm32f4xx_hal_can.o(i.HAL_CAN_ConfigFilter)
    i.HAL_CAN_ErrorCallback                  0x080008b4   Section        0  stm32f4xx_hal_can.o(i.HAL_CAN_ErrorCallback)
    i.HAL_CAN_GetRxMessage                   0x080008b6   Section        0  stm32f4xx_hal_can.o(i.HAL_CAN_GetRxMessage)
    i.HAL_CAN_IRQHandler                     0x0800099e   Section        0  stm32f4xx_hal_can.o(i.HAL_CAN_IRQHandler)
    i.HAL_CAN_Init                           0x08000b9a   Section        0  stm32f4xx_hal_can.o(i.HAL_CAN_Init)
    i.HAL_CAN_MspInit                        0x08000cb4   Section        0  can.o(i.HAL_CAN_MspInit)
    i.HAL_CAN_RxFifo0FullCallback            0x08000d3c   Section        0  stm32f4xx_hal_can.o(i.HAL_CAN_RxFifo0FullCallback)
    i.HAL_CAN_RxFifo0MsgPendingCallback      0x08000d40   Section        0  bsp_can.o(i.HAL_CAN_RxFifo0MsgPendingCallback)
    i.HAL_CAN_RxFifo1FullCallback            0x08000d98   Section        0  stm32f4xx_hal_can.o(i.HAL_CAN_RxFifo1FullCallback)
    i.HAL_CAN_RxFifo1MsgPendingCallback      0x08000d9a   Section        0  stm32f4xx_hal_can.o(i.HAL_CAN_RxFifo1MsgPendingCallback)
    i.HAL_CAN_SleepCallback                  0x08000d9c   Section        0  stm32f4xx_hal_can.o(i.HAL_CAN_SleepCallback)
    i.HAL_CAN_Start                          0x08000da0   Section        0  stm32f4xx_hal_can.o(i.HAL_CAN_Start)
    i.HAL_CAN_TxMailbox0AbortCallback        0x08000df8   Section        0  stm32f4xx_hal_can.o(i.HAL_CAN_TxMailbox0AbortCallback)
    i.HAL_CAN_TxMailbox0CompleteCallback     0x08000dfa   Section        0  stm32f4xx_hal_can.o(i.HAL_CAN_TxMailbox0CompleteCallback)
    i.HAL_CAN_TxMailbox1AbortCallback        0x08000dfc   Section        0  stm32f4xx_hal_can.o(i.HAL_CAN_TxMailbox1AbortCallback)
    i.HAL_CAN_TxMailbox1CompleteCallback     0x08000dfe   Section        0  stm32f4xx_hal_can.o(i.HAL_CAN_TxMailbox1CompleteCallback)
    i.HAL_CAN_TxMailbox2AbortCallback        0x08000e00   Section        0  stm32f4xx_hal_can.o(i.HAL_CAN_TxMailbox2AbortCallback)
    i.HAL_CAN_TxMailbox2CompleteCallback     0x08000e02   Section        0  stm32f4xx_hal_can.o(i.HAL_CAN_TxMailbox2CompleteCallback)
    i.HAL_CAN_WakeUpFromRxMsgCallback        0x08000e04   Section        0  stm32f4xx_hal_can.o(i.HAL_CAN_WakeUpFromRxMsgCallback)
    i.HAL_Delay                              0x08000e08   Section        0  stm32f4xx_hal.o(i.HAL_Delay)
    i.HAL_GPIO_Init                          0x08000e2c   Section        0  stm32f4xx_hal_gpio.o(i.HAL_GPIO_Init)
    i.HAL_GPIO_ReadPin                       0x0800101c   Section        0  stm32f4xx_hal_gpio.o(i.HAL_GPIO_ReadPin)
    i.HAL_GPIO_WritePin                      0x08001026   Section        0  stm32f4xx_hal_gpio.o(i.HAL_GPIO_WritePin)
    i.HAL_GetTick                            0x08001030   Section        0  stm32f4xx_hal.o(i.HAL_GetTick)
    i.HAL_IncTick                            0x0800103c   Section        0  stm32f4xx_hal.o(i.HAL_IncTick)
    i.HAL_Init                               0x0800104c   Section        0  stm32f4xx_hal.o(i.HAL_Init)
    i.HAL_InitTick                           0x08001080   Section        0  stm32f4xx_hal_timebase_tim.o(i.HAL_InitTick)
    i.HAL_MspInit                            0x08001118   Section        0  stm32f4xx_hal_msp.o(i.HAL_MspInit)
    i.HAL_NVIC_EnableIRQ                     0x08001150   Section        0  stm32f4xx_hal_cortex.o(i.HAL_NVIC_EnableIRQ)
    i.HAL_NVIC_SetPriority                   0x0800116c   Section        0  stm32f4xx_hal_cortex.o(i.HAL_NVIC_SetPriority)
    i.HAL_NVIC_SetPriorityGrouping           0x080011ac   Section        0  stm32f4xx_hal_cortex.o(i.HAL_NVIC_SetPriorityGrouping)
    i.HAL_RCC_ClockConfig                    0x080011d0   Section        0  stm32f4xx_hal_rcc.o(i.HAL_RCC_ClockConfig)
    i.HAL_RCC_GetClockConfig                 0x08001304   Section        0  stm32f4xx_hal_rcc.o(i.HAL_RCC_GetClockConfig)
    i.HAL_RCC_GetPCLK1Freq                   0x08001344   Section        0  stm32f4xx_hal_rcc.o(i.HAL_RCC_GetPCLK1Freq)
    i.HAL_RCC_GetSysClockFreq                0x08001364   Section        0  stm32f4xx_hal_rcc.o(i.HAL_RCC_GetSysClockFreq)
    i.HAL_RCC_OscConfig                      0x080013c8   Section        0  stm32f4xx_hal_rcc.o(i.HAL_RCC_OscConfig)
    i.HAL_TIMEx_BreakCallback                0x08001734   Section        0  stm32f4xx_hal_tim_ex.o(i.HAL_TIMEx_BreakCallback)
    i.HAL_TIMEx_CommutCallback               0x08001736   Section        0  stm32f4xx_hal_tim_ex.o(i.HAL_TIMEx_CommutCallback)
    i.HAL_TIMEx_MasterConfigSynchronization  0x08001738   Section        0  stm32f4xx_hal_tim_ex.o(i.HAL_TIMEx_MasterConfigSynchronization)
    i.HAL_TIM_Base_Init                      0x080017c8   Section        0  stm32f4xx_hal_tim.o(i.HAL_TIM_Base_Init)
    i.HAL_TIM_Base_MspInit                   0x08001822   Section        0  stm32f4xx_hal_tim.o(i.HAL_TIM_Base_MspInit)
    i.HAL_TIM_Base_Start                     0x08001824   Section        0  stm32f4xx_hal_tim.o(i.HAL_TIM_Base_Start)
    i.HAL_TIM_Base_Start_IT                  0x0800189c   Section        0  stm32f4xx_hal_tim.o(i.HAL_TIM_Base_Start_IT)
    i.HAL_TIM_IC_CaptureCallback             0x0800191c   Section        0  stm32f4xx_hal_tim.o(i.HAL_TIM_IC_CaptureCallback)
    i.HAL_TIM_IRQHandler                     0x0800191e   Section        0  stm32f4xx_hal_tim.o(i.HAL_TIM_IRQHandler)
    i.HAL_TIM_MspPostInit                    0x08001a84   Section        0  tim.o(i.HAL_TIM_MspPostInit)
    i.HAL_TIM_OC_DelayElapsedCallback        0x08001ad8   Section        0  stm32f4xx_hal_tim.o(i.HAL_TIM_OC_DelayElapsedCallback)
    i.HAL_TIM_PWM_ConfigChannel              0x08001ada   Section        0  stm32f4xx_hal_tim.o(i.HAL_TIM_PWM_ConfigChannel)
    i.HAL_TIM_PWM_Init                       0x08001ba6   Section        0  stm32f4xx_hal_tim.o(i.HAL_TIM_PWM_Init)
    i.HAL_TIM_PWM_MspInit                    0x08001c00   Section        0  tim.o(i.HAL_TIM_PWM_MspInit)
    i.HAL_TIM_PWM_PulseFinishedCallback      0x08001c28   Section        0  stm32f4xx_hal_tim.o(i.HAL_TIM_PWM_PulseFinishedCallback)
    i.HAL_TIM_PWM_Start                      0x08001c2c   Section        0  stm32f4xx_hal_tim.o(i.HAL_TIM_PWM_Start)
    i.HAL_TIM_PeriodElapsedCallback          0x08001cf4   Section        0  main.o(i.HAL_TIM_PeriodElapsedCallback)
    i.HAL_TIM_TriggerCallback                0x08001d08   Section        0  stm32f4xx_hal_tim.o(i.HAL_TIM_TriggerCallback)
    i.HardFault_Handler                      0x08001d0a   Section        0  stm32f4xx_it.o(i.HardFault_Handler)
    i.MX_CAN1_Init                           0x08001d0c   Section        0  can.o(i.MX_CAN1_Init)
    i.MX_FREERTOS_Init                       0x08001d50   Section        0  freertos.o(i.MX_FREERTOS_Init)
    i.MX_GPIO_Init                           0x08001da4   Section        0  gpio.o(i.MX_GPIO_Init)
    i.MX_TIM4_Init                           0x08001e24   Section        0  tim.o(i.MX_TIM4_Init)
    i.MemManage_Handler                      0x08001e94   Section        0  stm32f4xx_it.o(i.MemManage_Handler)
    i.NMI_Handler                            0x08001e96   Section        0  stm32f4xx_it.o(i.NMI_Handler)
    i.ProbeWave_task                         0x08001e98   Section        0  probewave_task.o(i.ProbeWave_task)
    i.StartDefaultTask                       0x08001f00   Section        0  freertos.o(i.StartDefaultTask)
    i.SysTick_Handler                        0x08001f10   Section        0  port.o(i.SysTick_Handler)
    i.SystemClock_Config                     0x08001f3c   Section        0  main.o(i.SystemClock_Config)
    i.SystemInit                             0x08001fd0   Section        0  system_stm32f4xx.o(i.SystemInit)
    i.TIM6_DAC_IRQHandler                    0x08001fe0   Section        0  stm32f4xx_it.o(i.TIM6_DAC_IRQHandler)
    i.TIM_Base_SetConfig                     0x08001fec   Section        0  stm32f4xx_hal_tim.o(i.TIM_Base_SetConfig)
    i.TIM_CCxChannelCmd                      0x080020b4   Section        0  stm32f4xx_hal_tim.o(i.TIM_CCxChannelCmd)
    i.TIM_OC1_SetConfig                      0x080020d0   Section        0  stm32f4xx_hal_tim.o(i.TIM_OC1_SetConfig)
    TIM_OC1_SetConfig                        0x080020d1   Thumb Code    88  stm32f4xx_hal_tim.o(i.TIM_OC1_SetConfig)
    i.TIM_OC2_SetConfig                      0x08002130   Section        0  stm32f4xx_hal_tim.o(i.TIM_OC2_SetConfig)
    i.TIM_OC3_SetConfig                      0x0800219c   Section        0  stm32f4xx_hal_tim.o(i.TIM_OC3_SetConfig)
    TIM_OC3_SetConfig                        0x0800219d   Thumb Code    96  stm32f4xx_hal_tim.o(i.TIM_OC3_SetConfig)
    i.TIM_OC4_SetConfig                      0x08002204   Section        0  stm32f4xx_hal_tim.o(i.TIM_OC4_SetConfig)
    TIM_OC4_SetConfig                        0x08002205   Thumb Code    70  stm32f4xx_hal_tim.o(i.TIM_OC4_SetConfig)
    i.UsageFault_Handler                     0x08002254   Section        0  stm32f4xx_it.o(i.UsageFault_Handler)
    i.__NVIC_SetPriority                     0x08002256   Section        0  stm32f4xx_hal_cortex.o(i.__NVIC_SetPriority)
    __NVIC_SetPriority                       0x08002257   Thumb Code    32  stm32f4xx_hal_cortex.o(i.__NVIC_SetPriority)
    i.buzzer_off                             0x08002278   Section        0  bsp_buzzer.o(i.buzzer_off)
    i.buzzer_on                              0x08002288   Section        0  bsp_buzzer.o(i.buzzer_on)
    i.first_order_filter_cali                0x08002298   Section        0  user_lib.o(i.first_order_filter_cali)
    i.first_order_filter_init                0x080022e6   Section        0  user_lib.o(i.first_order_filter_init)
    i.get_moto_measure                       0x080022fc   Section        0  bsp_can.o(i.get_moto_measure)
    i.keyState                               0x0800235c   Section        0  bsp_led.o(i.keyState)
    i.led_flash                              0x08002394   Section        0  bsp_led.o(i.led_flash)
    i.main                                   0x08002414   Section        0  main.o(i.main)
    i.makeFreeRtosPriority                   0x08002474   Section        0  cmsis_os.o(i.makeFreeRtosPriority)
    makeFreeRtosPriority                     0x08002475   Thumb Code    12  cmsis_os.o(i.makeFreeRtosPriority)
    i.motor_init                             0x08002480   Section        0  chasis_task.o(i.motor_init)
    i.my_can_filter_init_recv_all            0x0800251c   Section        0  bsp_can.o(i.my_can_filter_init_recv_all)
    i.osDelay                                0x0800254c   Section        0  cmsis_os.o(i.osDelay)
    i.osKernelStart                          0x0800255a   Section        0  cmsis_os.o(i.osKernelStart)
    i.osThreadCreate                         0x08002564   Section        0  cmsis_os.o(i.osThreadCreate)
    i.pid_calculate                          0x080025b8   Section        0  pid.o(i.pid_calculate)
    pid_calculate                            0x080025b9   Thumb Code   386  pid.o(i.pid_calculate)
    i.pid_init                               0x08002744   Section        0  pid.o(i.pid_init)
    i.pid_param_init                         0x08002760   Section        0  pid.o(i.pid_param_init)
    i.pid_reset                              0x080027b8   Section        0  pid.o(i.pid_reset)
    i.probe_position_init                    0x080027c0   Section        0  probewave_task.o(i.probe_position_init)
    i.prvAddCurrentTaskToDelayedList         0x08002808   Section        0  tasks.o(i.prvAddCurrentTaskToDelayedList)
    prvAddCurrentTaskToDelayedList           0x08002809   Thumb Code   102  tasks.o(i.prvAddCurrentTaskToDelayedList)
    i.prvAddNewTaskToReadyList               0x08002878   Section        0  tasks.o(i.prvAddNewTaskToReadyList)
    prvAddNewTaskToReadyList                 0x08002879   Thumb Code   194  tasks.o(i.prvAddNewTaskToReadyList)
    i.prvDeleteTCB                           0x08002948   Section        0  tasks.o(i.prvDeleteTCB)
    prvDeleteTCB                             0x08002949   Thumb Code    52  tasks.o(i.prvDeleteTCB)
    i.prvHeapInit                            0x0800297c   Section        0  heap_4.o(i.prvHeapInit)
    prvHeapInit                              0x0800297d   Thumb Code    66  heap_4.o(i.prvHeapInit)
    i.prvIdleTask                            0x080029c8   Section        0  tasks.o(i.prvIdleTask)
    prvIdleTask                              0x080029c9   Thumb Code    82  tasks.o(i.prvIdleTask)
    i.prvInitialiseNewTask                   0x08002a28   Section        0  tasks.o(i.prvInitialiseNewTask)
    prvInitialiseNewTask                     0x08002a29   Thumb Code   152  tasks.o(i.prvInitialiseNewTask)
    i.prvInsertBlockIntoFreeList             0x08002ac0   Section        0  heap_4.o(i.prvInsertBlockIntoFreeList)
    prvInsertBlockIntoFreeList               0x08002ac1   Thumb Code    72  heap_4.o(i.prvInsertBlockIntoFreeList)
    i.prvResetNextTaskUnblockTime            0x08002b0c   Section        0  tasks.o(i.prvResetNextTaskUnblockTime)
    prvResetNextTaskUnblockTime              0x08002b0d   Thumb Code    26  tasks.o(i.prvResetNextTaskUnblockTime)
    i.prvTaskExitError                       0x08002b2c   Section        0  port.o(i.prvTaskExitError)
    prvTaskExitError                         0x08002b2d   Thumb Code    36  port.o(i.prvTaskExitError)
    i.pvPortMalloc                           0x08002b54   Section        0  heap_4.o(i.pvPortMalloc)
    i.pxPortInitialiseStack                  0x08002c30   Section        0  port.o(i.pxPortInitialiseStack)
    i.set_moto_current                       0x08002c5c   Section        0  bsp_can.o(i.set_moto_current)
    i.uxListRemove                           0x08002ca0   Section        0  list.o(i.uxListRemove)
    i.vApplicationGetIdleTaskMemory          0x08002cc8   Section        0  freertos.o(i.vApplicationGetIdleTaskMemory)
    i.vListInitialise                        0x08002cdc   Section        0  list.o(i.vListInitialise)
    i.vListInitialiseItem                    0x08002cf2   Section        0  list.o(i.vListInitialiseItem)
    i.vListInsert                            0x08002cf8   Section        0  list.o(i.vListInsert)
    i.vListInsertEnd                         0x08002d28   Section        0  list.o(i.vListInsertEnd)
    i.vPortEnterCritical                     0x08002d40   Section        0  port.o(i.vPortEnterCritical)
    i.vPortExitCritical                      0x08002d80   Section        0  port.o(i.vPortExitCritical)
    i.vPortFree                              0x08002da8   Section        0  heap_4.o(i.vPortFree)
    i.vPortSetupTimerInterrupt               0x08002e0c   Section        0  port.o(i.vPortSetupTimerInterrupt)
    i.vTaskDelay                             0x08002e30   Section        0  tasks.o(i.vTaskDelay)
    i.vTaskStartScheduler                    0x08002e7c   Section        0  tasks.o(i.vTaskStartScheduler)
    i.vTaskSuspendAll                        0x08002ee8   Section        0  tasks.o(i.vTaskSuspendAll)
    i.vTaskSwitchContext                     0x08002ef8   Section        0  tasks.o(i.vTaskSwitchContext)
    i.xPortStartScheduler                    0x08002f54   Section        0  port.o(i.xPortStartScheduler)
    i.xTaskCreate                            0x08003048   Section        0  tasks.o(i.xTaskCreate)
    i.xTaskCreateStatic                      0x080030a2   Section        0  tasks.o(i.xTaskCreateStatic)
    i.xTaskIncrementTick                     0x080030f8   Section        0  tasks.o(i.xTaskIncrementTick)
    i.xTaskResumeAll                         0x080031c4   Section        0  tasks.o(i.xTaskResumeAll)
    x$fpl$d2f                                0x08003288   Section       98  d2f.o(x$fpl$d2f)
    $v0                                      0x08003288   Number         0  d2f.o(x$fpl$d2f)
    x$fpl$dmul                               0x080032ec   Section      340  dmul.o(x$fpl$dmul)
    $v0                                      0x080032ec   Number         0  dmul.o(x$fpl$dmul)
    x$fpl$dnaninf                            0x08003440   Section      156  dnaninf.o(x$fpl$dnaninf)
    $v0                                      0x08003440   Number         0  dnaninf.o(x$fpl$dnaninf)
    x$fpl$dretinf                            0x080034dc   Section       12  dretinf.o(x$fpl$dretinf)
    $v0                                      0x080034dc   Number         0  dretinf.o(x$fpl$dretinf)
    x$fpl$f2d                                0x080034e8   Section       86  f2d.o(x$fpl$f2d)
    $v0                                      0x080034e8   Number         0  f2d.o(x$fpl$f2d)
    x$fpl$fnaninf                            0x0800353e   Section      140  fnaninf.o(x$fpl$fnaninf)
    $v0                                      0x0800353e   Number         0  fnaninf.o(x$fpl$fnaninf)
    x$fpl$fpinit                             0x080035ca   Section       10  fpinit.o(x$fpl$fpinit)
    $v0                                      0x080035ca   Number         0  fpinit.o(x$fpl$fpinit)
    x$fpl$fretinf                            0x080035d4   Section       10  fretinf.o(x$fpl$fretinf)
    $v0                                      0x080035d4   Number         0  fretinf.o(x$fpl$fretinf)
    x$fpl$usenofp                            0x080035de   Section        0  usenofp.o(x$fpl$usenofp)
    .constdata                               0x080035e0   Section       84  freertos.o(.constdata)
    .constdata                               0x08003634   Section       16  system_stm32f4xx.o(.constdata)
    .constdata                               0x08003644   Section        8  system_stm32f4xx.o(.constdata)
    .conststring                             0x0800364c   Section       40  freertos.o(.conststring)
    .data                                    0x20000000   Section       12  freertos.o(.data)
    .data                                    0x2000000c   Section       12  stm32f4xx_hal.o(.data)
    .data                                    0x20000018   Section        4  system_stm32f4xx.o(.data)
    .data                                    0x2000001c   Section       60  tasks.o(.data)
    uxDeletedTasksWaitingCleanUp             0x20000020   Data           4  tasks.o(.data)
    uxCurrentNumberOfTasks                   0x20000024   Data           4  tasks.o(.data)
    xTickCount                               0x20000028   Data           4  tasks.o(.data)
    uxTopReadyPriority                       0x2000002c   Data           4  tasks.o(.data)
    xSchedulerRunning                        0x20000030   Data           4  tasks.o(.data)
    xPendedTicks                             0x20000034   Data           4  tasks.o(.data)
    xYieldPending                            0x20000038   Data           4  tasks.o(.data)
    xNumOfOverflows                          0x2000003c   Data           4  tasks.o(.data)
    uxTaskNumber                             0x20000040   Data           4  tasks.o(.data)
    xNextTaskUnblockTime                     0x20000044   Data           4  tasks.o(.data)
    xIdleTaskHandle                          0x20000048   Data           4  tasks.o(.data)
    uxSchedulerSuspended                     0x2000004c   Data           4  tasks.o(.data)
    pxDelayedTaskList                        0x20000050   Data           4  tasks.o(.data)
    pxOverflowDelayedTaskList                0x20000054   Data           4  tasks.o(.data)
    .data                                    0x20000058   Section       32  heap_4.o(.data)
    pxEnd                                    0x20000058   Data           4  heap_4.o(.data)
    xFreeBytesRemaining                      0x2000005c   Data           4  heap_4.o(.data)
    xMinimumEverFreeBytesRemaining           0x20000060   Data           4  heap_4.o(.data)
    xNumberOfSuccessfulAllocations           0x20000064   Data           4  heap_4.o(.data)
    xNumberOfSuccessfulFrees                 0x20000068   Data           4  heap_4.o(.data)
    xBlockAllocatedBit                       0x2000006c   Data           4  heap_4.o(.data)
    xStart                                   0x20000070   Data           8  heap_4.o(.data)
    .data                                    0x20000078   Section       12  port.o(.data)
    ucMaxSysCallPriority                     0x20000078   Data           1  port.o(.data)
    uxCriticalNesting                        0x2000007c   Data           4  port.o(.data)
    ulMaxPRIGROUPValue                       0x20000080   Data           4  port.o(.data)
    .data                                    0x20000084   Section       24  bsp_can.o(.data)
    i                                        0x20000084   Data           1  bsp_can.o(.data)
    .data                                    0x2000009c   Section        8  bsp_led.o(.data)
    t                                        0x2000009c   Data           1  bsp_led.o(.data)
    i                                        0x200000a0   Data           4  bsp_led.o(.data)
    .data                                    0x200000a4   Section       12  probewave_task.o(.data)
    .data                                    0x200000b0   Section        2  chasis_task.o(.data)
    .bss                                     0x200000b4   Section      596  freertos.o(.bss)
    xIdleTaskTCBBuffer                       0x200000b4   Data          84  freertos.o(.bss)
    xIdleStack                               0x20000108   Data         512  freertos.o(.bss)
    .bss                                     0x20000308   Section       40  can.o(.bss)
    .bss                                     0x20000330   Section       72  tim.o(.bss)
    .bss                                     0x20000378   Section       72  stm32f4xx_hal_timebase_tim.o(.bss)
    .bss                                     0x200003c0   Section      240  tasks.o(.bss)
    pxReadyTasksLists                        0x200003c0   Data         140  tasks.o(.bss)
    xDelayedTaskList1                        0x2000044c   Data          20  tasks.o(.bss)
    xDelayedTaskList2                        0x20000460   Data          20  tasks.o(.bss)
    xPendingReadyList                        0x20000474   Data          20  tasks.o(.bss)
    xTasksWaitingTermination                 0x20000488   Data          20  tasks.o(.bss)
    xSuspendedTaskList                       0x2000049c   Data          20  tasks.o(.bss)
    .bss                                     0x200004b0   Section    15360  heap_4.o(.bss)
    ucHeap                                   0x200004b0   Data       15360  heap_4.o(.bss)
    .bss                                     0x200040b0   Section      232  bsp_can.o(.bss)
    .bss                                     0x20004198   Section      536  chasis_task.o(.bss)
    .bss                                     0x200043b0   Section       96  libspace.o(.bss)
    HEAP                                     0x20004410   Section      512  startup_stm32f407xx.o(HEAP)
    Heap_Mem                                 0x20004410   Data         512  startup_stm32f407xx.o(HEAP)
    STACK                                    0x20004610   Section     1024  startup_stm32f407xx.o(STACK)
    Stack_Mem                                0x20004610   Data        1024  startup_stm32f407xx.o(STACK)
    __initial_sp                             0x20004a10   Data           0  startup_stm32f407xx.o(STACK)

    Global Symbols

    Symbol Name                              Value     Ov Type        Size  Object(Section)

    BuildAttributes$$THM_ISAv4$E$P$D$K$B$S$7EM$VFPi3$EXTD16$VFPS$VFMA$PE$A:L22UL41UL21$X:L11$S22US41US21$IEEE1$IW$USESV6$~STKCKD$USESV7$~SHL$OSPACE$ROPI$EBA8$UX$STANDARDLIB$REQ8$PRES8$EABIv2 0x00000000   Number         0  anon$$obj.o ABSOLUTE
    __ARM_use_no_argv                        0x00000000   Number         0  main.o ABSOLUTE
    __ARM_exceptions_init                     - Undefined Weak Reference
    __alloca_initialize                       - Undefined Weak Reference
    __arm_fini_                               - Undefined Weak Reference
    __arm_preinit_                            - Undefined Weak Reference
    __cpp_initialize__aeabi_                  - Undefined Weak Reference
    __cxa_finalize                            - Undefined Weak Reference
    __rt_locale                               - Undefined Weak Reference
    __sigvec_lookup                           - Undefined Weak Reference
    _atexit_init                              - Undefined Weak Reference
    _call_atexit_fns                          - Undefined Weak Reference
    _clock_init                               - Undefined Weak Reference
    _fp_trap_init                             - Undefined Weak Reference
    _fp_trap_shutdown                         - Undefined Weak Reference
    _get_lc_collate                           - Undefined Weak Reference
    _get_lc_ctype                             - Undefined Weak Reference
    _get_lc_monetary                          - Undefined Weak Reference
    _get_lc_numeric                           - Undefined Weak Reference
    _get_lc_time                              - Undefined Weak Reference
    _getenv_init                              - Undefined Weak Reference
    _handle_redirection                       - Undefined Weak Reference
    _init_alloc                               - Undefined Weak Reference
    _init_user_alloc                          - Undefined Weak Reference
    _initio                                   - Undefined Weak Reference
    _rand_init                                - Undefined Weak Reference
    _signal_finish                            - Undefined Weak Reference
    _signal_init                              - Undefined Weak Reference
    _terminate_alloc                          - Undefined Weak Reference
    _terminate_user_alloc                     - Undefined Weak Reference
    _terminateio                              - Undefined Weak Reference
    __Vectors_Size                           0x00000188   Number         0  startup_stm32f407xx.o ABSOLUTE
    __Vectors                                0x08000000   Data           4  startup_stm32f407xx.o(RESET)
    __Vectors_End                            0x08000188   Data           0  startup_stm32f407xx.o(RESET)
    __main                                   0x08000189   Thumb Code     8  __main.o(!!!main)
    __scatterload                            0x08000191   Thumb Code     0  __scatter.o(!!!scatter)
    __scatterload_rt2                        0x08000191   Thumb Code    44  __scatter.o(!!!scatter)
    __scatterload_rt2_thumb_only             0x08000191   Thumb Code     0  __scatter.o(!!!scatter)
    __scatterload_null                       0x0800019f   Thumb Code     0  __scatter.o(!!!scatter)
    __scatterload_copy                       0x080001c5   Thumb Code    26  __scatter_copy.o(!!handler_copy)
    __scatterload_zeroinit                   0x080001e1   Thumb Code    28  __scatter_zi.o(!!handler_zi)
    __rt_lib_init                            0x080001fd   Thumb Code     0  libinit.o(.ARM.Collect$$libinit$$00000000)
    __rt_lib_init_fp_1                       0x080001ff   Thumb Code     0  libinit2.o(.ARM.Collect$$libinit$$00000001)
    __rt_lib_init_alloca_1                   0x08000203   Thumb Code     0  libinit2.o(.ARM.Collect$$libinit$$0000002E)
    __rt_lib_init_argv_1                     0x08000203   Thumb Code     0  libinit2.o(.ARM.Collect$$libinit$$0000002C)
    __rt_lib_init_atexit_1                   0x08000203   Thumb Code     0  libinit2.o(.ARM.Collect$$libinit$$0000001B)
    __rt_lib_init_clock_1                    0x08000203   Thumb Code     0  libinit2.o(.ARM.Collect$$libinit$$00000021)
    __rt_lib_init_cpp_1                      0x08000203   Thumb Code     0  libinit2.o(.ARM.Collect$$libinit$$00000032)
    __rt_lib_init_exceptions_1               0x08000203   Thumb Code     0  libinit2.o(.ARM.Collect$$libinit$$00000030)
    __rt_lib_init_fp_trap_1                  0x08000203   Thumb Code     0  libinit2.o(.ARM.Collect$$libinit$$0000001F)
    __rt_lib_init_getenv_1                   0x08000203   Thumb Code     0  libinit2.o(.ARM.Collect$$libinit$$00000023)
    __rt_lib_init_heap_1                     0x08000203   Thumb Code     0  libinit2.o(.ARM.Collect$$libinit$$0000000A)
    __rt_lib_init_lc_collate_1               0x08000203   Thumb Code     0  libinit2.o(.ARM.Collect$$libinit$$00000011)
    __rt_lib_init_lc_ctype_1                 0x08000203   Thumb Code     0  libinit2.o(.ARM.Collect$$libinit$$00000013)
    __rt_lib_init_lc_monetary_1              0x08000203   Thumb Code     0  libinit2.o(.ARM.Collect$$libinit$$00000015)
    __rt_lib_init_lc_numeric_1               0x08000203   Thumb Code     0  libinit2.o(.ARM.Collect$$libinit$$00000017)
    __rt_lib_init_lc_time_1                  0x08000203   Thumb Code     0  libinit2.o(.ARM.Collect$$libinit$$00000019)
    __rt_lib_init_preinit_1                  0x08000203   Thumb Code     0  libinit2.o(.ARM.Collect$$libinit$$00000004)
    __rt_lib_init_rand_1                     0x08000203   Thumb Code     0  libinit2.o(.ARM.Collect$$libinit$$0000000E)
    __rt_lib_init_return                     0x08000203   Thumb Code     0  libinit2.o(.ARM.Collect$$libinit$$00000033)
    __rt_lib_init_signal_1                   0x08000203   Thumb Code     0  libinit2.o(.ARM.Collect$$libinit$$0000001D)
    __rt_lib_init_stdio_1                    0x08000203   Thumb Code     0  libinit2.o(.ARM.Collect$$libinit$$00000025)
    __rt_lib_init_user_alloc_1               0x08000203   Thumb Code     0  libinit2.o(.ARM.Collect$$libinit$$0000000C)
    __rt_lib_shutdown                        0x08000205   Thumb Code     0  libshutdown.o(.ARM.Collect$$libshutdown$$00000000)
    __rt_lib_shutdown_cpp_1                  0x08000207   Thumb Code     0  libshutdown2.o(.ARM.Collect$$libshutdown$$00000004)
    __rt_lib_shutdown_fini_1                 0x08000207   Thumb Code     0  libshutdown2.o(.ARM.Collect$$libshutdown$$00000002)
    __rt_lib_shutdown_fp_trap_1              0x08000207   Thumb Code     0  libshutdown2.o(.ARM.Collect$$libshutdown$$00000009)
    __rt_lib_shutdown_heap_1                 0x08000207   Thumb Code     0  libshutdown2.o(.ARM.Collect$$libshutdown$$00000011)
    __rt_lib_shutdown_return                 0x08000207   Thumb Code     0  libshutdown2.o(.ARM.Collect$$libshutdown$$00000012)
    __rt_lib_shutdown_signal_1               0x08000207   Thumb Code     0  libshutdown2.o(.ARM.Collect$$libshutdown$$0000000C)
    __rt_lib_shutdown_stdio_1                0x08000207   Thumb Code     0  libshutdown2.o(.ARM.Collect$$libshutdown$$00000006)
    __rt_lib_shutdown_user_alloc_1           0x08000207   Thumb Code     0  libshutdown2.o(.ARM.Collect$$libshutdown$$0000000E)
    __rt_entry                               0x08000209   Thumb Code     0  __rtentry.o(.ARM.Collect$$rtentry$$00000000)
    __rt_entry_presh_1                       0x08000209   Thumb Code     0  __rtentry2.o(.ARM.Collect$$rtentry$$00000002)
    __rt_entry_sh                            0x08000209   Thumb Code     0  __rtentry4.o(.ARM.Collect$$rtentry$$00000004)
    __rt_entry_li                            0x0800020f   Thumb Code     0  __rtentry2.o(.ARM.Collect$$rtentry$$0000000A)
    __rt_entry_postsh_1                      0x0800020f   Thumb Code     0  __rtentry2.o(.ARM.Collect$$rtentry$$00000009)
    __rt_entry_main                          0x08000213   Thumb Code     0  __rtentry2.o(.ARM.Collect$$rtentry$$0000000D)
    __rt_entry_postli_1                      0x08000213   Thumb Code     0  __rtentry2.o(.ARM.Collect$$rtentry$$0000000C)
    __rt_exit                                0x0800021b   Thumb Code     0  rtexit.o(.ARM.Collect$$rtexit$$00000000)
    __rt_exit_ls                             0x0800021d   Thumb Code     0  rtexit2.o(.ARM.Collect$$rtexit$$00000003)
    __rt_exit_prels_1                        0x0800021d   Thumb Code     0  rtexit2.o(.ARM.Collect$$rtexit$$00000002)
    __rt_exit_exit                           0x08000221   Thumb Code     0  rtexit2.o(.ARM.Collect$$rtexit$$00000004)
    SVC_Handler                              0x08000229   Thumb Code    28  port.o(.emb_text)
    __asm___6_port_c_39a90d8d__prvStartFirstTask 0x08000249   Thumb Code    36  port.o(.emb_text)
    __asm___6_port_c_39a90d8d__prvEnableVFP  0x08000271   Thumb Code    16  port.o(.emb_text)
    PendSV_Handler                           0x08000285   Thumb Code    88  port.o(.emb_text)
    vPortGetIPSR                             0x080002e1   Thumb Code     6  port.o(.emb_text)
    Reset_Handler                            0x080002e9   Thumb Code     8  startup_stm32f407xx.o(.text)
    ADC_IRQHandler                           0x08000303   Thumb Code     0  startup_stm32f407xx.o(.text)
    CAN1_SCE_IRQHandler                      0x08000303   Thumb Code     0  startup_stm32f407xx.o(.text)
    CAN1_TX_IRQHandler                       0x08000303   Thumb Code     0  startup_stm32f407xx.o(.text)
    CAN2_RX0_IRQHandler                      0x08000303   Thumb Code     0  startup_stm32f407xx.o(.text)
    CAN2_RX1_IRQHandler                      0x08000303   Thumb Code     0  startup_stm32f407xx.o(.text)
    CAN2_SCE_IRQHandler                      0x08000303   Thumb Code     0  startup_stm32f407xx.o(.text)
    CAN2_TX_IRQHandler                       0x08000303   Thumb Code     0  startup_stm32f407xx.o(.text)
    DCMI_IRQHandler                          0x08000303   Thumb Code     0  startup_stm32f407xx.o(.text)
    DMA1_Stream0_IRQHandler                  0x08000303   Thumb Code     0  startup_stm32f407xx.o(.text)
    DMA1_Stream1_IRQHandler                  0x08000303   Thumb Code     0  startup_stm32f407xx.o(.text)
    DMA1_Stream2_IRQHandler                  0x08000303   Thumb Code     0  startup_stm32f407xx.o(.text)
    DMA1_Stream3_IRQHandler                  0x08000303   Thumb Code     0  startup_stm32f407xx.o(.text)
    DMA1_Stream4_IRQHandler                  0x08000303   Thumb Code     0  startup_stm32f407xx.o(.text)
    DMA1_Stream5_IRQHandler                  0x08000303   Thumb Code     0  startup_stm32f407xx.o(.text)
    DMA1_Stream6_IRQHandler                  0x08000303   Thumb Code     0  startup_stm32f407xx.o(.text)
    DMA1_Stream7_IRQHandler                  0x08000303   Thumb Code     0  startup_stm32f407xx.o(.text)
    DMA2_Stream0_IRQHandler                  0x08000303   Thumb Code     0  startup_stm32f407xx.o(.text)
    DMA2_Stream1_IRQHandler                  0x08000303   Thumb Code     0  startup_stm32f407xx.o(.text)
    DMA2_Stream2_IRQHandler                  0x08000303   Thumb Code     0  startup_stm32f407xx.o(.text)
    DMA2_Stream3_IRQHandler                  0x08000303   Thumb Code     0  startup_stm32f407xx.o(.text)
    DMA2_Stream4_IRQHandler                  0x08000303   Thumb Code     0  startup_stm32f407xx.o(.text)
    DMA2_Stream5_IRQHandler                  0x08000303   Thumb Code     0  startup_stm32f407xx.o(.text)
    DMA2_Stream6_IRQHandler                  0x08000303   Thumb Code     0  startup_stm32f407xx.o(.text)
    DMA2_Stream7_IRQHandler                  0x08000303   Thumb Code     0  startup_stm32f407xx.o(.text)
    ETH_IRQHandler                           0x08000303   Thumb Code     0  startup_stm32f407xx.o(.text)
    ETH_WKUP_IRQHandler                      0x08000303   Thumb Code     0  startup_stm32f407xx.o(.text)
    EXTI0_IRQHandler                         0x08000303   Thumb Code     0  startup_stm32f407xx.o(.text)
    EXTI15_10_IRQHandler                     0x08000303   Thumb Code     0  startup_stm32f407xx.o(.text)
    EXTI1_IRQHandler                         0x08000303   Thumb Code     0  startup_stm32f407xx.o(.text)
    EXTI2_IRQHandler                         0x08000303   Thumb Code     0  startup_stm32f407xx.o(.text)
    EXTI3_IRQHandler                         0x08000303   Thumb Code     0  startup_stm32f407xx.o(.text)
    EXTI4_IRQHandler                         0x08000303   Thumb Code     0  startup_stm32f407xx.o(.text)
    EXTI9_5_IRQHandler                       0x08000303   Thumb Code     0  startup_stm32f407xx.o(.text)
    FLASH_IRQHandler                         0x08000303   Thumb Code     0  startup_stm32f407xx.o(.text)
    FMC_IRQHandler                           0x08000303   Thumb Code     0  startup_stm32f407xx.o(.text)
    FPU_IRQHandler                           0x08000303   Thumb Code     0  startup_stm32f407xx.o(.text)
    HASH_RNG_IRQHandler                      0x08000303   Thumb Code     0  startup_stm32f407xx.o(.text)
    I2C1_ER_IRQHandler                       0x08000303   Thumb Code     0  startup_stm32f407xx.o(.text)
    I2C1_EV_IRQHandler                       0x08000303   Thumb Code     0  startup_stm32f407xx.o(.text)
    I2C2_ER_IRQHandler                       0x08000303   Thumb Code     0  startup_stm32f407xx.o(.text)
    I2C2_EV_IRQHandler                       0x08000303   Thumb Code     0  startup_stm32f407xx.o(.text)
    I2C3_ER_IRQHandler                       0x08000303   Thumb Code     0  startup_stm32f407xx.o(.text)
    I2C3_EV_IRQHandler                       0x08000303   Thumb Code     0  startup_stm32f407xx.o(.text)
    OTG_FS_IRQHandler                        0x08000303   Thumb Code     0  startup_stm32f407xx.o(.text)
    OTG_FS_WKUP_IRQHandler                   0x08000303   Thumb Code     0  startup_stm32f407xx.o(.text)
    OTG_HS_EP1_IN_IRQHandler                 0x08000303   Thumb Code     0  startup_stm32f407xx.o(.text)
    OTG_HS_EP1_OUT_IRQHandler                0x08000303   Thumb Code     0  startup_stm32f407xx.o(.text)
    OTG_HS_IRQHandler                        0x08000303   Thumb Code     0  startup_stm32f407xx.o(.text)
    OTG_HS_WKUP_IRQHandler                   0x08000303   Thumb Code     0  startup_stm32f407xx.o(.text)
    PVD_IRQHandler                           0x08000303   Thumb Code     0  startup_stm32f407xx.o(.text)
    RCC_IRQHandler                           0x08000303   Thumb Code     0  startup_stm32f407xx.o(.text)
    RTC_Alarm_IRQHandler                     0x08000303   Thumb Code     0  startup_stm32f407xx.o(.text)
    RTC_WKUP_IRQHandler                      0x08000303   Thumb Code     0  startup_stm32f407xx.o(.text)
    SDIO_IRQHandler                          0x08000303   Thumb Code     0  startup_stm32f407xx.o(.text)
    SPI1_IRQHandler                          0x08000303   Thumb Code     0  startup_stm32f407xx.o(.text)
    SPI2_IRQHandler                          0x08000303   Thumb Code     0  startup_stm32f407xx.o(.text)
    SPI3_IRQHandler                          0x08000303   Thumb Code     0  startup_stm32f407xx.o(.text)
    TAMP_STAMP_IRQHandler                    0x08000303   Thumb Code     0  startup_stm32f407xx.o(.text)
    TIM1_BRK_TIM9_IRQHandler                 0x08000303   Thumb Code     0  startup_stm32f407xx.o(.text)
    TIM1_CC_IRQHandler                       0x08000303   Thumb Code     0  startup_stm32f407xx.o(.text)
    TIM1_TRG_COM_TIM11_IRQHandler            0x08000303   Thumb Code     0  startup_stm32f407xx.o(.text)
    TIM1_UP_TIM10_IRQHandler                 0x08000303   Thumb Code     0  startup_stm32f407xx.o(.text)
    TIM2_IRQHandler                          0x08000303   Thumb Code     0  startup_stm32f407xx.o(.text)
    TIM3_IRQHandler                          0x08000303   Thumb Code     0  startup_stm32f407xx.o(.text)
    TIM4_IRQHandler                          0x08000303   Thumb Code     0  startup_stm32f407xx.o(.text)
    TIM5_IRQHandler                          0x08000303   Thumb Code     0  startup_stm32f407xx.o(.text)
    TIM7_IRQHandler                          0x08000303   Thumb Code     0  startup_stm32f407xx.o(.text)
    TIM8_BRK_TIM12_IRQHandler                0x08000303   Thumb Code     0  startup_stm32f407xx.o(.text)
    TIM8_CC_IRQHandler                       0x08000303   Thumb Code     0  startup_stm32f407xx.o(.text)
    TIM8_TRG_COM_TIM14_IRQHandler            0x08000303   Thumb Code     0  startup_stm32f407xx.o(.text)
    TIM8_UP_TIM13_IRQHandler                 0x08000303   Thumb Code     0  startup_stm32f407xx.o(.text)
    UART4_IRQHandler                         0x08000303   Thumb Code     0  startup_stm32f407xx.o(.text)
    UART5_IRQHandler                         0x08000303   Thumb Code     0  startup_stm32f407xx.o(.text)
    USART1_IRQHandler                        0x08000303   Thumb Code     0  startup_stm32f407xx.o(.text)
    USART2_IRQHandler                        0x08000303   Thumb Code     0  startup_stm32f407xx.o(.text)
    USART3_IRQHandler                        0x08000303   Thumb Code     0  startup_stm32f407xx.o(.text)
    USART6_IRQHandler                        0x08000303   Thumb Code     0  startup_stm32f407xx.o(.text)
    WWDG_IRQHandler                          0x08000303   Thumb Code     0  startup_stm32f407xx.o(.text)
    __user_initial_stackheap                 0x08000305   Thumb Code     0  startup_stm32f407xx.o(.text)
    __aeabi_uldivmod                         0x08000329   Thumb Code     0  lludivv7m.o(.text)
    _ll_udiv                                 0x08000329   Thumb Code   238  lludivv7m.o(.text)
    __aeabi_memcpy4                          0x08000417   Thumb Code     0  rt_memcpy_w.o(.text)
    __aeabi_memcpy8                          0x08000417   Thumb Code     0  rt_memcpy_w.o(.text)
    __rt_memcpy_w                            0x08000417   Thumb Code   100  rt_memcpy_w.o(.text)
    _memcpy_lastbytes_aligned                0x0800045f   Thumb Code     0  rt_memcpy_w.o(.text)
    __aeabi_memclr4                          0x0800047b   Thumb Code     0  rt_memclr_w.o(.text)
    __aeabi_memclr8                          0x0800047b   Thumb Code     0  rt_memclr_w.o(.text)
    __rt_memclr_w                            0x0800047b   Thumb Code    78  rt_memclr_w.o(.text)
    _memset_w                                0x0800047f   Thumb Code     0  rt_memclr_w.o(.text)
    __use_two_region_memory                  0x080004c9   Thumb Code     2  heapauxi.o(.text)
    __rt_heap_escrow$2region                 0x080004cb   Thumb Code     2  heapauxi.o(.text)
    __rt_heap_expand$2region                 0x080004cd   Thumb Code     2  heapauxi.o(.text)
    __user_setup_stackheap                   0x080004cf   Thumb Code    74  sys_stackheap_outer.o(.text)
    exit                                     0x08000519   Thumb Code    18  exit.o(.text)
    __user_libspace                          0x0800052d   Thumb Code     8  libspace.o(.text)
    __user_perproc_libspace                  0x0800052d   Thumb Code     0  libspace.o(.text)
    __user_perthread_libspace                0x0800052d   Thumb Code     0  libspace.o(.text)
    _sys_exit                                0x08000535   Thumb Code     8  sys_exit.o(.text)
    __I$use$semihosting                      0x08000541   Thumb Code     0  use_no_semi.o(.text)
    __use_no_semihosting_swi                 0x08000541   Thumb Code     2  use_no_semi.o(.text)
    BusFault_Handler                         0x08000543   Thumb Code     2  stm32f4xx_it.o(i.BusFault_Handler)
    __semihosting_library_function           0x08000543   Thumb Code     0  indicate_semi.o(.text)
    CAN1_RX0_IRQHandler                      0x08000545   Thumb Code     6  stm32f4xx_it.o(i.CAN1_RX0_IRQHandler)
    CAN1_RX1_IRQHandler                      0x08000551   Thumb Code     6  stm32f4xx_it.o(i.CAN1_RX1_IRQHandler)
    Chasis_task                              0x0800055d   Thumb Code   286  chasis_task.o(i.Chasis_task)
    DebugMon_Handler                         0x080006a1   Thumb Code     2  stm32f4xx_it.o(i.DebugMon_Handler)
    Error_Handler                            0x080006a3   Thumb Code     4  main.o(i.Error_Handler)
    HAL_CAN_ActivateNotification             0x080006a7   Thumb Code    36  stm32f4xx_hal_can.o(i.HAL_CAN_ActivateNotification)
    HAL_CAN_AddTxMessage                     0x080006cb   Thumb Code   220  stm32f4xx_hal_can.o(i.HAL_CAN_AddTxMessage)
    HAL_CAN_ConfigFilter                     0x080007a9   Thumb Code   262  stm32f4xx_hal_can.o(i.HAL_CAN_ConfigFilter)
    HAL_CAN_ErrorCallback                    0x080008b5   Thumb Code     2  stm32f4xx_hal_can.o(i.HAL_CAN_ErrorCallback)
    HAL_CAN_GetRxMessage                     0x080008b7   Thumb Code   232  stm32f4xx_hal_can.o(i.HAL_CAN_GetRxMessage)
    HAL_CAN_IRQHandler                       0x0800099f   Thumb Code   508  stm32f4xx_hal_can.o(i.HAL_CAN_IRQHandler)
    HAL_CAN_Init                             0x08000b9b   Thumb Code   282  stm32f4xx_hal_can.o(i.HAL_CAN_Init)
    HAL_CAN_MspInit                          0x08000cb5   Thumb Code   122  can.o(i.HAL_CAN_MspInit)
    HAL_CAN_RxFifo0FullCallback              0x08000d3d   Thumb Code     2  stm32f4xx_hal_can.o(i.HAL_CAN_RxFifo0FullCallback)
    HAL_CAN_RxFifo0MsgPendingCallback        0x08000d41   Thumb Code    72  bsp_can.o(i.HAL_CAN_RxFifo0MsgPendingCallback)
    HAL_CAN_RxFifo1FullCallback              0x08000d99   Thumb Code     2  stm32f4xx_hal_can.o(i.HAL_CAN_RxFifo1FullCallback)
    HAL_CAN_RxFifo1MsgPendingCallback        0x08000d9b   Thumb Code     2  stm32f4xx_hal_can.o(i.HAL_CAN_RxFifo1MsgPendingCallback)
    HAL_CAN_SleepCallback                    0x08000d9d   Thumb Code     2  stm32f4xx_hal_can.o(i.HAL_CAN_SleepCallback)
    HAL_CAN_Start                            0x08000da1   Thumb Code    88  stm32f4xx_hal_can.o(i.HAL_CAN_Start)
    HAL_CAN_TxMailbox0AbortCallback          0x08000df9   Thumb Code     2  stm32f4xx_hal_can.o(i.HAL_CAN_TxMailbox0AbortCallback)
    HAL_CAN_TxMailbox0CompleteCallback       0x08000dfb   Thumb Code     2  stm32f4xx_hal_can.o(i.HAL_CAN_TxMailbox0CompleteCallback)
    HAL_CAN_TxMailbox1AbortCallback          0x08000dfd   Thumb Code     2  stm32f4xx_hal_can.o(i.HAL_CAN_TxMailbox1AbortCallback)
    HAL_CAN_TxMailbox1CompleteCallback       0x08000dff   Thumb Code     2  stm32f4xx_hal_can.o(i.HAL_CAN_TxMailbox1CompleteCallback)
    HAL_CAN_TxMailbox2AbortCallback          0x08000e01   Thumb Code     2  stm32f4xx_hal_can.o(i.HAL_CAN_TxMailbox2AbortCallback)
    HAL_CAN_TxMailbox2CompleteCallback       0x08000e03   Thumb Code     2  stm32f4xx_hal_can.o(i.HAL_CAN_TxMailbox2CompleteCallback)
    HAL_CAN_WakeUpFromRxMsgCallback          0x08000e05   Thumb Code     2  stm32f4xx_hal_can.o(i.HAL_CAN_WakeUpFromRxMsgCallback)
    HAL_Delay                                0x08000e09   Thumb Code    32  stm32f4xx_hal.o(i.HAL_Delay)
    HAL_GPIO_Init                            0x08000e2d   Thumb Code   450  stm32f4xx_hal_gpio.o(i.HAL_GPIO_Init)
    HAL_GPIO_ReadPin                         0x0800101d   Thumb Code    10  stm32f4xx_hal_gpio.o(i.HAL_GPIO_ReadPin)
    HAL_GPIO_WritePin                        0x08001027   Thumb Code    10  stm32f4xx_hal_gpio.o(i.HAL_GPIO_WritePin)
    HAL_GetTick                              0x08001031   Thumb Code     6  stm32f4xx_hal.o(i.HAL_GetTick)
    HAL_IncTick                              0x0800103d   Thumb Code    12  stm32f4xx_hal.o(i.HAL_IncTick)
    HAL_Init                                 0x0800104d   Thumb Code    48  stm32f4xx_hal.o(i.HAL_Init)
    HAL_InitTick                             0x08001081   Thumb Code   132  stm32f4xx_hal_timebase_tim.o(i.HAL_InitTick)
    HAL_MspInit                              0x08001119   Thumb Code    52  stm32f4xx_hal_msp.o(i.HAL_MspInit)
    HAL_NVIC_EnableIRQ                       0x08001151   Thumb Code    26  stm32f4xx_hal_cortex.o(i.HAL_NVIC_EnableIRQ)
    HAL_NVIC_SetPriority                     0x0800116d   Thumb Code    60  stm32f4xx_hal_cortex.o(i.HAL_NVIC_SetPriority)
    HAL_NVIC_SetPriorityGrouping             0x080011ad   Thumb Code    26  stm32f4xx_hal_cortex.o(i.HAL_NVIC_SetPriorityGrouping)
    HAL_RCC_ClockConfig                      0x080011d1   Thumb Code   288  stm32f4xx_hal_rcc.o(i.HAL_RCC_ClockConfig)
    HAL_RCC_GetClockConfig                   0x08001305   Thumb Code    54  stm32f4xx_hal_rcc.o(i.HAL_RCC_GetClockConfig)
    HAL_RCC_GetPCLK1Freq                     0x08001345   Thumb Code    20  stm32f4xx_hal_rcc.o(i.HAL_RCC_GetPCLK1Freq)
    HAL_RCC_GetSysClockFreq                  0x08001365   Thumb Code    88  stm32f4xx_hal_rcc.o(i.HAL_RCC_GetSysClockFreq)
    HAL_RCC_OscConfig                        0x080013c9   Thumb Code   856  stm32f4xx_hal_rcc.o(i.HAL_RCC_OscConfig)
    HAL_TIMEx_BreakCallback                  0x08001735   Thumb Code     2  stm32f4xx_hal_tim_ex.o(i.HAL_TIMEx_BreakCallback)
    HAL_TIMEx_CommutCallback                 0x08001737   Thumb Code     2  stm32f4xx_hal_tim_ex.o(i.HAL_TIMEx_CommutCallback)
    HAL_TIMEx_MasterConfigSynchronization    0x08001739   Thumb Code   116  stm32f4xx_hal_tim_ex.o(i.HAL_TIMEx_MasterConfigSynchronization)
    HAL_TIM_Base_Init                        0x080017c9   Thumb Code    90  stm32f4xx_hal_tim.o(i.HAL_TIM_Base_Init)
    HAL_TIM_Base_MspInit                     0x08001823   Thumb Code     2  stm32f4xx_hal_tim.o(i.HAL_TIM_Base_MspInit)
    HAL_TIM_Base_Start                       0x08001825   Thumb Code    90  stm32f4xx_hal_tim.o(i.HAL_TIM_Base_Start)
    HAL_TIM_Base_Start_IT                    0x0800189d   Thumb Code   100  stm32f4xx_hal_tim.o(i.HAL_TIM_Base_Start_IT)
    HAL_TIM_IC_CaptureCallback               0x0800191d   Thumb Code     2  stm32f4xx_hal_tim.o(i.HAL_TIM_IC_CaptureCallback)
    HAL_TIM_IRQHandler                       0x0800191f   Thumb Code   358  stm32f4xx_hal_tim.o(i.HAL_TIM_IRQHandler)
    HAL_TIM_MspPostInit                      0x08001a85   Thumb Code    70  tim.o(i.HAL_TIM_MspPostInit)
    HAL_TIM_OC_DelayElapsedCallback          0x08001ad9   Thumb Code     2  stm32f4xx_hal_tim.o(i.HAL_TIM_OC_DelayElapsedCallback)
    HAL_TIM_PWM_ConfigChannel                0x08001adb   Thumb Code   204  stm32f4xx_hal_tim.o(i.HAL_TIM_PWM_ConfigChannel)
    HAL_TIM_PWM_Init                         0x08001ba7   Thumb Code    90  stm32f4xx_hal_tim.o(i.HAL_TIM_PWM_Init)
    HAL_TIM_PWM_MspInit                      0x08001c01   Thumb Code    30  tim.o(i.HAL_TIM_PWM_MspInit)
    HAL_TIM_PWM_PulseFinishedCallback        0x08001c29   Thumb Code     2  stm32f4xx_hal_tim.o(i.HAL_TIM_PWM_PulseFinishedCallback)
    HAL_TIM_PWM_Start                        0x08001c2d   Thumb Code   172  stm32f4xx_hal_tim.o(i.HAL_TIM_PWM_Start)
    HAL_TIM_PeriodElapsedCallback            0x08001cf5   Thumb Code    14  main.o(i.HAL_TIM_PeriodElapsedCallback)
    HAL_TIM_TriggerCallback                  0x08001d09   Thumb Code     2  stm32f4xx_hal_tim.o(i.HAL_TIM_TriggerCallback)
    HardFault_Handler                        0x08001d0b   Thumb Code     2  stm32f4xx_it.o(i.HardFault_Handler)
    MX_CAN1_Init                             0x08001d0d   Thumb Code    60  can.o(i.MX_CAN1_Init)
    MX_FREERTOS_Init                         0x08001d51   Thumb Code    74  freertos.o(i.MX_FREERTOS_Init)
    MX_GPIO_Init                             0x08001da5   Thumb Code   116  gpio.o(i.MX_GPIO_Init)
    MX_TIM4_Init                             0x08001e25   Thumb Code   102  tim.o(i.MX_TIM4_Init)
    MemManage_Handler                        0x08001e95   Thumb Code     2  stm32f4xx_it.o(i.MemManage_Handler)
    NMI_Handler                              0x08001e97   Thumb Code     2  stm32f4xx_it.o(i.NMI_Handler)
    ProbeWave_task                           0x08001e99   Thumb Code    90  probewave_task.o(i.ProbeWave_task)
    StartDefaultTask                         0x08001f01   Thumb Code    14  freertos.o(i.StartDefaultTask)
    SysTick_Handler                          0x08001f11   Thumb Code    38  port.o(i.SysTick_Handler)
    SystemClock_Config                       0x08001f3d   Thumb Code   140  main.o(i.SystemClock_Config)
    SystemInit                               0x08001fd1   Thumb Code    12  system_stm32f4xx.o(i.SystemInit)
    TIM6_DAC_IRQHandler                      0x08001fe1   Thumb Code     6  stm32f4xx_it.o(i.TIM6_DAC_IRQHandler)
    TIM_Base_SetConfig                       0x08001fed   Thumb Code   156  stm32f4xx_hal_tim.o(i.TIM_Base_SetConfig)
    TIM_CCxChannelCmd                        0x080020b5   Thumb Code    26  stm32f4xx_hal_tim.o(i.TIM_CCxChannelCmd)
    TIM_OC2_SetConfig                        0x08002131   Thumb Code    98  stm32f4xx_hal_tim.o(i.TIM_OC2_SetConfig)
    UsageFault_Handler                       0x08002255   Thumb Code     2  stm32f4xx_it.o(i.UsageFault_Handler)
    buzzer_off                               0x08002279   Thumb Code    10  bsp_buzzer.o(i.buzzer_off)
    buzzer_on                                0x08002289   Thumb Code    12  bsp_buzzer.o(i.buzzer_on)
    first_order_filter_cali                  0x08002299   Thumb Code    78  user_lib.o(i.first_order_filter_cali)
    first_order_filter_init                  0x080022e7   Thumb Code    20  user_lib.o(i.first_order_filter_init)
    get_moto_measure                         0x080022fd   Thumb Code    90  bsp_can.o(i.get_moto_measure)
    keyState                                 0x0800235d   Thumb Code    50  bsp_led.o(i.keyState)
    led_flash                                0x08002395   Thumb Code   118  bsp_led.o(i.led_flash)
    main                                     0x08002415   Thumb Code    90  main.o(i.main)
    motor_init                               0x08002481   Thumb Code   136  chasis_task.o(i.motor_init)
    my_can_filter_init_recv_all              0x0800251d   Thumb Code    48  bsp_can.o(i.my_can_filter_init_recv_all)
    osDelay                                  0x0800254d   Thumb Code    14  cmsis_os.o(i.osDelay)
    osKernelStart                            0x0800255b   Thumb Code    10  cmsis_os.o(i.osKernelStart)
    osThreadCreate                           0x08002565   Thumb Code    84  cmsis_os.o(i.osThreadCreate)
    pid_init                                 0x08002745   Thumb Code    14  pid.o(i.pid_init)
    pid_param_init                           0x08002761   Thumb Code    82  pid.o(i.pid_param_init)
    pid_reset                                0x080027b9   Thumb Code     8  pid.o(i.pid_reset)
    probe_position_init                      0x080027c1   Thumb Code    62  probewave_task.o(i.probe_position_init)
    pvPortMalloc                             0x08002b55   Thumb Code   216  heap_4.o(i.pvPortMalloc)
    pxPortInitialiseStack                    0x08002c31   Thumb Code    40  port.o(i.pxPortInitialiseStack)
    set_moto_current                         0x08002c5d   Thumb Code    60  bsp_can.o(i.set_moto_current)
    uxListRemove                             0x08002ca1   Thumb Code    38  list.o(i.uxListRemove)
    vApplicationGetIdleTaskMemory            0x08002cc9   Thumb Code    16  freertos.o(i.vApplicationGetIdleTaskMemory)
    vListInitialise                          0x08002cdd   Thumb Code    22  list.o(i.vListInitialise)
    vListInitialiseItem                      0x08002cf3   Thumb Code     6  list.o(i.vListInitialiseItem)
    vListInsert                              0x08002cf9   Thumb Code    48  list.o(i.vListInsert)
    vListInsertEnd                           0x08002d29   Thumb Code    24  list.o(i.vListInsertEnd)
    vPortEnterCritical                       0x08002d41   Thumb Code    54  port.o(i.vPortEnterCritical)
    vPortExitCritical                        0x08002d81   Thumb Code    34  port.o(i.vPortExitCritical)
    vPortFree                                0x08002da9   Thumb Code    94  heap_4.o(i.vPortFree)
    vPortSetupTimerInterrupt                 0x08002e0d   Thumb Code    32  port.o(i.vPortSetupTimerInterrupt)
    vTaskDelay                               0x08002e31   Thumb Code    66  tasks.o(i.vTaskDelay)
    vTaskStartScheduler                      0x08002e7d   Thumb Code    90  tasks.o(i.vTaskStartScheduler)
    vTaskSuspendAll                          0x08002ee9   Thumb Code    10  tasks.o(i.vTaskSuspendAll)
    vTaskSwitchContext                       0x08002ef9   Thumb Code    82  tasks.o(i.vTaskSwitchContext)
    xPortStartScheduler                      0x08002f55   Thumb Code   222  port.o(i.xPortStartScheduler)
    xTaskCreate                              0x08003049   Thumb Code    90  tasks.o(i.xTaskCreate)
    xTaskCreateStatic                        0x080030a3   Thumb Code    86  tasks.o(i.xTaskCreateStatic)
    xTaskIncrementTick                       0x080030f9   Thumb Code   194  tasks.o(i.xTaskIncrementTick)
    xTaskResumeAll                           0x080031c5   Thumb Code   182  tasks.o(i.xTaskResumeAll)
    __aeabi_d2f                              0x08003289   Thumb Code     0  d2f.o(x$fpl$d2f)
    _d2f                                     0x08003289   Thumb Code    98  d2f.o(x$fpl$d2f)
    __aeabi_dmul                             0x080032ed   Thumb Code     0  dmul.o(x$fpl$dmul)
    _dmul                                    0x080032ed   Thumb Code   332  dmul.o(x$fpl$dmul)
    __fpl_dnaninf                            0x08003441   Thumb Code   156  dnaninf.o(x$fpl$dnaninf)
    __fpl_dretinf                            0x080034dd   Thumb Code    12  dretinf.o(x$fpl$dretinf)
    __aeabi_f2d                              0x080034e9   Thumb Code     0  f2d.o(x$fpl$f2d)
    _f2d                                     0x080034e9   Thumb Code    86  f2d.o(x$fpl$f2d)
    __fpl_fnaninf                            0x0800353f   Thumb Code   140  fnaninf.o(x$fpl$fnaninf)
    _fp_init                                 0x080035cb   Thumb Code    10  fpinit.o(x$fpl$fpinit)
    __fplib_config_fpu_vfp                   0x080035d3   Thumb Code     0  fpinit.o(x$fpl$fpinit)
    __fplib_config_pureend_doubles           0x080035d3   Thumb Code     0  fpinit.o(x$fpl$fpinit)
    __fpl_fretinf                            0x080035d5   Thumb Code    10  fretinf.o(x$fpl$fretinf)
    __I$use$fp                               0x080035de   Number         0  usenofp.o(x$fpl$usenofp)
    AHBPrescTable                            0x08003634   Data          16  system_stm32f4xx.o(.constdata)
    APBPrescTable                            0x08003644   Data           8  system_stm32f4xx.o(.constdata)
    Region$$Table$$Base                      0x08003674   Number         0  anon$$obj.o(Region$$Table)
    Region$$Table$$Limit                     0x08003694   Number         0  anon$$obj.o(Region$$Table)
    defaultTaskHandle                        0x20000000   Data           4  freertos.o(.data)
    chasis_taskHandle                        0x20000004   Data           4  freertos.o(.data)
    probeWave_taskHandle                     0x20000008   Data           4  freertos.o(.data)
    uwTickFreq                               0x2000000c   Data           1  stm32f4xx_hal.o(.data)
    uwTickPrio                               0x20000010   Data           4  stm32f4xx_hal.o(.data)
    uwTick                                   0x20000014   Data           4  stm32f4xx_hal.o(.data)
    SystemCoreClock                          0x20000018   Data           4  system_stm32f4xx.o(.data)
    pxCurrentTCB                             0x2000001c   Data           4  tasks.o(.data)
    Box                                      0x20000088   Data           4  bsp_can.o(.data)
    Rx1Data                                  0x2000008c   Data           8  bsp_can.o(.data)
    Tx1Data                                  0x20000094   Data           8  bsp_can.o(.data)
    probe_move_flag                          0x200000a4   Data           1  probewave_task.o(.data)
    probe_speed                              0x200000a6   Data           2  probewave_task.o(.data)
    angle_probe_min                          0x200000a8   Data           4  probewave_task.o(.data)
    angle_probe_max                          0x200000ac   Data           4  probewave_task.o(.data)
    insideCar_speed                          0x200000b0   Data           2  chasis_task.o(.data)
    hcan1                                    0x20000308   Data          40  can.o(.bss)
    htim4                                    0x20000330   Data          72  tim.o(.bss)
    htim6                                    0x20000378   Data          72  stm32f4xx_hal_timebase_tim.o(.bss)
    moto_chassis                             0x200040b0   Data         180  bsp_can.o(.bss)
    Tx1Message                               0x20004164   Data          24  bsp_can.o(.bss)
    Rx1Message                               0x2000417c   Data          28  bsp_can.o(.bss)
    motov_filter                             0x20004198   Data          16  chasis_task.o(.bss)
    motor_pid                                0x200041a8   Data         520  chasis_task.o(.bss)
    __libspace_start                         0x200043b0   Data          96  libspace.o(.bss)
    __temporary_stack_top$libspace           0x20004410   Data           0  libspace.o(.bss)



==============================================================================

Memory Map of the image

  Image Entry point : 0x08000189

  Load Region LR_IROM1 (Base: 0x08000000, Size: 0x00003748, Max: 0x00100000, ABSOLUTE)

    Execution Region ER_IROM1 (Exec base: 0x08000000, Load base: 0x08000000, Size: 0x00003694, Max: 0x00100000, ABSOLUTE)

    Exec Addr    Load Addr    Size         Type   Attr      Idx    E Section Name        Object

    0x08000000   0x08000000   0x00000188   Data   RO            3    RESET               startup_stm32f407xx.o
    0x08000188   0x08000188   0x00000008   Code   RO         4750  * !!!main             c_w.l(__main.o)
    0x08000190   0x08000190   0x00000034   Code   RO         4936    !!!scatter          c_w.l(__scatter.o)
    0x080001c4   0x080001c4   0x0000001a   Code   RO         4938    !!handler_copy      c_w.l(__scatter_copy.o)
    0x080001de   0x080001de   0x00000002   PAD
    0x080001e0   0x080001e0   0x0000001c   Code   RO         4940    !!handler_zi        c_w.l(__scatter_zi.o)
    0x080001fc   0x080001fc   0x00000002   Code   RO         4804    .ARM.Collect$$libinit$$00000000  c_w.l(libinit.o)
    0x080001fe   0x080001fe   0x00000004   Code   RO         4816    .ARM.Collect$$libinit$$00000001  c_w.l(libinit2.o)
    0x08000202   0x08000202   0x00000000   Code   RO         4819    .ARM.Collect$$libinit$$00000004  c_w.l(libinit2.o)
    0x08000202   0x08000202   0x00000000   Code   RO         4822    .ARM.Collect$$libinit$$0000000A  c_w.l(libinit2.o)
    0x08000202   0x08000202   0x00000000   Code   RO         4824    .ARM.Collect$$libinit$$0000000C  c_w.l(libinit2.o)
    0x08000202   0x08000202   0x00000000   Code   RO         4826    .ARM.Collect$$libinit$$0000000E  c_w.l(libinit2.o)
    0x08000202   0x08000202   0x00000000   Code   RO         4829    .ARM.Collect$$libinit$$00000011  c_w.l(libinit2.o)
    0x08000202   0x08000202   0x00000000   Code   RO         4831    .ARM.Collect$$libinit$$00000013  c_w.l(libinit2.o)
    0x08000202   0x08000202   0x00000000   Code   RO         4833    .ARM.Collect$$libinit$$00000015  c_w.l(libinit2.o)
    0x08000202   0x08000202   0x00000000   Code   RO         4835    .ARM.Collect$$libinit$$00000017  c_w.l(libinit2.o)
    0x08000202   0x08000202   0x00000000   Code   RO         4837    .ARM.Collect$$libinit$$00000019  c_w.l(libinit2.o)
    0x08000202   0x08000202   0x00000000   Code   RO         4839    .ARM.Collect$$libinit$$0000001B  c_w.l(libinit2.o)
    0x08000202   0x08000202   0x00000000   Code   RO         4841    .ARM.Collect$$libinit$$0000001D  c_w.l(libinit2.o)
    0x08000202   0x08000202   0x00000000   Code   RO         4843    .ARM.Collect$$libinit$$0000001F  c_w.l(libinit2.o)
    0x08000202   0x08000202   0x00000000   Code   RO         4845    .ARM.Collect$$libinit$$00000021  c_w.l(libinit2.o)
    0x08000202   0x08000202   0x00000000   Code   RO         4847    .ARM.Collect$$libinit$$00000023  c_w.l(libinit2.o)
    0x08000202   0x08000202   0x00000000   Code   RO         4849    .ARM.Collect$$libinit$$00000025  c_w.l(libinit2.o)
    0x08000202   0x08000202   0x00000000   Code   RO         4853    .ARM.Collect$$libinit$$0000002C  c_w.l(libinit2.o)
    0x08000202   0x08000202   0x00000000   Code   RO         4855    .ARM.Collect$$libinit$$0000002E  c_w.l(libinit2.o)
    0x08000202   0x08000202   0x00000000   Code   RO         4857    .ARM.Collect$$libinit$$00000030  c_w.l(libinit2.o)
    0x08000202   0x08000202   0x00000000   Code   RO         4859    .ARM.Collect$$libinit$$00000032  c_w.l(libinit2.o)
    0x08000202   0x08000202   0x00000002   Code   RO         4860    .ARM.Collect$$libinit$$00000033  c_w.l(libinit2.o)
    0x08000204   0x08000204   0x00000002   Code   RO         4891    .ARM.Collect$$libshutdown$$00000000  c_w.l(libshutdown.o)
    0x08000206   0x08000206   0x00000000   Code   RO         4917    .ARM.Collect$$libshutdown$$00000002  c_w.l(libshutdown2.o)
    0x08000206   0x08000206   0x00000000   Code   RO         4919    .ARM.Collect$$libshutdown$$00000004  c_w.l(libshutdown2.o)
    0x08000206   0x08000206   0x00000000   Code   RO         4921    .ARM.Collect$$libshutdown$$00000006  c_w.l(libshutdown2.o)
    0x08000206   0x08000206   0x00000000   Code   RO         4924    .ARM.Collect$$libshutdown$$00000009  c_w.l(libshutdown2.o)
    0x08000206   0x08000206   0x00000000   Code   RO         4927    .ARM.Collect$$libshutdown$$0000000C  c_w.l(libshutdown2.o)
    0x08000206   0x08000206   0x00000000   Code   RO         4929    .ARM.Collect$$libshutdown$$0000000E  c_w.l(libshutdown2.o)
    0x08000206   0x08000206   0x00000000   Code   RO         4932    .ARM.Collect$$libshutdown$$00000011  c_w.l(libshutdown2.o)
    0x08000206   0x08000206   0x00000002   Code   RO         4933    .ARM.Collect$$libshutdown$$00000012  c_w.l(libshutdown2.o)
    0x08000208   0x08000208   0x00000000   Code   RO         4758    .ARM.Collect$$rtentry$$00000000  c_w.l(__rtentry.o)
    0x08000208   0x08000208   0x00000000   Code   RO         4775    .ARM.Collect$$rtentry$$00000002  c_w.l(__rtentry2.o)
    0x08000208   0x08000208   0x00000006   Code   RO         4787    .ARM.Collect$$rtentry$$00000004  c_w.l(__rtentry4.o)
    0x0800020e   0x0800020e   0x00000000   Code   RO         4777    .ARM.Collect$$rtentry$$00000009  c_w.l(__rtentry2.o)
    0x0800020e   0x0800020e   0x00000004   Code   RO         4778    .ARM.Collect$$rtentry$$0000000A  c_w.l(__rtentry2.o)
    0x08000212   0x08000212   0x00000000   Code   RO         4780    .ARM.Collect$$rtentry$$0000000C  c_w.l(__rtentry2.o)
    0x08000212   0x08000212   0x00000008   Code   RO         4781    .ARM.Collect$$rtentry$$0000000D  c_w.l(__rtentry2.o)
    0x0800021a   0x0800021a   0x00000002   Code   RO         4808    .ARM.Collect$$rtexit$$00000000  c_w.l(rtexit.o)
    0x0800021c   0x0800021c   0x00000000   Code   RO         4864    .ARM.Collect$$rtexit$$00000002  c_w.l(rtexit2.o)
    0x0800021c   0x0800021c   0x00000004   Code   RO         4865    .ARM.Collect$$rtexit$$00000003  c_w.l(rtexit2.o)
    0x08000220   0x08000220   0x00000006   Code   RO         4866    .ARM.Collect$$rtexit$$00000004  c_w.l(rtexit2.o)
    0x08000226   0x08000226   0x00000002   PAD
    0x08000228   0x08000228   0x000000be   Code   RO         4141    .emb_text           port.o
    0x080002e6   0x080002e6   0x00000002   PAD
    0x080002e8   0x080002e8   0x00000040   Code   RO            4    .text               startup_stm32f407xx.o
    0x08000328   0x08000328   0x000000ee   Code   RO         4738    .text               c_w.l(lludivv7m.o)
    0x08000416   0x08000416   0x00000064   Code   RO         4742    .text               c_w.l(rt_memcpy_w.o)
    0x0800047a   0x0800047a   0x0000004e   Code   RO         4746    .text               c_w.l(rt_memclr_w.o)
    0x080004c8   0x080004c8   0x00000006   Code   RO         4748    .text               c_w.l(heapauxi.o)
    0x080004ce   0x080004ce   0x0000004a   Code   RO         4791    .text               c_w.l(sys_stackheap_outer.o)
    0x08000518   0x08000518   0x00000012   Code   RO         4793    .text               c_w.l(exit.o)
    0x0800052a   0x0800052a   0x00000002   PAD
    0x0800052c   0x0800052c   0x00000008   Code   RO         4805    .text               c_w.l(libspace.o)
    0x08000534   0x08000534   0x0000000c   Code   RO         4861    .text               c_w.l(sys_exit.o)
    0x08000540   0x08000540   0x00000002   Code   RO         4880    .text               c_w.l(use_no_semi.o)
    0x08000542   0x08000542   0x00000000   Code   RO         4882    .text               c_w.l(indicate_semi.o)
    0x08000542   0x08000542   0x00000002   Code   RO          408    i.BusFault_Handler  stm32f4xx_it.o
    0x08000544   0x08000544   0x0000000c   Code   RO          409    i.CAN1_RX0_IRQHandler  stm32f4xx_it.o
    0x08000550   0x08000550   0x0000000c   Code   RO          410    i.CAN1_RX1_IRQHandler  stm32f4xx_it.o
    0x0800055c   0x0800055c   0x00000144   Code   RO         4693    i.Chasis_task       chasis_task.o
    0x080006a0   0x080006a0   0x00000002   Code   RO          411    i.DebugMon_Handler  stm32f4xx_it.o
    0x080006a2   0x080006a2   0x00000004   Code   RO           13    i.Error_Handler     main.o
    0x080006a6   0x080006a6   0x00000024   Code   RO          548    i.HAL_CAN_ActivateNotification  stm32f4xx_hal_can.o
    0x080006ca   0x080006ca   0x000000dc   Code   RO          549    i.HAL_CAN_AddTxMessage  stm32f4xx_hal_can.o
    0x080007a6   0x080007a6   0x00000002   PAD
    0x080007a8   0x080007a8   0x0000010c   Code   RO          550    i.HAL_CAN_ConfigFilter  stm32f4xx_hal_can.o
    0x080008b4   0x080008b4   0x00000002   Code   RO          553    i.HAL_CAN_ErrorCallback  stm32f4xx_hal_can.o
    0x080008b6   0x080008b6   0x000000e8   Code   RO          556    i.HAL_CAN_GetRxMessage  stm32f4xx_hal_can.o
    0x0800099e   0x0800099e   0x000001fc   Code   RO          560    i.HAL_CAN_IRQHandler  stm32f4xx_hal_can.o
    0x08000b9a   0x08000b9a   0x0000011a   Code   RO          561    i.HAL_CAN_Init      stm32f4xx_hal_can.o
    0x08000cb4   0x08000cb4   0x00000088   Code   RO          319    i.HAL_CAN_MspInit   can.o
    0x08000d3c   0x08000d3c   0x00000002   Code   RO          568    i.HAL_CAN_RxFifo0FullCallback  stm32f4xx_hal_can.o
    0x08000d3e   0x08000d3e   0x00000002   PAD
    0x08000d40   0x08000d40   0x00000058   Code   RO         4333    i.HAL_CAN_RxFifo0MsgPendingCallback  bsp_can.o
    0x08000d98   0x08000d98   0x00000002   Code   RO          570    i.HAL_CAN_RxFifo1FullCallback  stm32f4xx_hal_can.o
    0x08000d9a   0x08000d9a   0x00000002   Code   RO          571    i.HAL_CAN_RxFifo1MsgPendingCallback  stm32f4xx_hal_can.o
    0x08000d9c   0x08000d9c   0x00000002   Code   RO          572    i.HAL_CAN_SleepCallback  stm32f4xx_hal_can.o
    0x08000d9e   0x08000d9e   0x00000002   PAD
    0x08000da0   0x08000da0   0x00000058   Code   RO          573    i.HAL_CAN_Start     stm32f4xx_hal_can.o
    0x08000df8   0x08000df8   0x00000002   Code   RO          575    i.HAL_CAN_TxMailbox0AbortCallback  stm32f4xx_hal_can.o
    0x08000dfa   0x08000dfa   0x00000002   Code   RO          576    i.HAL_CAN_TxMailbox0CompleteCallback  stm32f4xx_hal_can.o
    0x08000dfc   0x08000dfc   0x00000002   Code   RO          577    i.HAL_CAN_TxMailbox1AbortCallback  stm32f4xx_hal_can.o
    0x08000dfe   0x08000dfe   0x00000002   Code   RO          578    i.HAL_CAN_TxMailbox1CompleteCallback  stm32f4xx_hal_can.o
    0x08000e00   0x08000e00   0x00000002   Code   RO          579    i.HAL_CAN_TxMailbox2AbortCallback  stm32f4xx_hal_can.o
    0x08000e02   0x08000e02   0x00000002   Code   RO          580    i.HAL_CAN_TxMailbox2CompleteCallback  stm32f4xx_hal_can.o
    0x08000e04   0x08000e04   0x00000002   Code   RO          582    i.HAL_CAN_WakeUpFromRxMsgCallback  stm32f4xx_hal_can.o
    0x08000e06   0x08000e06   0x00000002   PAD
    0x08000e08   0x08000e08   0x00000024   Code   RO         1662    i.HAL_Delay         stm32f4xx_hal.o
    0x08000e2c   0x08000e2c   0x000001f0   Code   RO         1136    i.HAL_GPIO_Init     stm32f4xx_hal_gpio.o
    0x0800101c   0x0800101c   0x0000000a   Code   RO         1138    i.HAL_GPIO_ReadPin  stm32f4xx_hal_gpio.o
    0x08001026   0x08001026   0x0000000a   Code   RO         1140    i.HAL_GPIO_WritePin  stm32f4xx_hal_gpio.o
    0x08001030   0x08001030   0x0000000c   Code   RO         1668    i.HAL_GetTick       stm32f4xx_hal.o
    0x0800103c   0x0800103c   0x00000010   Code   RO         1674    i.HAL_IncTick       stm32f4xx_hal.o
    0x0800104c   0x0800104c   0x00000034   Code   RO         1675    i.HAL_Init          stm32f4xx_hal.o
    0x08001080   0x08001080   0x00000098   Code   RO          508    i.HAL_InitTick      stm32f4xx_hal_timebase_tim.o
    0x08001118   0x08001118   0x00000038   Code   RO          484    i.HAL_MspInit       stm32f4xx_hal_msp.o
    0x08001150   0x08001150   0x0000001a   Code   RO         1525    i.HAL_NVIC_EnableIRQ  stm32f4xx_hal_cortex.o
    0x0800116a   0x0800116a   0x00000002   PAD
    0x0800116c   0x0800116c   0x00000040   Code   RO         1531    i.HAL_NVIC_SetPriority  stm32f4xx_hal_cortex.o
    0x080011ac   0x080011ac   0x00000024   Code   RO         1532    i.HAL_NVIC_SetPriorityGrouping  stm32f4xx_hal_cortex.o
    0x080011d0   0x080011d0   0x00000134   Code   RO          782    i.HAL_RCC_ClockConfig  stm32f4xx_hal_rcc.o
    0x08001304   0x08001304   0x00000040   Code   RO          786    i.HAL_RCC_GetClockConfig  stm32f4xx_hal_rcc.o
    0x08001344   0x08001344   0x00000020   Code   RO          789    i.HAL_RCC_GetPCLK1Freq  stm32f4xx_hal_rcc.o
    0x08001364   0x08001364   0x00000064   Code   RO          791    i.HAL_RCC_GetSysClockFreq  stm32f4xx_hal_rcc.o
    0x080013c8   0x080013c8   0x0000036c   Code   RO          794    i.HAL_RCC_OscConfig  stm32f4xx_hal_rcc.o
    0x08001734   0x08001734   0x00000002   Code   RO         2619    i.HAL_TIMEx_BreakCallback  stm32f4xx_hal_tim_ex.o
    0x08001736   0x08001736   0x00000002   Code   RO         2620    i.HAL_TIMEx_CommutCallback  stm32f4xx_hal_tim_ex.o
    0x08001738   0x08001738   0x00000090   Code   RO         2638    i.HAL_TIMEx_MasterConfigSynchronization  stm32f4xx_hal_tim_ex.o
    0x080017c8   0x080017c8   0x0000005a   Code   RO         1915    i.HAL_TIM_Base_Init  stm32f4xx_hal_tim.o
    0x08001822   0x08001822   0x00000002   Code   RO         1917    i.HAL_TIM_Base_MspInit  stm32f4xx_hal_tim.o
    0x08001824   0x08001824   0x00000078   Code   RO         1918    i.HAL_TIM_Base_Start  stm32f4xx_hal_tim.o
    0x0800189c   0x0800189c   0x00000080   Code   RO         1920    i.HAL_TIM_Base_Start_IT  stm32f4xx_hal_tim.o
    0x0800191c   0x0800191c   0x00000002   Code   RO         1949    i.HAL_TIM_IC_CaptureCallback  stm32f4xx_hal_tim.o
    0x0800191e   0x0800191e   0x00000166   Code   RO         1963    i.HAL_TIM_IRQHandler  stm32f4xx_hal_tim.o
    0x08001a84   0x08001a84   0x00000054   Code   RO          360    i.HAL_TIM_MspPostInit  tim.o
    0x08001ad8   0x08001ad8   0x00000002   Code   RO         1966    i.HAL_TIM_OC_DelayElapsedCallback  stm32f4xx_hal_tim.o
    0x08001ada   0x08001ada   0x000000cc   Code   RO         1987    i.HAL_TIM_PWM_ConfigChannel  stm32f4xx_hal_tim.o
    0x08001ba6   0x08001ba6   0x0000005a   Code   RO         1990    i.HAL_TIM_PWM_Init  stm32f4xx_hal_tim.o
    0x08001c00   0x08001c00   0x00000028   Code   RO          362    i.HAL_TIM_PWM_MspInit  tim.o
    0x08001c28   0x08001c28   0x00000002   Code   RO         1993    i.HAL_TIM_PWM_PulseFinishedCallback  stm32f4xx_hal_tim.o
    0x08001c2a   0x08001c2a   0x00000002   PAD
    0x08001c2c   0x08001c2c   0x000000c8   Code   RO         1995    i.HAL_TIM_PWM_Start  stm32f4xx_hal_tim.o
    0x08001cf4   0x08001cf4   0x00000014   Code   RO           14    i.HAL_TIM_PeriodElapsedCallback  main.o
    0x08001d08   0x08001d08   0x00000002   Code   RO         2006    i.HAL_TIM_TriggerCallback  stm32f4xx_hal_tim.o
    0x08001d0a   0x08001d0a   0x00000002   Code   RO          412    i.HardFault_Handler  stm32f4xx_it.o
    0x08001d0c   0x08001d0c   0x00000044   Code   RO          320    i.MX_CAN1_Init      can.o
    0x08001d50   0x08001d50   0x00000054   Code   RO          254    i.MX_FREERTOS_Init  freertos.o
    0x08001da4   0x08001da4   0x00000080   Code   RO          229    i.MX_GPIO_Init      gpio.o
    0x08001e24   0x08001e24   0x00000070   Code   RO          363    i.MX_TIM4_Init      tim.o
    0x08001e94   0x08001e94   0x00000002   Code   RO          413    i.MemManage_Handler  stm32f4xx_it.o
    0x08001e96   0x08001e96   0x00000002   Code   RO          414    i.NMI_Handler       stm32f4xx_it.o
    0x08001e98   0x08001e98   0x00000068   Code   RO         4548    i.ProbeWave_task    probewave_task.o
    0x08001f00   0x08001f00   0x0000000e   Code   RO          256    i.StartDefaultTask  freertos.o
    0x08001f0e   0x08001f0e   0x00000002   PAD
    0x08001f10   0x08001f10   0x0000002c   Code   RO         4142    i.SysTick_Handler   port.o
    0x08001f3c   0x08001f3c   0x00000094   Code   RO           15    i.SystemClock_Config  main.o
    0x08001fd0   0x08001fd0   0x00000010   Code   RO         2887    i.SystemInit        system_stm32f4xx.o
    0x08001fe0   0x08001fe0   0x0000000c   Code   RO          415    i.TIM6_DAC_IRQHandler  stm32f4xx_it.o
    0x08001fec   0x08001fec   0x000000c8   Code   RO         2008    i.TIM_Base_SetConfig  stm32f4xx_hal_tim.o
    0x080020b4   0x080020b4   0x0000001a   Code   RO         2009    i.TIM_CCxChannelCmd  stm32f4xx_hal_tim.o
    0x080020ce   0x080020ce   0x00000002   PAD
    0x080020d0   0x080020d0   0x00000060   Code   RO         2021    i.TIM_OC1_SetConfig  stm32f4xx_hal_tim.o
    0x08002130   0x08002130   0x0000006c   Code   RO         2022    i.TIM_OC2_SetConfig  stm32f4xx_hal_tim.o
    0x0800219c   0x0800219c   0x00000068   Code   RO         2023    i.TIM_OC3_SetConfig  stm32f4xx_hal_tim.o
    0x08002204   0x08002204   0x00000050   Code   RO         2024    i.TIM_OC4_SetConfig  stm32f4xx_hal_tim.o
    0x08002254   0x08002254   0x00000002   Code   RO          416    i.UsageFault_Handler  stm32f4xx_it.o
    0x08002256   0x08002256   0x00000020   Code   RO         1538    i.__NVIC_SetPriority  stm32f4xx_hal_cortex.o
    0x08002276   0x08002276   0x00000002   PAD
    0x08002278   0x08002278   0x00000010   Code   RO         4223    i.buzzer_off        bsp_buzzer.o
    0x08002288   0x08002288   0x00000010   Code   RO         4224    i.buzzer_on         bsp_buzzer.o
    0x08002298   0x08002298   0x0000004e   Code   RO         4512    i.first_order_filter_cali  user_lib.o
    0x080022e6   0x080022e6   0x00000014   Code   RO         4513    i.first_order_filter_init  user_lib.o
    0x080022fa   0x080022fa   0x00000002   PAD
    0x080022fc   0x080022fc   0x00000060   Code   RO         4334    i.get_moto_measure  bsp_can.o
    0x0800235c   0x0800235c   0x00000038   Code   RO         4436    i.keyState          bsp_led.o
    0x08002394   0x08002394   0x00000080   Code   RO         4437    i.led_flash         bsp_led.o
    0x08002414   0x08002414   0x00000060   Code   RO           16    i.main              main.o
    0x08002474   0x08002474   0x0000000c   Code   RO         3707    i.makeFreeRtosPriority  cmsis_os.o
    0x08002480   0x08002480   0x0000009c   Code   RO         4694    i.motor_init        chasis_task.o
    0x0800251c   0x0800251c   0x00000030   Code   RO         4337    i.my_can_filter_init_recv_all  bsp_can.o
    0x0800254c   0x0800254c   0x0000000e   Code   RO         3709    i.osDelay           cmsis_os.o
    0x0800255a   0x0800255a   0x0000000a   Code   RO         3712    i.osKernelStart     cmsis_os.o
    0x08002564   0x08002564   0x00000054   Code   RO         3746    i.osThreadCreate    cmsis_os.o
    0x080025b8   0x080025b8   0x0000018c   Code   RO         4471    i.pid_calculate     pid.o
    0x08002744   0x08002744   0x0000001c   Code   RO         4472    i.pid_init          pid.o
    0x08002760   0x08002760   0x00000058   Code   RO         4473    i.pid_param_init    pid.o
    0x080027b8   0x080027b8   0x00000008   Code   RO         4474    i.pid_reset         pid.o
    0x080027c0   0x080027c0   0x00000048   Code   RO         4549    i.probe_position_init  probewave_task.o
    0x08002808   0x08002808   0x00000070   Code   RO         3389    i.prvAddCurrentTaskToDelayedList  tasks.o
    0x08002878   0x08002878   0x000000d0   Code   RO         3390    i.prvAddNewTaskToReadyList  tasks.o
    0x08002948   0x08002948   0x00000034   Code   RO         3391    i.prvDeleteTCB      tasks.o
    0x0800297c   0x0800297c   0x0000004c   Code   RO         4074    i.prvHeapInit       heap_4.o
    0x080029c8   0x080029c8   0x00000060   Code   RO         3392    i.prvIdleTask       tasks.o
    0x08002a28   0x08002a28   0x00000098   Code   RO         3393    i.prvInitialiseNewTask  tasks.o
    0x08002ac0   0x08002ac0   0x0000004c   Code   RO         4075    i.prvInsertBlockIntoFreeList  heap_4.o
    0x08002b0c   0x08002b0c   0x00000020   Code   RO         3394    i.prvResetNextTaskUnblockTime  tasks.o
    0x08002b2c   0x08002b2c   0x00000028   Code   RO         4143    i.prvTaskExitError  port.o
    0x08002b54   0x08002b54   0x000000dc   Code   RO         4076    i.pvPortMalloc      heap_4.o
    0x08002c30   0x08002c30   0x0000002c   Code   RO         4144    i.pxPortInitialiseStack  port.o
    0x08002c5c   0x08002c5c   0x00000044   Code   RO         4338    i.set_moto_current  bsp_can.o
    0x08002ca0   0x08002ca0   0x00000026   Code   RO         3025    i.uxListRemove      list.o
    0x08002cc6   0x08002cc6   0x00000002   PAD
    0x08002cc8   0x08002cc8   0x00000014   Code   RO          257    i.vApplicationGetIdleTaskMemory  freertos.o
    0x08002cdc   0x08002cdc   0x00000016   Code   RO         3026    i.vListInitialise   list.o
    0x08002cf2   0x08002cf2   0x00000006   Code   RO         3027    i.vListInitialiseItem  list.o
    0x08002cf8   0x08002cf8   0x00000030   Code   RO         3028    i.vListInsert       list.o
    0x08002d28   0x08002d28   0x00000018   Code   RO         3029    i.vListInsertEnd    list.o
    0x08002d40   0x08002d40   0x00000040   Code   RO         4146    i.vPortEnterCritical  port.o
    0x08002d80   0x08002d80   0x00000028   Code   RO         4147    i.vPortExitCritical  port.o
    0x08002da8   0x08002da8   0x00000064   Code   RO         4077    i.vPortFree         heap_4.o
    0x08002e0c   0x08002e0c   0x00000024   Code   RO         4148    i.vPortSetupTimerInterrupt  port.o
    0x08002e30   0x08002e30   0x0000004c   Code   RO         3403    i.vTaskDelay        tasks.o
    0x08002e7c   0x08002e7c   0x0000006c   Code   RO         3416    i.vTaskStartScheduler  tasks.o
    0x08002ee8   0x08002ee8   0x00000010   Code   RO         3418    i.vTaskSuspendAll   tasks.o
    0x08002ef8   0x08002ef8   0x0000005c   Code   RO         3419    i.vTaskSwitchContext  tasks.o
    0x08002f54   0x08002f54   0x000000f4   Code   RO         4150    i.xPortStartScheduler  port.o
    0x08003048   0x08003048   0x0000005a   Code   RO         3422    i.xTaskCreate       tasks.o
    0x080030a2   0x080030a2   0x00000056   Code   RO         3423    i.xTaskCreateStatic  tasks.o
    0x080030f8   0x080030f8   0x000000cc   Code   RO         3430    i.xTaskIncrementTick  tasks.o
    0x080031c4   0x080031c4   0x000000c4   Code   RO         3436    i.xTaskResumeAll    tasks.o
    0x08003288   0x08003288   0x00000062   Code   RO         4752    x$fpl$d2f           fz_wm.l(d2f.o)
    0x080032ea   0x080032ea   0x00000002   PAD
    0x080032ec   0x080032ec   0x00000154   Code   RO         4754    x$fpl$dmul          fz_wm.l(dmul.o)
    0x08003440   0x08003440   0x0000009c   Code   RO         4765    x$fpl$dnaninf       fz_wm.l(dnaninf.o)
    0x080034dc   0x080034dc   0x0000000c   Code   RO         4767    x$fpl$dretinf       fz_wm.l(dretinf.o)
    0x080034e8   0x080034e8   0x00000056   Code   RO         4756    x$fpl$f2d           fz_wm.l(f2d.o)
    0x0800353e   0x0800353e   0x0000008c   Code   RO         4769    x$fpl$fnaninf       fz_wm.l(fnaninf.o)
    0x080035ca   0x080035ca   0x0000000a   Code   RO         4876    x$fpl$fpinit        fz_wm.l(fpinit.o)
    0x080035d4   0x080035d4   0x0000000a   Code   RO         4771    x$fpl$fretinf       fz_wm.l(fretinf.o)
    0x080035de   0x080035de   0x00000000   Code   RO         4773    x$fpl$usenofp       fz_wm.l(usenofp.o)
    0x080035de   0x080035de   0x00000002   PAD
    0x080035e0   0x080035e0   0x00000054   Data   RO          259    .constdata          freertos.o
    0x08003634   0x08003634   0x00000010   Data   RO         2888    .constdata          system_stm32f4xx.o
    0x08003644   0x08003644   0x00000008   Data   RO         2889    .constdata          system_stm32f4xx.o
    0x0800364c   0x0800364c   0x00000028   Data   RO          260    .conststring        freertos.o
    0x08003674   0x08003674   0x00000020   Data   RO         4934    Region$$Table       anon$$obj.o


    Execution Region RW_IRAM1 (Exec base: 0x20000000, Load base: 0x08003694, Size: 0x00004a10, Max: 0x0001c000, ABSOLUTE)

    Exec Addr    Load Addr    Size         Type   Attr      Idx    E Section Name        Object

    0x20000000   0x08003694   0x0000000c   Data   RW          261    .data               freertos.o
    0x2000000c   0x080036a0   0x0000000c   Data   RW         1682    .data               stm32f4xx_hal.o
    0x20000018   0x080036ac   0x00000004   Data   RW         2890    .data               system_stm32f4xx.o
    0x2000001c   0x080036b0   0x0000003c   Data   RW         3439    .data               tasks.o
    0x20000058   0x080036ec   0x00000020   Data   RW         4083    .data               heap_4.o
    0x20000078   0x0800370c   0x0000000c   Data   RW         4151    .data               port.o
    0x20000084   0x08003718   0x00000018   Data   RW         4340    .data               bsp_can.o
    0x2000009c   0x08003730   0x00000008   Data   RW         4438    .data               bsp_led.o
    0x200000a4   0x08003738   0x0000000c   Data   RW         4550    .data               probewave_task.o
    0x200000b0   0x08003744   0x00000002   Data   RW         4697    .data               chasis_task.o
    0x200000b2   0x08003746   0x00000002   PAD
    0x200000b4        -       0x00000254   Zero   RW          258    .bss                freertos.o
    0x20000308        -       0x00000028   Zero   RW          321    .bss                can.o
    0x20000330        -       0x00000048   Zero   RW          364    .bss                tim.o
    0x20000378        -       0x00000048   Zero   RW          511    .bss                stm32f4xx_hal_timebase_tim.o
    0x200003c0        -       0x000000f0   Zero   RW         3438    .bss                tasks.o
    0x200004b0        -       0x00003c00   Zero   RW         4082    .bss                heap_4.o
    0x200040b0        -       0x000000e8   Zero   RW         4339    .bss                bsp_can.o
    0x20004198        -       0x00000218   Zero   RW         4695    .bss                chasis_task.o
    0x200043b0        -       0x00000060   Zero   RW         4806    .bss                c_w.l(libspace.o)
    0x20004410        -       0x00000200   Zero   RW            2    HEAP                startup_stm32f407xx.o
    0x20004610        -       0x00000400   Zero   RW            1    STACK               startup_stm32f407xx.o


    Execution Region RW_IRAM2 (Exec base: 0x2001c000, Load base: 0x08003748, Size: 0x00000000, Max: 0x00004000, ABSOLUTE)

    **** No section assigned to this execution region ****


==============================================================================

Image component sizes


      Code (inc. data)   RO Data    RW Data    ZI Data      Debug   Object Name

        32         10          0          0          0     606615   bsp_buzzer.o
       300         30          0         24        232       4043   bsp_can.o
       184         16          0          8          0       1207   bsp_led.o
       204         22          0          0         40       1721   can.o
       480         58          0          2        536       2128   chasis_task.o
       120          0          0          0          0      23349   cmsis_os.o
         0          0          0          0          0      16924   event_groups.o
       118         14        124         12        596       7217   freertos.o
       128         12          0          0          0        935   gpio.o
       472         24          0         32      15360       7455   heap_4.o
       138          0          0          0          0       3582   list.o
       268         20          0          0          0     722276   main.o
       520         30          0          0          0       3736   pid.o
       702         72          0         12          0      11040   port.o
       176         24          0         12          0       3497   probewave_task.o
        64         26        392          0       1536        848   startup_stm32f407xx.o
       116         18          0         12          0       8758   stm32f4xx_hal.o
      1658          6          0          0          0      14367   stm32f4xx_hal_can.o
       158         14          0          0          0      33190   stm32f4xx_hal_cortex.o
       516         46          0          0          0       2867   stm32f4xx_hal_gpio.o
        56          4          0          0          0        878   stm32f4xx_hal_msp.o
      1380         74          0          0          0       5330   stm32f4xx_hal_rcc.o
      1814        166          0          0          0      14348   stm32f4xx_hal_tim.o
       148         28          0          0          0       2473   stm32f4xx_hal_tim_ex.o
       152         20          0          0         72       1495   stm32f4xx_hal_timebase_tim.o
        48         18          0          0          0       4251   stm32f4xx_it.o
         0          0          0          0          0        404   stream_buffer.o
        16          4         24          4          0       1139   system_stm32f4xx.o
      1520        112          0         60        240      19574   tasks.o
       236         34          0          0         72       2315   tim.o
        98          0          0          0          0       1976   user_lib.o

    ----------------------------------------------------------------------
     11846        902        572        180      18684    1529938   Object Totals
         0          0         32          0          0          0   (incl. Generated)
        24          0          0          2          0          0   (incl. Padding)

    ----------------------------------------------------------------------

      Code (inc. data)   RO Data    RW Data    ZI Data      Debug   Library Member Name

         8          0          0          0          0         68   __main.o
         0          0          0          0          0          0   __rtentry.o
        12          0          0          0          0          0   __rtentry2.o
         6          0          0          0          0          0   __rtentry4.o
        52          8          0          0          0          0   __scatter.o
        26          0          0          0          0          0   __scatter_copy.o
        28          0          0          0          0          0   __scatter_zi.o
        18          0          0          0          0         80   exit.o
         6          0          0          0          0        152   heapauxi.o
         0          0          0          0          0          0   indicate_semi.o
         2          0          0          0          0          0   libinit.o
         6          0          0          0          0          0   libinit2.o
         2          0          0          0          0          0   libshutdown.o
         2          0          0          0          0          0   libshutdown2.o
         8          4          0          0         96         68   libspace.o
       238          0          0          0          0        100   lludivv7m.o
        78          0          0          0          0         80   rt_memclr_w.o
       100          0          0          0          0         80   rt_memcpy_w.o
         2          0          0          0          0          0   rtexit.o
        10          0          0          0          0          0   rtexit2.o
        12          4          0          0          0         68   sys_exit.o
        74          0          0          0          0         80   sys_stackheap_outer.o
         2          0          0          0          0         68   use_no_semi.o
        98          4          0          0          0        140   d2f.o
       340         12          0          0          0        152   dmul.o
       156          4          0          0          0        140   dnaninf.o
        12          0          0          0          0        116   dretinf.o
        86          4          0          0          0        132   f2d.o
       140          4          0          0          0        132   fnaninf.o
        10          0          0          0          0        116   fpinit.o
        10          0          0          0          0        116   fretinf.o
         0          0          0          0          0          0   usenofp.o

    ----------------------------------------------------------------------
      1554         44          0          0         96       1888   Library Totals
        10          0          0          0          0          0   (incl. Padding)

    ----------------------------------------------------------------------

      Code (inc. data)   RO Data    RW Data    ZI Data      Debug   Library Name

       692         16          0          0         96        844   c_w.l
       852         28          0          0          0       1044   fz_wm.l

    ----------------------------------------------------------------------
      1554         44          0          0         96       1888   Library Totals

    ----------------------------------------------------------------------

==============================================================================


      Code (inc. data)   RO Data    RW Data    ZI Data      Debug   

     13400        946        572        180      18780    1518614   Grand Totals
     13400        946        572        180      18780    1518614   ELF Image Totals
     13400        946        572        180          0          0   ROM Totals

==============================================================================

    Total RO  Size (Code + RO Data)                13972 (  13.64kB)
    Total RW  Size (RW Data + ZI Data)             18960 (  18.52kB)
    Total ROM Size (Code + RO Data + RW Data)      14152 (  13.82kB)

==============================================================================

