Component: ARM Compiler 5.06 update 7 (build 960) Tool: armlink [4d3601]

==============================================================================

Section Cross References

    startup_stm32f407xx.o(STACK) refers (Special) to heapauxi.o(.text) for __use_two_region_memory
    startup_stm32f407xx.o(HEAP) refers (Special) to heapauxi.o(.text) for __use_two_region_memory
    startup_stm32f407xx.o(RESET) refers (Special) to heapauxi.o(.text) for __use_two_region_memory
    startup_stm32f407xx.o(RESET) refers to startup_stm32f407xx.o(STACK) for __initial_sp
    startup_stm32f407xx.o(RESET) refers to startup_stm32f407xx.o(.text) for Reset_Handler
    startup_stm32f407xx.o(RESET) refers to stm32f4xx_it.o(i.NMI_Handler) for NMI_Handler
    startup_stm32f407xx.o(RESET) refers to stm32f4xx_it.o(i.HardFault_Handler) for HardFault_Handler
    startup_stm32f407xx.o(RESET) refers to stm32f4xx_it.o(i.MemManage_Handler) for MemManage_Handler
    startup_stm32f407xx.o(RESET) refers to stm32f4xx_it.o(i.BusFault_Handler) for BusFault_Handler
    startup_stm32f407xx.o(RESET) refers to stm32f4xx_it.o(i.UsageFault_Handler) for UsageFault_Handler
    startup_stm32f407xx.o(RESET) refers to port.o(.emb_text) for SVC_Handler
    startup_stm32f407xx.o(RESET) refers to stm32f4xx_it.o(i.DebugMon_Handler) for DebugMon_Handler
    startup_stm32f407xx.o(RESET) refers to port.o(i.SysTick_Handler) for SysTick_Handler
    startup_stm32f407xx.o(RESET) refers to stm32f4xx_it.o(i.CAN1_RX0_IRQHandler) for CAN1_RX0_IRQHandler
    startup_stm32f407xx.o(RESET) refers to stm32f4xx_it.o(i.CAN1_RX1_IRQHandler) for CAN1_RX1_IRQHandler
    startup_stm32f407xx.o(RESET) refers to stm32f4xx_it.o(i.TIM6_DAC_IRQHandler) for TIM6_DAC_IRQHandler
    startup_stm32f407xx.o(RESET) refers to stm32f4xx_it.o(i.CAN2_RX0_IRQHandler) for CAN2_RX0_IRQHandler
    startup_stm32f407xx.o(RESET) refers to stm32f4xx_it.o(i.CAN2_RX1_IRQHandler) for CAN2_RX1_IRQHandler
    startup_stm32f407xx.o(RESET) refers to stm32f4xx_it.o(i.DMA2_Stream6_IRQHandler) for DMA2_Stream6_IRQHandler
    startup_stm32f407xx.o(RESET) refers to stm32f4xx_it.o(i.USART6_IRQHandler) for USART6_IRQHandler
    startup_stm32f407xx.o(.text) refers (Special) to heapauxi.o(.text) for __use_two_region_memory
    startup_stm32f407xx.o(.text) refers to system_stm32f4xx.o(i.SystemInit) for SystemInit
    startup_stm32f407xx.o(.text) refers to __main.o(!!!main) for __main
    startup_stm32f407xx.o(.text) refers to startup_stm32f407xx.o(HEAP) for Heap_Mem
    startup_stm32f407xx.o(.text) refers to startup_stm32f407xx.o(STACK) for Stack_Mem
    main.o(i.HAL_TIM_PeriodElapsedCallback) refers to stm32f4xx_hal.o(i.HAL_IncTick) for HAL_IncTick
    main.o(i.SystemClock_Config) refers to rt_memclr_w.o(.text) for __aeabi_memclr4
    main.o(i.SystemClock_Config) refers to stm32f4xx_hal_rcc.o(i.HAL_RCC_OscConfig) for HAL_RCC_OscConfig
    main.o(i.SystemClock_Config) refers to stm32f4xx_hal_rcc.o(i.HAL_RCC_ClockConfig) for HAL_RCC_ClockConfig
    main.o(i.main) refers to stm32f4xx_hal.o(i.HAL_Init) for HAL_Init
    main.o(i.main) refers to main.o(i.SystemClock_Config) for SystemClock_Config
    main.o(i.main) refers to gpio.o(i.MX_GPIO_Init) for MX_GPIO_Init
    main.o(i.main) refers to dma.o(i.MX_DMA_Init) for MX_DMA_Init
    main.o(i.main) refers to can.o(i.MX_CAN1_Init) for MX_CAN1_Init
    main.o(i.main) refers to tim.o(i.MX_TIM4_Init) for MX_TIM4_Init
    main.o(i.main) refers to tim.o(i.MX_TIM1_Init) for MX_TIM1_Init
    main.o(i.main) refers to usart.o(i.MX_USART6_UART_Init) for MX_USART6_UART_Init
    main.o(i.main) refers to can.o(i.MX_CAN2_Init) for MX_CAN2_Init
    main.o(i.main) refers to stm32f4xx_hal_tim.o(i.HAL_TIM_Base_Start) for HAL_TIM_Base_Start
    main.o(i.main) refers to stm32f4xx_hal_tim.o(i.HAL_TIM_PWM_Start) for HAL_TIM_PWM_Start
    main.o(i.main) refers to uart_com.o(i.usart_start_it) for usart_start_it
    main.o(i.main) refers to bsp_buzzer.o(i.buzzer_on) for buzzer_on
    main.o(i.main) refers to stm32f4xx_hal.o(i.HAL_Delay) for HAL_Delay
    main.o(i.main) refers to bsp_buzzer.o(i.buzzer_off) for buzzer_off
    main.o(i.main) refers to bsp_led.o(i.keyState) for keyState
    main.o(i.main) refers to freertos.o(i.MX_FREERTOS_Init) for MX_FREERTOS_Init
    main.o(i.main) refers to cmsis_os.o(i.osKernelStart) for osKernelStart
    main.o(i.main) refers to tim.o(.bss) for htim4
    gpio.o(i.MX_GPIO_Init) refers to rt_memclr_w.o(.text) for __aeabi_memclr4
    gpio.o(i.MX_GPIO_Init) refers to stm32f4xx_hal_gpio.o(i.HAL_GPIO_WritePin) for HAL_GPIO_WritePin
    gpio.o(i.MX_GPIO_Init) refers to stm32f4xx_hal_gpio.o(i.HAL_GPIO_Init) for HAL_GPIO_Init
    freertos.o(i.Chasis_task) refers to cmsis_os.o(i.osDelay) for osDelay
    freertos.o(i.MX_FREERTOS_Init) refers to rt_memcpy_w.o(.text) for __aeabi_memcpy4
    freertos.o(i.MX_FREERTOS_Init) refers to cmsis_os.o(i.osThreadCreate) for osThreadCreate
    freertos.o(i.MX_FREERTOS_Init) refers to freertos.o(.constdata) for .constdata
[...]
    i.pid_reset                              0x080036c0   Section        0  pid.o(i.pid_reset)
    i.probe_position_init                    0x080036c8   Section        0  probewave_task.o(i.probe_position_init)
    i.prvAddCurrentTaskToDelayedList         0x08003718   Section        0  tasks.o(i.prvAddCurrentTaskToDelayedList)
    prvAddCurrentTaskToDelayedList           0x08003719   Thumb Code   102  tasks.o(i.prvAddCurrentTaskToDelayedList)
    i.prvAddNewTaskToReadyList               0x08003788   Section        0  tasks.o(i.prvAddNewTaskToReadyList)
    prvAddNewTaskToReadyList                 0x08003789   Thumb Code   194  tasks.o(i.prvAddNewTaskToReadyList)
    i.prvDeleteTCB                           0x08003858   Section        0  tasks.o(i.prvDeleteTCB)
    prvDeleteTCB                             0x08003859   Thumb Code    52  tasks.o(i.prvDeleteTCB)
    i.prvHeapInit                            0x0800388c   Section        0  heap_4.o(i.prvHeapInit)
    prvHeapInit                              0x0800388d   Thumb Code    66  heap_4.o(i.prvHeapInit)
    i.prvIdleTask                            0x080038d8   Section        0  tasks.o(i.prvIdleTask)
    prvIdleTask                              0x080038d9   Thumb Code    82  tasks.o(i.prvIdleTask)
    i.prvInitialiseNewTask                   0x08003938   Section        0  tasks.o(i.prvInitialiseNewTask)
    prvInitialiseNewTask                     0x08003939   Thumb Code   152  tasks.o(i.prvInitialiseNewTask)
    i.prvInsertBlockIntoFreeList             0x080039d0   Section        0  heap_4.o(i.prvInsertBlockIntoFreeList)
    prvInsertBlockIntoFreeList               0x080039d1   Thumb Code    72  heap_4.o(i.prvInsertBlockIntoFreeList)
    i.prvResetNextTaskUnblockTime            0x08003a1c   Section        0  tasks.o(i.prvResetNextTaskUnblockTime)
    prvResetNextTaskUnblockTime              0x08003a1d   Thumb Code    26  tasks.o(i.prvResetNextTaskUnblockTime)
    i.prvTaskExitError                       0x08003a3c   Section        0  port.o(i.prvTaskExitError)
    prvTaskExitError                         0x08003a3d   Thumb Code    36  port.o(i.prvTaskExitError)
    i.pvPortMalloc                           0x08003a64   Section        0  heap_4.o(i.pvPortMalloc)
    i.pxPortInitialiseStack                  0x08003b40   Section        0  port.o(i.pxPortInitialiseStack)
    i.set_moto_current_CAN1                  0x08003b6c   Section        0  bsp_can.o(i.set_moto_current_CAN1)
    i.set_moto_current_CAN2                  0x08003bb4   Section        0  bsp_can.o(i.set_moto_current_CAN2)
    i.usart_start_it                         0x08003bfc   Section        0  uart_com.o(i.usart_start_it)
    i.uxListRemove                           0x08003c10   Section        0  list.o(i.uxListRemove)
    i.vApplicationGetIdleTaskMemory          0x08003c38   Section        0  freertos.o(i.vApplicationGetIdleTaskMemory)
    i.vListInitialise                        0x08003c4c   Section        0  list.o(i.vListInitialise)
    i.vListInitialiseItem                    0x08003c62   Section        0  list.o(i.vListInitialiseItem)
    i.vListInsert                            0x08003c68   Section        0  list.o(i.vListInsert)
    i.vListInsertEnd                         0x08003c98   Section        0  list.o(i.vListInsertEnd)
    i.vPortEnterCritical                     0x08003cb0   Section        0  port.o(i.vPortEnterCritical)
    i.vPortExitCritical                      0x08003cf0   Section        0  port.o(i.vPortExitCritical)
    i.vPortFree                              0x08003d18   Section        0  heap_4.o(i.vPortFree)
    i.vPortSetupTimerInterrupt               0x08003d7c   Section        0  port.o(i.vPortSetupTimerInterrupt)
    i.vTaskDelay                             0x08003da0   Section        0  tasks.o(i.vTaskDelay)
    i.vTaskStartScheduler                    0x08003dec   Section        0  tasks.o(i.vTaskStartScheduler)
    i.vTaskSuspendAll                        0x08003e58   Section        0  tasks.o(i.vTaskSuspendAll)
    i.vTaskSwitchContext                     0x08003e68   Section        0  tasks.o(i.vTaskSwitchContext)
    i.xPortStartScheduler                    0x08003ec4   Section        0  port.o(i.xPortStartScheduler)
    i.xTaskCreate                            0x08003fb8   Section        0  tasks.o(i.xTaskCreate)
    i.xTaskCreateStatic                      0x08004012   Section        0  tasks.o(i.xTaskCreateStatic)
    i.xTaskIncrementTick                     0x08004068   Section        0  tasks.o(i.xTaskIncrementTick)
    i.xTaskResumeAll                         0x08004134   Section        0  tasks.o(i.xTaskResumeAll)
    x$fpl$d2f                                0x080041f8   Section       98  d2f.o(x$fpl$d2f)
    $v0                                      0x080041f8   Number         0  d2f.o(x$fpl$d2f)
    x$fpl$ddiv                               0x0800425c   Section      688  ddiv.o(x$fpl$ddiv)
    $v0                                      0x0800425c   Number         0  ddiv.o(x$fpl$ddiv)
    ddiv_entry                               0x08004263   Thumb Code     0  ddiv.o(x$fpl$ddiv)
    x$fpl$dflt                               0x0800450c   Section       46  dflt_clz.o(x$fpl$dflt)
    $v0                                      0x0800450c   Number         0  dflt_clz.o(x$fpl$dflt)
    x$fpl$dmul                               0x0800453c   Section      340  dmul.o(x$fpl$dmul)
    $v0                                      0x0800453c   Number         0  dmul.o(x$fpl$dmul)
    x$fpl$dnaninf                            0x08004690   Section      156  dnaninf.o(x$fpl$dnaninf)
    $v0                                      0x08004690   Number         0  dnaninf.o(x$fpl$dnaninf)
    x$fpl$dretinf                            0x0800472c   Section       12  dretinf.o(x$fpl$dretinf)
    $v0                                      0x0800472c   Number         0  dretinf.o(x$fpl$dretinf)
    x$fpl$f2d                                0x08004738   Section       86  f2d.o(x$fpl$f2d)
    $v0                                      0x08004738   Number         0  f2d.o(x$fpl$f2d)
    x$fpl$fnaninf                            0x0800478e   Section      140  fnaninf.o(x$fpl$fnaninf)
    $v0                                      0x0800478e   Number         0  fnaninf.o(x$fpl$fnaninf)
    x$fpl$fpinit                             0x0800481a   Section       10  fpinit.o(x$fpl$fpinit)
    $v0                                      0x0800481a   Number         0  fpinit.o(x$fpl$fpinit)
    x$fpl$fretinf                            0x08004824   Section       10  fretinf.o(x$fpl$fretinf)
    $v0                                      0x08004824   Number         0  fretinf.o(x$fpl$fretinf)
    x$fpl$usenofp                            0x0800482e   Section        0  usenofp.o(x$fpl$usenofp)
    .constdata                               0x08004830   Section      112  freertos.o(.constdata)
    .constdata                               0x080048a0   Section        8  stm32f4xx_hal_dma.o(.constdata)
    flagBitshiftOffset                       0x080048a0   Data           8  stm32f4xx_hal_dma.o(.constdata)
    .constdata                               0x080048a8   Section       16  system_stm32f4xx.o(.constdata)
    .constdata                               0x080048b8   Section        8  system_stm32f4xx.o(.constdata)
    .conststring                             0x080048c0   Section       52  freertos.o(.conststring)
    .data                                    0x20000000   Section       16  freertos.o(.data)
    .data                                    0x20000010   Section        4  can.o(.data)
    HAL_RCC_CAN1_CLK_ENABLED                 0x20000010   Data           4  can.o(.data)
    .data                                    0x20000014   Section       12  stm32f4xx_hal.o(.data)
    .data                                    0x20000020   Section        4  system_stm32f4xx.o(.data)
    .data                                    0x20000024   Section       60  tasks.o(.data)
    uxDeletedTasksWaitingCleanUp             0x20000028   Data           4  tasks.o(.data)
    uxCurrentNumberOfTasks                   0x2000002c   Data           4  tasks.o(.data)
    xTickCount                               0x20000030   Data           4  tasks.o(.data)
    uxTopReadyPriority                       0x20000034   Data           4  tasks.o(.data)
    xSchedulerRunning                        0x20000038   Data           4  tasks.o(.data)
    xPendedTicks                             0x2000003c   Data           4  tasks.o(.data)
    xYieldPending                            0x20000040   Data           4  tasks.o(.data)
    xNumOfOverflows                          0x20000044   Data           4  tasks.o(.data)
    uxTaskNumber                             0x20000048   Data           4  tasks.o(.data)
    xNextTaskUnblockTime                     0x2000004c   Data           4  tasks.o(.data)
    xIdleTaskHandle                          0x20000050   Data           4  tasks.o(.data)
    uxSchedulerSuspended                     0x20000054   Data           4  tasks.o(.data)
    pxDelayedTaskList                        0x20000058   Data           4  tasks.o(.data)
    pxOverflowDelayedTaskList                0x2000005c   Data           4  tasks.o(.data)
    .data                                    0x20000060   Section       32  heap_4.o(.data)
    pxEnd                                    0x20000060   Data           4  heap_4.o(.data)
    xFreeBytesRemaining                      0x20000064   Data           4  heap_4.o(.data)
    xMinimumEverFreeBytesRemaining           0x20000068   Data           4  heap_4.o(.data)
    xNumberOfSuccessfulAllocations           0x2000006c   Data           4  heap_4.o(.data)
    xNumberOfSuccessfulFrees                 0x20000070   Data           4  heap_4.o(.data)
    xBlockAllocatedBit                       0x20000074   Data           4  heap_4.o(.data)
    xStart                                   0x20000078   Data           8  heap_4.o(.data)
    .data                                    0x20000080   Section       12  port.o(.data)
    ucMaxSysCallPriority                     0x20000080   Data           1  port.o(.data)
    uxCriticalNesting                        0x20000084   Data           4  port.o(.data)
    ulMaxPRIGROUPValue                       0x20000088   Data           4  port.o(.data)
    .data                                    0x2000008c   Section       34  bsp_can.o(.data)
    i                                        0x2000008c   Data           1  bsp_can.o(.data)
    j                                        0x2000008d   Data           1  bsp_can.o(.data)
    .data                                    0x200000b0   Section        8  bsp_led.o(.data)
    t                                        0x200000b0   Data           1  bsp_led.o(.data)
    i                                        0x200000b4   Data           4  bsp_led.o(.data)
    .data                                    0x200000b8   Section       12  probewave_task.o(.data)
    .data                                    0x200000c8   Section       36  chasis_task.o(.data)
    .data                                    0x200000ec   Section       11  uart_com.o(.data)
    ucRxCnt                                  0x200000ec   Data           1  uart_com.o(.data)
    .bss                                     0x200000f8   Section      596  freertos.o(.bss)
    xIdleTaskTCBBuffer                       0x200000f8   Data          84  freertos.o(.bss)
    xIdleStack                               0x2000014c   Data         512  freertos.o(.bss)
    .bss                                     0x2000034c   Section       80  can.o(.bss)
    .bss                                     0x2000039c   Section      144  tim.o(.bss)
    .bss                                     0x2000042c   Section      164  usart.o(.bss)
    .bss                                     0x200004d0   Section       72  stm32f4xx_hal_timebase_tim.o(.bss)
    .bss                                     0x20000518   Section      240  tasks.o(.bss)
    pxReadyTasksLists                        0x20000518   Data         140  tasks.o(.bss)
    xDelayedTaskList1                        0x200005a4   Data          20  tasks.o(.bss)
    xDelayedTaskList2                        0x200005b8   Data          20  tasks.o(.bss)
    xPendingReadyList                        0x200005cc   Data          20  tasks.o(.bss)
    xTasksWaitingTermination                 0x200005e0   Data          20  tasks.o(.bss)
    xSuspendedTaskList                       0x200005f4   Data          20  tasks.o(.bss)
    .bss                                     0x20000608   Section    15360  heap_4.o(.bss)
    ucHeap                                   0x20000608   Data       15360  heap_4.o(.bss)
    .bss                                     0x20004208   Section      284  bsp_can.o(.bss)
    .bss                                     0x20004324   Section      640  chasis_task.o(.bss)
    .bss                                     0x200045a4   Section       96  libspace.o(.bss)
    HEAP                                     0x20004608   Section     2048  startup_stm32f407xx.o(HEAP)
    Heap_Mem                                 0x20004608   Data        2048  startup_stm32f407xx.o(HEAP)
    STACK                                    0x20004e08   Section     5632  startup_stm32f407xx.o(STACK)
    Stack_Mem                                0x20004e08   Data        5632  startup_stm32f407xx.o(STACK)
    __initial_sp                             0x20006408   Data           0  startup_stm32f407xx.o(STACK)

    Global Symbols

    Symbol Name                              Value     Ov Type        Size  Object(Section)

    BuildAttributes$$THM_ISAv4$E$P$D$K$B$S$7EM$VFPi3$EXTD16$VFPS$VFMA$PE$A:L22UL41UL21$X:L11$S22US41US21$IEEE1$IW$USESV6$~STKCKD$USESV7$~SHL$OSPACE$ROPI$EBA8$UX$STANDARDLIB$REQ8$PRES8$EABIv2 0x00000000   Number         0  anon$$obj.o ABSOLUTE
    __ARM_use_no_argv                        0x00000000   Number         0  main.o ABSOLUTE
    __ARM_exceptions_init                     - Undefined Weak Reference
    __alloca_initialize                       - Undefined Weak Reference
    __arm_fini_                               - Undefined Weak Reference
    __arm_preinit_                            - Undefined Weak Reference
    __cpp_initialize__aeabi_                  - Undefined Weak Reference
    __cxa_finalize                            - Undefined Weak Reference
    __rt_locale                               - Undefined Weak Reference
    __sigvec_lookup                           - Undefined Weak Reference
    _atexit_init                              - Undefined Weak Reference
    _call_atexit_fns                          - Undefined Weak Reference
    _clock_init                               - Undefined Weak Reference
    _fp_trap_init                             - Undefined Weak Reference
    _fp_trap_shutdown                         - Undefined Weak Reference
    _get_lc_collate                           - Undefined Weak Reference
    _get_lc_ctype                             - Undefined Weak Reference
    _get_lc_monetary                          - Undefined Weak Reference
    _get_lc_numeric                           - Undefined Weak Reference
    _get_lc_time                              - Undefined Weak Reference
    _getenv_init                              - Undefined Weak Reference
    _handle_redirection                       - Undefined Weak Reference
    _init_alloc                               - Undefined Weak Reference
    _init_user_alloc                          - Undefined Weak Reference
    _initio                                   - Undefined Weak Reference
    _rand_init                                - Undefined Weak Reference
    _signal_finish                            - Undefined Weak Reference
    _signal_init                              - Undefined Weak Reference
    _terminate_alloc                          - Undefined Weak Reference
    _terminate_user_alloc                     - Undefined Weak Reference
    _terminateio                              - Undefined Weak Reference
    __Vectors_Size                           0x00000188   Number         0  startup_stm32f407xx.o ABSOLUTE
    __Vectors                                0x08000000   Data           4  startup_stm32f407xx.o(RESET)
    __Vectors_End                            0x08000188   Data           0  startup_stm32f407xx.o(RESET)
    __main                                   0x08000189   Thumb Code     8  __main.o(!!!main)
    __scatterload                            0x08000191   Thumb Code     0  __scatter.o(!!!scatter)
    __scatterload_rt2                        0x08000191   Thumb Code    44  __scatter.o(!!!scatter)
    __scatterload_rt2_thumb_only             0x08000191   Thumb Code     0  __scatter.o(!!!scatter)
    __scatterload_null                       0x0800019f   Thumb Code     0  __scatter.o(!!!scatter)
    __scatterload_copy                       0x080001c5   Thumb Code    26  __scatter_copy.o(!!handler_copy)
    __scatterload_zeroinit                   0x080001e1   Thumb Code    28  __scatter_zi.o(!!handler_zi)
    __rt_lib_init                            0x080001fd   Thumb Code     0  libinit.o(.ARM.Collect$$libinit$$00000000)
    __rt_lib_init_fp_1                       0x080001ff   Thumb Code     0  libinit2.o(.ARM.Collect$$libinit$$00000001)
    __rt_lib_init_alloca_1                   0x08000203   Thumb Code     0  libinit2.o(.ARM.Collect$$libinit$$0000002E)
    __rt_lib_init_argv_1                     0x08000203   Thumb Code     0  libinit2.o(.ARM.Collect$$libinit$$0000002C)
    __rt_lib_init_atexit_1                   0x08000203   Thumb Code     0  libinit2.o(.ARM.Collect$$libinit$$0000001B)
    __rt_lib_init_clock_1                    0x08000203   Thumb Code     0  libinit2.o(.ARM.Collect$$libinit$$00000021)
    __rt_lib_init_cpp_1                      0x08000203   Thumb Code     0  libinit2.o(.ARM.Collect$$libinit$$00000032)
    __rt_lib_init_exceptions_1               0x08000203   Thumb Code     0  libinit2.o(.ARM.Collect$$libinit$$00000030)
    __rt_lib_init_fp_trap_1                  0x08000203   Thumb Code     0  libinit2.o(.ARM.Collect$$libinit$$0000001F)
    __rt_lib_init_getenv_1                   0x08000203   Thumb Code     0  libinit2.o(.ARM.Collect$$libinit$$00000023)
    __rt_lib_init_heap_1                     0x08000203   Thumb Code     0  libinit2.o(.ARM.Collect$$libinit$$0000000A)
    __rt_lib_init_lc_collate_1               0x08000203   Thumb Code     0  libinit2.o(.ARM.Collect$$libinit$$00000011)
    __rt_lib_init_lc_ctype_1                 0x08000203   Thumb Code     0  libinit2.o(.ARM.Collect$$libinit$$00000013)
    __rt_lib_init_lc_monetary_1              0x08000203   Thumb Code     0  libinit2.o(.ARM.Collect$$libinit$$00000015)
    __rt_lib_init_lc_numeric_1               0x08000203   Thumb Code     0  libinit2.o(.ARM.Collect$$libinit$$00000017)
    __rt_lib_init_lc_time_1                  0x08000203   Thumb Code     0  libinit2.o(.ARM.Collect$$libinit$$00000019)
    __rt_lib_init_preinit_1                  0x08000203   Thumb Code     0  libinit2.o(.ARM.Collect$$libinit$$00000004)
    __rt_lib_init_rand_1                     0x08000203   Thumb Code     0  libinit2.o(.ARM.Collect$$libinit$$0000000E)
    __rt_lib_init_return                     0x08000203   Thumb Code     0  libinit2.o(.ARM.Collect$$libinit$$00000033)
    __rt_lib_init_signal_1                   0x08000203   Thumb Code     0  libinit2.o(.ARM.Collect$$libinit$$0000001D)
    __rt_lib_init_stdio_1                    0x08000203   Thumb Code     0  libinit2.o(.ARM.Collect$$libinit$$00000025)
    __rt_lib_init_user_alloc_1               0x08000203   Thumb Code     0  libinit2.o(.ARM.Collect$$libinit$$0000000C)
    __rt_lib_shutdown                        0x08000205   Thumb Code     0  libshutdown.o(.ARM.Collect$$libshutdown$$00000000)
    __rt_lib_shutdown_cpp_1                  0x08000207   Thumb Code     0  libshutdown2.o(.ARM.Collect$$libshutdown$$00000004)
    __rt_lib_shutdown_fini_1                 0x08000207   Thumb Code     0  libshutdown2.o(.ARM.Collect$$libshutdown$$00000002)
    __rt_lib_shutdown_fp_trap_1              0x08000207   Thumb Code     0  libshutdown2.o(.ARM.Collect$$libshutdown$$00000009)
    __rt_lib_shutdown_heap_1                 0x08000207   Thumb Code     0  libshutdown2.o(.ARM.Collect$$libshutdown$$00000011)
    __rt_lib_shutdown_return                 0x08000207   Thumb Code     0  libshutdown2.o(.ARM.Collect$$libshutdown$$00000012)
    __rt_lib_shutdown_signal_1               0x08000207   Thumb Code     0  libshutdown2.o(.ARM.Collect$$libshutdown$$0000000C)
    __rt_lib_shutdown_stdio_1                0x08000207   Thumb Code     0  libshutdown2.o(.ARM.Collect$$libshutdown$$00000006)
    __rt_lib_shutdown_user_alloc_1           0x08000207   Thumb Code     0  libshutdown2.o(.ARM.Collect$$libshutdown$$0000000E)
    __rt_entry                               0x08000209   Thumb Code     0  __rtentry.o(.ARM.Collect$$rtentry$$00000000)
    __rt_entry_presh_1                       0x08000209   Thumb Code     0  __rtentry2.o(.ARM.Collect$$rtentry$$00000002)
    __rt_entry_sh                            0x08000209   Thumb Code     0  __rtentry4.o(.ARM.Collect$$rtentry$$00000004)
    __rt_entry_li                            0x0800020f   Thumb Code     0  __rtentry2.o(.ARM.Collect$$rtentry$$0000000A)
    __rt_entry_postsh_1                      0x0800020f   Thumb Code     0  __rtentry2.o(.ARM.Collect$$rtentry$$00000009)
    __rt_entry_main                          0x08000213   Thumb Code     0  __rtentry2.o(.ARM.Collect$$rtentry$$0000000D)
    __rt_entry_postli_1                      0x08000213   Thumb Code     0  __rtentry2.o(.ARM.Collect$$rtentry$$0000000C)
    __rt_exit                                0x0800021b   Thumb Code     0  rtexit.o(.ARM.Collect$$rtexit$$00000000)
    __rt_exit_ls                             0x0800021d   Thumb Code     0  rtexit2.o(.ARM.Collect$$rtexit$$00000003)
    __rt_exit_prels_1                        0x0800021d   Thumb Code     0  rtexit2.o(.ARM.Collect$$rtexit$$00000002)
    __rt_exit_exit                           0x08000221   Thumb Code     0  rtexit2.o(.ARM.Collect$$rtexit$$00000004)
    SVC_Handler                              0x08000229   Thumb Code    28  port.o(.emb_text)
    __asm___6_port_c_39a90d8d__prvStartFirstTask 0x08000249   Thumb Code    36  port.o(.emb_text)
    __asm___6_port_c_39a90d8d__prvEnableVFP  0x08000271   Thumb Code    16  port.o(.emb_text)
    PendSV_Handler                           0x08000285   Thumb Code    88  port.o(.emb_text)
    vPortGetIPSR                             0x080002e1   Thumb Code     6  port.o(.emb_text)
    Reset_Handler                            0x080002e9   Thumb Code     8  startup_stm32f407xx.o(.text)
    ADC_IRQHandler                           0x08000303   Thumb Code     0  startup_stm32f407xx.o(.text)
    CAN1_SCE_IRQHandler                      0x08000303   Thumb Code     0  startup_stm32f407xx.o(.text)
    CAN1_TX_IRQHandler                       0x08000303   Thumb Code     0  startup_stm32f407xx.o(.text)
    CAN2_SCE_IRQHandler                      0x08000303   Thumb Code     0  startup_stm32f407xx.o(.text)
    CAN2_TX_IRQHandler                       0x08000303   Thumb Code     0  startup_stm32f407xx.o(.text)
    DCMI_IRQHandler                          0x08000303   Thumb Code     0  startup_stm32f407xx.o(.text)
    DMA1_Stream0_IRQHandler                  0x08000303   Thumb Code     0  startup_stm32f407xx.o(.text)
    DMA1_Stream1_IRQHandler                  0x08000303   Thumb Code     0  startup_stm32f407xx.o(.text)
    DMA1_Stream2_IRQHandler                  0x08000303   Thumb Code     0  startup_stm32f407xx.o(.text)
    DMA1_Stream3_IRQHandler                  0x08000303   Thumb Code     0  startup_stm32f407xx.o(.text)
    DMA1_Stream4_IRQHandler                  0x08000303   Thumb Code     0  startup_stm32f407xx.o(.text)
    DMA1_Stream5_IRQHandler                  0x08000303   Thumb Code     0  startup_stm32f407xx.o(.text)
    DMA1_Stream6_IRQHandler                  0x08000303   Thumb Code     0  startup_stm32f407xx.o(.text)
    DMA1_Stream7_IRQHandler                  0x08000303   Thumb Code     0  startup_stm32f407xx.o(.text)
    DMA2_Stream0_IRQHandler                  0x08000303   Thumb Code     0  startup_stm32f407xx.o(.text)
    DMA2_Stream1_IRQHandler                  0x08000303   Thumb Code     0  startup_stm32f407xx.o(.text)
    DMA2_Stream2_IRQHandler                  0x08000303   Thumb Code     0  startup_stm32f407xx.o(.text)
    DMA2_Stream3_IRQHandler                  0x08000303   Thumb Code     0  startup_stm32f407xx.o(.text)
    DMA2_Stream4_IRQHandler                  0x08000303   Thumb Code     0  startup_stm32f407xx.o(.text)
    DMA2_Stream5_IRQHandler                  0x08000303   Thumb Code     0  startup_stm32f407xx.o(.text)
    DMA2_Stream7_IRQHandler                  0x08000303   Thumb Code     0  startup_stm32f407xx.o(.text)
    ETH_IRQHandler                           0x08000303   Thumb Code     0  startup_stm32f407xx.o(.text)
    ETH_WKUP_IRQHandler                      0x08000303   Thumb Code     0  startup_stm32f407xx.o(.text)
    EXTI0_IRQHandler                         0x08000303   Thumb Code     0  startup_stm32f407xx.o(.text)
    EXTI15_10_IRQHandler                     0x08000303   Thumb Code     0  startup_stm32f407xx.o(.text)
    EXTI1_IRQHandler                         0x08000303   Thumb Code     0  startup_stm32f407xx.o(.text)
    EXTI2_IRQHandler                         0x08000303   Thumb Code     0  startup_stm32f407xx.o(.text)
    EXTI3_IRQHandler                         0x08000303   Thumb Code     0  startup_stm32f407xx.o(.text)
    EXTI4_IRQHandler                         0x08000303   Thumb Code     0  startup_stm32f407xx.o(.text)
    EXTI9_5_IRQHandler                       0x08000303   Thumb Code     0  startup_stm32f407xx.o(.text)
    FLASH_IRQHandler                         0x08000303   Thumb Code     0  startup_stm32f407xx.o(.text)
    FMC_IRQHandler                           0x08000303   Thumb Code     0  startup_stm32f407xx.o(.text)
    FPU_IRQHandler                           0x08000303   Thumb Code     0  startup_stm32f407xx.o(.text)
    HASH_RNG_IRQHandler                      0x08000303   Thumb Code     0  startup_stm32f407xx.o(.text)
    I2C1_ER_IRQHandler                       0x08000303   Thumb Code     0  startup_stm32f407xx.o(.text)
    I2C1_EV_IRQHandler                       0x08000303   Thumb Code     0  startup_stm32f407xx.o(.text)
    I2C2_ER_IRQHandler                       0x08000303   Thumb Code     0  startup_stm32f407xx.o(.text)
    I2C2_EV_IRQHandler                       0x08000303   Thumb Code     0  startup_stm32f407xx.o(.text)
    I2C3_ER_IRQHandler                       0x08000303   Thumb Code     0  startup_stm32f407xx.o(.text)
    I2C3_EV_IRQHandler                       0x08000303   Thumb Code     0  startup_stm32f407xx.o(.text)
    OTG_FS_IRQHandler                        0x08000303   Thumb Code     0  startup_stm32f407xx.o(.text)
    OTG_FS_WKUP_IRQHandler                   0x08000303   Thumb Code     0  startup_stm32f407xx.o(.text)
    OTG_HS_EP1_IN_IRQHandler                 0x08000303   Thumb Code     0  startup_stm32f407xx.o(.text)
    OTG_HS_EP1_OUT_IRQHandler                0x08000303   Thumb Code     0  startup_stm32f407xx.o(.text)
    OTG_HS_IRQHandler                        0x08000303   Thumb Code     0  startup_stm32f407xx.o(.text)
    OTG_HS_WKUP_IRQHandler                   0x08000303   Thumb Code     0  startup_stm32f407xx.o(.text)
    PVD_IRQHandler                           0x08000303   Thumb Code     0  startup_stm32f407xx.o(.text)
    RCC_IRQHandler                           0x08000303   Thumb Code     0  startup_stm32f407xx.o(.text)
    RTC_Alarm_IRQHandler                     0x08000303   Thumb Code     0  startup_stm32f407xx.o(.text)
    RTC_WKUP_IRQHandler                      0x08000303   Thumb Code     0  startup_stm32f407xx.o(.text)
    SDIO_IRQHandler                          0x08000303   Thumb Code     0  startup_stm32f407xx.o(.text)
    SPI1_IRQHandler                          0x08000303   Thumb Code     0  startup_stm32f407xx.o(.text)
    SPI2_IRQHandler                          0x08000303   Thumb Code     0  startup_stm32f407xx.o(.text)
    SPI3_IRQHandler                          0x08000303   Thumb Code     0  startup_stm32f407xx.o(.text)
    TAMP_STAMP_IRQHandler                    0x08000303   Thumb Code     0  startup_stm32f407xx.o(.text)
    TIM1_BRK_TIM9_IRQHandler                 0x08000303   Thumb Code     0  startup_stm32f407xx.o(.text)
    TIM1_CC_IRQHandler                       0x08000303   Thumb Code     0  startup_stm32f407xx.o(.text)
    TIM1_TRG_COM_TIM11_IRQHandler            0x08000303   Thumb Code     0  startup_stm32f407xx.o(.text)
    TIM1_UP_TIM10_IRQHandler                 0x08000303   Thumb Code     0  startup_stm32f407xx.o(.text)
    TIM2_IRQHandler                          0x08000303   Thumb Code     0  startup_stm32f407xx.o(.text)
    TIM3_IRQHandler                          0x08000303   Thumb Code     0  startup_stm32f407xx.o(.text)
    TIM4_IRQHandler                          0x08000303   Thumb Code     0  startup_stm32f407xx.o(.text)
    TIM5_IRQHandler                          0x08000303   Thumb Code     0  startup_stm32f407xx.o(.text)
    TIM7_IRQHandler                          0x08000303   Thumb Code     0  startup_stm32f407xx.o(.text)
    TIM8_BRK_TIM12_IRQHandler                0x08000303   Thumb Code     0  startup_stm32f407xx.o(.text)
    TIM8_CC_IRQHandler                       0x08000303   Thumb Code     0  startup_stm32f407xx.o(.text)
    TIM8_TRG_COM_TIM14_IRQHandler            0x08000303   Thumb Code     0  startup_stm32f407xx.o(.text)
    TIM8_UP_TIM13_IRQHandler                 0x08000303   Thumb Code     0  startup_stm32f407xx.o(.text)
    UART4_IRQHandler                         0x08000303   Thumb Code     0  startup_stm32f407xx.o(.text)
    UART5_IRQHandler                         0x08000303   Thumb Code     0  startup_stm32f407xx.o(.text)
    USART1_IRQHandler                        0x08000303   Thumb Code     0  startup_stm32f407xx.o(.text)
    USART2_IRQHandler                        0x08000303   Thumb Code     0  startup_stm32f407xx.o(.text)
    USART3_IRQHandler                        0x08000303   Thumb Code     0  startup_stm32f407xx.o(.text)
    WWDG_IRQHandler                          0x08000303   Thumb Code     0  startup_stm32f407xx.o(.text)
    __user_initial_stackheap                 0x08000305   Thumb Code     0  startup_stm32f407xx.o(.text)
    __aeabi_uldivmod                         0x08000329   Thumb Code     0  lludivv7m.o(.text)
    _ll_udiv                                 0x08000329   Thumb Code   238  lludivv7m.o(.text)
    __aeabi_memcpy4                          0x08000417   Thumb Code     0  rt_memcpy_w.o(.text)
    __aeabi_memcpy8                          0x08000417   Thumb Code     0  rt_memcpy_w.o(.text)
    __rt_memcpy_w                            0x08000417   Thumb Code   100  rt_memcpy_w.o(.text)
    _memcpy_lastbytes_aligned                0x0800045f   Thumb Code     0  rt_memcpy_w.o(.text)
    __aeabi_memclr4                          0x0800047b   Thumb Code     0  rt_memclr_w.o(.text)
    __aeabi_memclr8                          0x0800047b   Thumb Code     0  rt_memclr_w.o(.text)
    __rt_memclr_w                            0x0800047b   Thumb Code    78  rt_memclr_w.o(.text)
    _memset_w                                0x0800047f   Thumb Code     0  rt_memclr_w.o(.text)
    __use_two_region_memory                  0x080004c9   Thumb Code     2  heapauxi.o(.text)
    __rt_heap_escrow$2region                 0x080004cb   Thumb Code     2  heapauxi.o(.text)
    __rt_heap_expand$2region                 0x080004cd   Thumb Code     2  heapauxi.o(.text)
    __user_setup_stackheap                   0x080004cf   Thumb Code    74  sys_stackheap_outer.o(.text)
    exit                                     0x08000519   Thumb Code    18  exit.o(.text)
    __user_libspace                          0x0800052d   Thumb Code     8  libspace.o(.text)
    __user_perproc_libspace                  0x0800052d   Thumb Code     0  libspace.o(.text)
    __user_perthread_libspace                0x0800052d   Thumb Code     0  libspace.o(.text)
    _sys_exit                                0x08000535   Thumb Code     8  sys_exit.o(.text)
    __I$use$semihosting                      0x08000541   Thumb Code     0  use_no_semi.o(.text)
    __use_no_semihosting_swi                 0x08000541   Thumb Code     2  use_no_semi.o(.text)
    BusFault_Handler                         0x08000543   Thumb Code     2  stm32f4xx_it.o(i.BusFault_Handler)
    __semihosting_library_function           0x08000543   Thumb Code     0  indicate_semi.o(.text)
    CAN1_RX0_IRQHandler                      0x08000545   Thumb Code     6  stm32f4xx_it.o(i.CAN1_RX0_IRQHandler)
    CAN1_RX1_IRQHandler                      0x08000551   Thumb Code     6  stm32f4xx_it.o(i.CAN1_RX1_IRQHandler)
    CAN2_RX0_IRQHandler                      0x0800055d   Thumb Code     6  stm32f4xx_it.o(i.CAN2_RX0_IRQHandler)
    CAN2_RX1_IRQHandler                      0x08000569   Thumb Code     6  stm32f4xx_it.o(i.CAN2_RX1_IRQHandler)
    Chasis_task                              0x08000575   Thumb Code   466  chasis_task.o(i.Chasis_task)
    DMA2_Stream6_IRQHandler                  0x08000789   Thumb Code     6  stm32f4xx_it.o(i.DMA2_Stream6_IRQHandler)
    DebugMon_Handler                         0x08000811   Thumb Code     2  stm32f4xx_it.o(i.DebugMon_Handler)
    Error_Handler                            0x08000813   Thumb Code     4  main.o(i.Error_Handler)
    HAL_CAN_ActivateNotification             0x08000817   Thumb Code    36  stm32f4xx_hal_can.o(i.HAL_CAN_ActivateNotification)
    HAL_CAN_AddTxMessage                     0x0800083b   Thumb Code   220  stm32f4xx_hal_can.o(i.HAL_CAN_AddTxMessage)
    HAL_CAN_ConfigFilter                     0x08000919   Thumb Code   262  stm32f4xx_hal_can.o(i.HAL_CAN_ConfigFilter)
    HAL_CAN_ErrorCallback                    0x08000a25   Thumb Code     2  stm32f4xx_hal_can.o(i.HAL_CAN_ErrorCallback)
    HAL_CAN_GetRxMessage                     0x08000a27   Thumb Code   232  stm32f4xx_hal_can.o(i.HAL_CAN_GetRxMessage)
    HAL_CAN_IRQHandler                       0x08000b0f   Thumb Code   508  stm32f4xx_hal_can.o(i.HAL_CAN_IRQHandler)
    HAL_CAN_Init                             0x08000d0b   Thumb Code   282  stm32f4xx_hal_can.o(i.HAL_CAN_Init)
    HAL_CAN_MspInit                          0x08000e25   Thumb Code   258  can.o(i.HAL_CAN_MspInit)
    HAL_CAN_RxFifo0FullCallback              0x08000f41   Thumb Code     2  stm32f4xx_hal_can.o(i.HAL_CAN_RxFifo0FullCallback)
    HAL_CAN_RxFifo0MsgPendingCallback        0x08000f45   Thumb Code   162  bsp_can.o(i.HAL_CAN_RxFifo0MsgPendingCallback)
    HAL_CAN_RxFifo1FullCallback              0x08001005   Thumb Code     2  stm32f4xx_hal_can.o(i.HAL_CAN_RxFifo1FullCallback)
    HAL_CAN_RxFifo1MsgPendingCallback        0x08001007   Thumb Code     2  stm32f4xx_hal_can.o(i.HAL_CAN_RxFifo1MsgPendingCallback)
    HAL_CAN_SleepCallback                    0x08001009   Thumb Code     2  stm32f4xx_hal_can.o(i.HAL_CAN_SleepCallback)
    HAL_CAN_Start                            0x0800100d   Thumb Code    88  stm32f4xx_hal_can.o(i.HAL_CAN_Start)
    HAL_CAN_TxMailbox0AbortCallback          0x08001065   Thumb Code     2  stm32f4xx_hal_can.o(i.HAL_CAN_TxMailbox0AbortCallback)
    HAL_CAN_TxMailbox0CompleteCallback       0x08001067   Thumb Code     2  stm32f4xx_hal_can.o(i.HAL_CAN_TxMailbox0CompleteCallback)
    HAL_CAN_TxMailbox1AbortCallback          0x08001069   Thumb Code     2  stm32f4xx_hal_can.o(i.HAL_CAN_TxMailbox1AbortCallback)
    HAL_CAN_TxMailbox1CompleteCallback       0x0800106b   Thumb Code     2  stm32f4xx_hal_can.o(i.HAL_CAN_TxMailbox1CompleteCallback)
    HAL_CAN_TxMailbox2AbortCallback          0x0800106d   Thumb Code     2  stm32f4xx_hal_can.o(i.HAL_CAN_TxMailbox2AbortCallback)
    HAL_CAN_TxMailbox2CompleteCallback       0x0800106f   Thumb Code     2  stm32f4xx_hal_can.o(i.HAL_CAN_TxMailbox2CompleteCallback)
    HAL_CAN_WakeUpFromRxMsgCallback          0x08001071   Thumb Code     2  stm32f4xx_hal_can.o(i.HAL_CAN_WakeUpFromRxMsgCallback)
    HAL_DMA_Abort                            0x08001073   Thumb Code   146  stm32f4xx_hal_dma.o(i.HAL_DMA_Abort)
    HAL_DMA_Abort_IT                         0x08001105   Thumb Code    36  stm32f4xx_hal_dma.o(i.HAL_DMA_Abort_IT)
    HAL_DMA_IRQHandler                       0x08001129   Thumb Code   412  stm32f4xx_hal_dma.o(i.HAL_DMA_IRQHandler)
    HAL_DMA_Init                             0x080012c9   Thumb Code   206  stm32f4xx_hal_dma.o(i.HAL_DMA_Init)
    HAL_Delay                                0x0800139d   Thumb Code    32  stm32f4xx_hal.o(i.HAL_Delay)
    HAL_GPIO_Init                            0x080013c1   Thumb Code   450  stm32f4xx_hal_gpio.o(i.HAL_GPIO_Init)
    HAL_GPIO_ReadPin                         0x080015b1   Thumb Code    10  stm32f4xx_hal_gpio.o(i.HAL_GPIO_ReadPin)
    HAL_GPIO_WritePin                        0x080015bb   Thumb Code    10  stm32f4xx_hal_gpio.o(i.HAL_GPIO_WritePin)
    HAL_GetTick                              0x080015c5   Thumb Code     6  stm32f4xx_hal.o(i.HAL_GetTick)
    HAL_IncTick                              0x080015d1   Thumb Code    12  stm32f4xx_hal.o(i.HAL_IncTick)
    HAL_Init                                 0x080015e1   Thumb Code    48  stm32f4xx_hal.o(i.HAL_Init)
    HAL_InitTick                             0x08001615   Thumb Code   132  stm32f4xx_hal_timebase_tim.o(i.HAL_InitTick)
    HAL_MspInit                              0x080016ad   Thumb Code    52  stm32f4xx_hal_msp.o(i.HAL_MspInit)
    HAL_NVIC_EnableIRQ                       0x080016e5   Thumb Code    26  stm32f4xx_hal_cortex.o(i.HAL_NVIC_EnableIRQ)
    HAL_NVIC_SetPriority                     0x08001701   Thumb Code    60  stm32f4xx_hal_cortex.o(i.HAL_NVIC_SetPriority)
    HAL_NVIC_SetPriorityGrouping             0x08001741   Thumb Code    26  stm32f4xx_hal_cortex.o(i.HAL_NVIC_SetPriorityGrouping)
    HAL_RCC_ClockConfig                      0x08001765   Thumb Code   288  stm32f4xx_hal_rcc.o(i.HAL_RCC_ClockConfig)
    HAL_RCC_GetClockConfig                   0x08001899   Thumb Code    54  stm32f4xx_hal_rcc.o(i.HAL_RCC_GetClockConfig)
    HAL_RCC_GetPCLK1Freq                     0x080018d9   Thumb Code    20  stm32f4xx_hal_rcc.o(i.HAL_RCC_GetPCLK1Freq)
    HAL_RCC_GetPCLK2Freq                     0x080018f9   Thumb Code    20  stm32f4xx_hal_rcc.o(i.HAL_RCC_GetPCLK2Freq)
    HAL_RCC_GetSysClockFreq                  0x08001919   Thumb Code    88  stm32f4xx_hal_rcc.o(i.HAL_RCC_GetSysClockFreq)
    HAL_RCC_OscConfig                        0x0800197d   Thumb Code   856  stm32f4xx_hal_rcc.o(i.HAL_RCC_OscConfig)
    HAL_TIMEx_BreakCallback                  0x08001ce9   Thumb Code     2  stm32f4xx_hal_tim_ex.o(i.HAL_TIMEx_BreakCallback)
    HAL_TIMEx_CommutCallback                 0x08001ceb   Thumb Code     2  stm32f4xx_hal_tim_ex.o(i.HAL_TIMEx_CommutCallback)
    HAL_TIMEx_ConfigBreakDeadTime            0x08001ced   Thumb Code    84  stm32f4xx_hal_tim_ex.o(i.HAL_TIMEx_ConfigBreakDeadTime)
    HAL_TIMEx_MasterConfigSynchronization    0x08001d41   Thumb Code   116  stm32f4xx_hal_tim_ex.o(i.HAL_TIMEx_MasterConfigSynchronization)
    HAL_TIM_Base_Init                        0x08001dd1   Thumb Code    90  stm32f4xx_hal_tim.o(i.HAL_TIM_Base_Init)
    HAL_TIM_Base_MspInit                     0x08001e2b   Thumb Code     2  stm32f4xx_hal_tim.o(i.HAL_TIM_Base_MspInit)
    HAL_TIM_Base_Start                       0x08001e2d   Thumb Code    90  stm32f4xx_hal_tim.o(i.HAL_TIM_Base_Start)
    HAL_TIM_Base_Start_IT                    0x08001ea5   Thumb Code   100  stm32f4xx_hal_tim.o(i.HAL_TIM_Base_Start_IT)
    HAL_TIM_IC_CaptureCallback               0x08001f25   Thumb Code     2  stm32f4xx_hal_tim.o(i.HAL_TIM_IC_CaptureCallback)
    HAL_TIM_IRQHandler                       0x08001f27   Thumb Code   358  stm32f4xx_hal_tim.o(i.HAL_TIM_IRQHandler)
    HAL_TIM_MspPostInit                      0x0800208d   Thumb Code   112  tim.o(i.HAL_TIM_MspPostInit)
    HAL_TIM_OC_DelayElapsedCallback          0x08002111   Thumb Code     2  stm32f4xx_hal_tim.o(i.HAL_TIM_OC_DelayElapsedCallback)
    HAL_TIM_PWM_ConfigChannel                0x08002113   Thumb Code   204  stm32f4xx_hal_tim.o(i.HAL_TIM_PWM_ConfigChannel)
    HAL_TIM_PWM_Init                         0x080021df   Thumb Code    90  stm32f4xx_hal_tim.o(i.HAL_TIM_PWM_Init)
    HAL_TIM_PWM_MspInit                      0x08002239   Thumb Code    56  tim.o(i.HAL_TIM_PWM_MspInit)
    HAL_TIM_PWM_PulseFinishedCallback        0x0800227d   Thumb Code     2  stm32f4xx_hal_tim.o(i.HAL_TIM_PWM_PulseFinishedCallback)
    HAL_TIM_PWM_Start                        0x08002281   Thumb Code   172  stm32f4xx_hal_tim.o(i.HAL_TIM_PWM_Start)
    HAL_TIM_PeriodElapsedCallback            0x08002349   Thumb Code    14  main.o(i.HAL_TIM_PeriodElapsedCallback)
    HAL_TIM_TriggerCallback                  0x0800235d   Thumb Code     2  stm32f4xx_hal_tim.o(i.HAL_TIM_TriggerCallback)
    HAL_UARTEx_RxEventCallback               0x0800235f   Thumb Code     2  stm32f4xx_hal_uart.o(i.HAL_UARTEx_RxEventCallback)
    HAL_UART_ErrorCallback                   0x08002361   Thumb Code     2  stm32f4xx_hal_uart.o(i.HAL_UART_ErrorCallback)
    HAL_UART_IRQHandler                      0x08002365   Thumb Code   610  stm32f4xx_hal_uart.o(i.HAL_UART_IRQHandler)
    HAL_UART_Init                            0x080025cd   Thumb Code    98  stm32f4xx_hal_uart.o(i.HAL_UART_Init)
    HAL_UART_MspInit                         0x08002631   Thumb Code   158  usart.o(i.HAL_UART_MspInit)
    HAL_UART_Receive_IT                      0x080026e5   Thumb Code    42  stm32f4xx_hal_uart.o(i.HAL_UART_Receive_IT)
    HAL_UART_RxCpltCallback                  0x08002711   Thumb Code    32  uart_com.o(i.HAL_UART_RxCpltCallback)
    HAL_UART_TxCpltCallback                  0x08002739   Thumb Code     2  stm32f4xx_hal_uart.o(i.HAL_UART_TxCpltCallback)
    HardFault_Handler                        0x0800273b   Thumb Code     2  stm32f4xx_it.o(i.HardFault_Handler)
    MX_CAN1_Init                             0x0800273d   Thumb Code    60  can.o(i.MX_CAN1_Init)
    MX_CAN2_Init                             0x08002781   Thumb Code    60  can.o(i.MX_CAN2_Init)
    MX_DMA_Init                              0x080027c5   Thumb Code    40  dma.o(i.MX_DMA_Init)
    MX_FREERTOS_Init                         0x080027f1   Thumb Code    96  freertos.o(i.MX_FREERTOS_Init)
    MX_GPIO_Init                             0x08002859   Thumb Code   164  gpio.o(i.MX_GPIO_Init)
    MX_TIM1_Init                             0x08002909   Thumb Code   170  tim.o(i.MX_TIM1_Init)
    MX_TIM4_Init                             0x080029bd   Thumb Code   102  tim.o(i.MX_TIM4_Init)
    MX_USART6_UART_Init                      0x08002a2d   Thumb Code    48  usart.o(i.MX_USART6_UART_Init)
    MemManage_Handler                        0x08002a65   Thumb Code     2  stm32f4xx_it.o(i.MemManage_Handler)
    Move_task                                0x08002a69   Thumb Code    44  move_task.o(i.Move_task)
    NMI_Handler                              0x08002aa5   Thumb Code     2  stm32f4xx_it.o(i.NMI_Handler)
    ProbeWave_task                           0x08002aa9   Thumb Code    90  probewave_task.o(i.ProbeWave_task)
    StartDefaultTask                         0x08002b11   Thumb Code    14  freertos.o(i.StartDefaultTask)
    SysTick_Handler                          0x08002b21   Thumb Code    38  port.o(i.SysTick_Handler)
    SystemClock_Config                       0x08002b4d   Thumb Code   140  main.o(i.SystemClock_Config)
    SystemInit                               0x08002be1   Thumb Code    12  system_stm32f4xx.o(i.SystemInit)
    TIM6_DAC_IRQHandler                      0x08002bf1   Thumb Code     6  stm32f4xx_it.o(i.TIM6_DAC_IRQHandler)
    TIM_Base_SetConfig                       0x08002bfd   Thumb Code   156  stm32f4xx_hal_tim.o(i.TIM_Base_SetConfig)
    TIM_CCxChannelCmd                        0x08002cc5   Thumb Code    26  stm32f4xx_hal_tim.o(i.TIM_CCxChannelCmd)
    TIM_OC2_SetConfig                        0x08002d41   Thumb Code    98  stm32f4xx_hal_tim.o(i.TIM_OC2_SetConfig)
    UART_Start_Receive_IT                    0x08003091   Thumb Code    58  stm32f4xx_hal_uart.o(i.UART_Start_Receive_IT)
    USART6_IRQHandler                        0x080030cd   Thumb Code     6  stm32f4xx_it.o(i.USART6_IRQHandler)
    UsageFault_Handler                       0x080030d9   Thumb Code     2  stm32f4xx_it.o(i.UsageFault_Handler)
    buzzer_off                               0x080030fd   Thumb Code    10  bsp_buzzer.o(i.buzzer_off)
    buzzer_on                                0x0800310d   Thumb Code    12  bsp_buzzer.o(i.buzzer_on)
    can_filter_init                          0x0800311d   Thumb Code    80  bsp_can.o(i.can_filter_init)
    first_order_filter_cali                  0x08003175   Thumb Code    78  user_lib.o(i.first_order_filter_cali)
    first_order_filter_init                  0x080031c3   Thumb Code    20  user_lib.o(i.first_order_filter_init)
    get_moto_measure                         0x080031d9   Thumb Code    90  bsp_can.o(i.get_moto_measure)
    keyState                                 0x08003239   Thumb Code    50  bsp_led.o(i.keyState)
    led_flash                                0x08003271   Thumb Code   118  bsp_led.o(i.led_flash)
    limit                                    0x080032f1   Thumb Code    22  chasis_task.o(i.limit)
    main                                     0x08003309   Thumb Code   126  main.o(i.main)
    motor_init                               0x0800339d   Thumb Code   158  chasis_task.o(i.motor_init)
    osDelay                                  0x08003455   Thumb Code    14  cmsis_os.o(i.osDelay)
    osKernelStart                            0x08003463   Thumb Code    10  cmsis_os.o(i.osKernelStart)
    osThreadCreate                           0x0800346d   Thumb Code    84  cmsis_os.o(i.osThreadCreate)
    pid_init                                 0x0800364d   Thumb Code    14  pid.o(i.pid_init)
    pid_param_init                           0x08003669   Thumb Code    82  pid.o(i.pid_param_init)
    pid_reset                                0x080036c1   Thumb Code     8  pid.o(i.pid_reset)
    probe_position_init                      0x080036c9   Thumb Code    70  probewave_task.o(i.probe_position_init)
    pvPortMalloc                             0x08003a65   Thumb Code   216  heap_4.o(i.pvPortMalloc)
    pxPortInitialiseStack                    0x08003b41   Thumb Code    40  port.o(i.pxPortInitialiseStack)
    set_moto_current_CAN1                    0x08003b6d   Thumb Code    58  bsp_can.o(i.set_moto_current_CAN1)
    set_moto_current_CAN2                    0x08003bb5   Thumb Code    58  bsp_can.o(i.set_moto_current_CAN2)
    usart_start_it                           0x08003bfd   Thumb Code    10  uart_com.o(i.usart_start_it)
    uxListRemove                             0x08003c11   Thumb Code    38  list.o(i.uxListRemove)
    vApplicationGetIdleTaskMemory            0x08003c39   Thumb Code    16  freertos.o(i.vApplicationGetIdleTaskMemory)
    vListInitialise                          0x08003c4d   Thumb Code    22  list.o(i.vListInitialise)
    vListInitialiseItem                      0x08003c63   Thumb Code     6  list.o(i.vListInitialiseItem)
    vListInsert                              0x08003c69   Thumb Code    48  list.o(i.vListInsert)
    vListInsertEnd                           0x08003c99   Thumb Code    24  list.o(i.vListInsertEnd)
    vPortEnterCritical                       0x08003cb1   Thumb Code    54  port.o(i.vPortEnterCritical)
    vPortExitCritical                        0x08003cf1   Thumb Code    34  port.o(i.vPortExitCritical)
    vPortFree                                0x08003d19   Thumb Code    94  heap_4.o(i.vPortFree)
    vPortSetupTimerInterrupt                 0x08003d7d   Thumb Code    32  port.o(i.vPortSetupTimerInterrupt)
    vTaskDelay                               0x08003da1   Thumb Code    66  tasks.o(i.vTaskDelay)
    vTaskStartScheduler                      0x08003ded   Thumb Code    90  tasks.o(i.vTaskStartScheduler)
    vTaskSuspendAll                          0x08003e59   Thumb Code    10  tasks.o(i.vTaskSuspendAll)
    vTaskSwitchContext                       0x08003e69   Thumb Code    82  tasks.o(i.vTaskSwitchContext)
    xPortStartScheduler                      0x08003ec5   Thumb Code   222  port.o(i.xPortStartScheduler)
    xTaskCreate                              0x08003fb9   Thumb Code    90  tasks.o(i.xTaskCreate)
    xTaskCreateStatic                        0x08004013   Thumb Code    86  tasks.o(i.xTaskCreateStatic)
    xTaskIncrementTick                       0x08004069   Thumb Code   194  tasks.o(i.xTaskIncrementTick)
    xTaskResumeAll                           0x08004135   Thumb Code   182  tasks.o(i.xTaskResumeAll)
    __aeabi_d2f                              0x080041f9   Thumb Code     0  d2f.o(x$fpl$d2f)
    _d2f                                     0x080041f9   Thumb Code    98  d2f.o(x$fpl$d2f)
    __aeabi_ddiv                             0x0800425d   Thumb Code     0  ddiv.o(x$fpl$ddiv)
    _ddiv                                    0x0800425d   Thumb Code   552  ddiv.o(x$fpl$ddiv)
    __aeabi_i2d                              0x0800450d   Thumb Code     0  dflt_clz.o(x$fpl$dflt)
    _dflt                                    0x0800450d   Thumb Code    46  dflt_clz.o(x$fpl$dflt)
    __aeabi_dmul                             0x0800453d   Thumb Code     0  dmul.o(x$fpl$dmul)
    _dmul                                    0x0800453d   Thumb Code   332  dmul.o(x$fpl$dmul)
    __fpl_dnaninf                            0x08004691   Thumb Code   156  dnaninf.o(x$fpl$dnaninf)
    __fpl_dretinf                            0x0800472d   Thumb Code    12  dretinf.o(x$fpl$dretinf)
    __aeabi_f2d                              0x08004739   Thumb Code     0  f2d.o(x$fpl$f2d)
    _f2d                                     0x08004739   Thumb Code    86  f2d.o(x$fpl$f2d)
    __fpl_fnaninf                            0x0800478f   Thumb Code   140  fnaninf.o(x$fpl$fnaninf)
    _fp_init                                 0x0800481b   Thumb Code    10  fpinit.o(x$fpl$fpinit)
    __fplib_config_fpu_vfp                   0x08004823   Thumb Code     0  fpinit.o(x$fpl$fpinit)
    __fplib_config_pureend_doubles           0x08004823   Thumb Code     0  fpinit.o(x$fpl$fpinit)
    __fpl_fretinf                            0x08004825   Thumb Code    10  fretinf.o(x$fpl$fretinf)
    __I$use$fp                               0x0800482e   Number         0  usenofp.o(x$fpl$usenofp)
    AHBPrescTable                            0x080048a8   Data          16  system_stm32f4xx.o(.constdata)
    APBPrescTable                            0x080048b8   Data           8  system_stm32f4xx.o(.constdata)
    Region$$Table$$Base                      0x080048f4   Number         0  anon$$obj.o(Region$$Table)
    Region$$Table$$Limit                     0x08004914   Number         0  anon$$obj.o(Region$$Table)
    defaultTaskHandle                        0x20000000   Data           4  freertos.o(.data)
    chasis_taskHandle                        0x20000004   Data           4  freertos.o(.data)
    probeWave_taskHandle                     0x20000008   Data           4  freertos.o(.data)
    move_taskHandle                          0x2000000c   Data           4  freertos.o(.data)
    uwTickFreq                               0x20000014   Data           1  stm32f4xx_hal.o(.data)
    uwTickPrio                               0x20000018   Data           4  stm32f4xx_hal.o(.data)
    uwTick                                   0x2000001c   Data           4  stm32f4xx_hal.o(.data)
    SystemCoreClock                          0x20000020   Data           4  system_stm32f4xx.o(.data)
    pxCurrentTCB                             0x20000024   Data           4  tasks.o(.data)
    Rx1Data                                  0x2000008e   Data           8  bsp_can.o(.data)
    Tx1Data                                  0x20000096   Data           8  bsp_can.o(.data)
    Rx2Data                                  0x2000009e   Data           8  bsp_can.o(.data)
    Tx2Data                                  0x200000a6   Data           8  bsp_can.o(.data)
    probe_move_flag                          0x200000b8   Data           1  probewave_task.o(.data)
    probe_init_flag                          0x200000b9   Data           1  probewave_task.o(.data)
    probe_speed                              0x200000ba   Data           2  probewave_task.o(.data)
    angle_probe_min                          0x200000bc   Data           4  probewave_task.o(.data)
    angle_probe_max                          0x200000c0   Data           4  probewave_task.o(.data)
    car_mode                                 0x200000c8   Data           1  chasis_task.o(.data)
    speed_l                                  0x200000ca   Data           2  chasis_task.o(.data)
    speed_r                                  0x200000cc   Data           2  chasis_task.o(.data)
    insideCar_speed                          0x200000ce   Data           2  chasis_task.o(.data)
    distance                                 0x200000d0   Data           8  chasis_task.o(.data)
    distance_target                          0x200000d8   Data           8  chasis_task.o(.data)
    pid_dis                                  0x200000e0   Data          12  chasis_task.o(.data)
    uart6_data                               0x200000ed   Data           1  uart_com.o(.data)
    start_flag                               0x200000ee   Data           1  uart_com.o(.data)
    uart6_txbuf                              0x200000ef   Data           4  uart_com.o(.data)
    uart6_rxbuf                              0x200000f3   Data           4  uart_com.o(.data)
    hcan1                                    0x2000034c   Data          40  can.o(.bss)
    hcan2                                    0x20000374   Data          40  can.o(.bss)
    htim1                                    0x2000039c   Data          72  tim.o(.bss)
    htim4                                    0x200003e4   Data          72  tim.o(.bss)
    huart6                                   0x2000042c   Data          68  usart.o(.bss)
    hdma_usart6_tx                           0x20000470   Data          96  usart.o(.bss)
    htim6                                    0x200004d0   Data          72  stm32f4xx_hal_timebase_tim.o(.bss)
    moto_chassis                             0x20004208   Data         180  bsp_can.o(.bss)
    Tx1Message                               0x200042bc   Data          24  bsp_can.o(.bss)
    Rx1Message                               0x200042d4   Data          28  bsp_can.o(.bss)
    Tx2Message                               0x200042f0   Data          24  bsp_can.o(.bss)
    Rx2Message                               0x20004308   Data          28  bsp_can.o(.bss)
    motov_filter                             0x20004324   Data          16  chasis_task.o(.bss)
    motor_pid                                0x20004334   Data         520  chasis_task.o(.bss)
    distance_pid                             0x2000453c   Data         104  chasis_task.o(.bss)
    __libspace_start                         0x200045a4   Data          96  libspace.o(.bss)
    __temporary_stack_top$libspace           0x20004604   Data           0  libspace.o(.bss)



==============================================================================

Memory Map of the image

  Image Entry point : 0x08000189

  Load Region LR_IROM1 (Base: 0x08000000, Size: 0x00004a0c, Max: 0x00100000, ABSOLUTE)

    Execution Region ER_IROM1 (Exec base: 0x08000000, Load base: 0x08000000, Size: 0x00004914, Max: 0x00100000, ABSOLUTE)

    Exec Addr    Load Addr    Size         Type   Attr      Idx    E Section Name        Object

    0x08000000   0x08000000   0x00000188   Data   RO            3    RESET               startup_stm32f407xx.o
    0x08000188   0x08000188   0x00000008   Code   RO         5339  * !!!main             c_w.l(__main.o)
    0x08000190   0x08000190   0x00000034   Code   RO         5535    !!!scatter          c_w.l(__scatter.o)
    0x080001c4   0x080001c4   0x0000001a   Code   RO         5537    !!handler_copy      c_w.l(__scatter_copy.o)
    0x080001de   0x080001de   0x00000002   PAD
    0x080001e0   0x080001e0   0x0000001c   Code   RO         5539    !!handler_zi        c_w.l(__scatter_zi.o)
    0x080001fc   0x080001fc   0x00000002   Code   RO         5403    .ARM.Collect$$libinit$$00000000  c_w.l(libinit.o)
    0x080001fe   0x080001fe   0x00000004   Code   RO         5415    .ARM.Collect$$libinit$$00000001  c_w.l(libinit2.o)
    0x08000202   0x08000202   0x00000000   Code   RO         5418    .ARM.Collect$$libinit$$00000004  c_w.l(libinit2.o)
    0x08000202   0x08000202   0x00000000   Code   RO         5421    .ARM.Collect$$libinit$$0000000A  c_w.l(libinit2.o)
    0x08000202   0x08000202   0x00000000   Code   RO         5423    .ARM.Collect$$libinit$$0000000C  c_w.l(libinit2.o)
    0x08000202   0x08000202   0x00000000   Code   RO         5425    .ARM.Collect$$libinit$$0000000E  c_w.l(libinit2.o)
    0x08000202   0x08000202   0x00000000   Code   RO         5428    .ARM.Collect$$libinit$$00000011  c_w.l(libinit2.o)
    0x08000202   0x08000202   0x00000000   Code   RO         5430    .ARM.Collect$$libinit$$00000013  c_w.l(libinit2.o)
    0x08000202   0x08000202   0x00000000   Code   RO         5432    .ARM.Collect$$libinit$$00000015  c_w.l(libinit2.o)
    0x08000202   0x08000202   0x00000000   Code   RO         5434    .ARM.Collect$$libinit$$00000017  c_w.l(libinit2.o)
    0x08000202   0x08000202   0x00000000   Code   RO         5436    .ARM.Collect$$libinit$$00000019  c_w.l(libinit2.o)
    0x08000202   0x08000202   0x00000000   Code   RO         5438    .ARM.Collect$$libinit$$0000001B  c_w.l(libinit2.o)
    0x08000202   0x08000202   0x00000000   Code   RO         5440    .ARM.Collect$$libinit$$0000001D  c_w.l(libinit2.o)
    0x08000202   0x08000202   0x00000000   Code   RO         5442    .ARM.Collect$$libinit$$0000001F  c_w.l(libinit2.o)
    0x08000202   0x08000202   0x00000000   Code   RO         5444    .ARM.Collect$$libinit$$00000021  c_w.l(libinit2.o)
    0x08000202   0x08000202   0x00000000   Code   RO         5446    .ARM.Collect$$libinit$$00000023  c_w.l(libinit2.o)
    0x08000202   0x08000202   0x00000000   Code   RO         5448    .ARM.Collect$$libinit$$00000025  c_w.l(libinit2.o)
    0x08000202   0x08000202   0x00000000   Code   RO         5452    .ARM.Collect$$libinit$$0000002C  c_w.l(libinit2.o)
    0x08000202   0x08000202   0x00000000   Code   RO         5454    .ARM.Collect$$libinit$$0000002E  c_w.l(libinit2.o)
    0x08000202   0x08000202   0x00000000   Code   RO         5456    .ARM.Collect$$libinit$$00000030  c_w.l(libinit2.o)
    0x08000202   0x08000202   0x00000000   Code   RO         5458    .ARM.Collect$$libinit$$00000032  c_w.l(libinit2.o)
    0x08000202   0x08000202   0x00000002   Code   RO         5459    .ARM.Collect$$libinit$$00000033  c_w.l(libinit2.o)
    0x08000204   0x08000204   0x00000002   Code   RO         5490    .ARM.Collect$$libshutdown$$00000000  c_w.l(libshutdown.o)
    0x08000206   0x08000206   0x00000000   Code   RO         5516    .ARM.Collect$$libshutdown$$00000002  c_w.l(libshutdown2.o)
    0x08000206   0x08000206   0x00000000   Code   RO         5518    .ARM.Collect$$libshutdown$$00000004  c_w.l(libshutdown2.o)
    0x08000206   0x08000206   0x00000000   Code   RO         5520    .ARM.Collect$$libshutdown$$00000006  c_w.l(libshutdown2.o)
    0x08000206   0x08000206   0x00000000   Code   RO         5523    .ARM.Collect$$libshutdown$$00000009  c_w.l(libshutdown2.o)
    0x08000206   0x08000206   0x00000000   Code   RO         5526    .ARM.Collect$$libshutdown$$0000000C  c_w.l(libshutdown2.o)
    0x08000206   0x08000206   0x00000000   Code   RO         5528    .ARM.Collect$$libshutdown$$0000000E  c_w.l(libshutdown2.o)
    0x08000206   0x08000206   0x00000000   Code   RO         5531    .ARM.Collect$$libshutdown$$00000011  c_w.l(libshutdown2.o)
    0x08000206   0x08000206   0x00000002   Code   RO         5532    .ARM.Collect$$libshutdown$$00000012  c_w.l(libshutdown2.o)
    0x08000208   0x08000208   0x00000000   Code   RO         5357    .ARM.Collect$$rtentry$$00000000  c_w.l(__rtentry.o)
    0x08000208   0x08000208   0x00000000   Code   RO         5374    .ARM.Collect$$rtentry$$00000002  c_w.l(__rtentry2.o)
    0x08000208   0x08000208   0x00000006   Code   RO         5386    .ARM.Collect$$rtentry$$00000004  c_w.l(__rtentry4.o)
    0x0800020e   0x0800020e   0x00000000   Code   RO         5376    .ARM.Collect$$rtentry$$00000009  c_w.l(__rtentry2.o)
    0x0800020e   0x0800020e   0x00000004   Code   RO         5377    .ARM.Collect$$rtentry$$0000000A  c_w.l(__rtentry2.o)
    0x08000212   0x08000212   0x00000000   Code   RO         5379    .ARM.Collect$$rtentry$$0000000C  c_w.l(__rtentry2.o)
    0x08000212   0x08000212   0x00000008   Code   RO         5380    .ARM.Collect$$rtentry$$0000000D  c_w.l(__rtentry2.o)
    0x0800021a   0x0800021a   0x00000002   Code   RO         5407    .ARM.Collect$$rtexit$$00000000  c_w.l(rtexit.o)
    0x0800021c   0x0800021c   0x00000000   Code   RO         5463    .ARM.Collect$$rtexit$$00000002  c_w.l(rtexit2.o)
    0x0800021c   0x0800021c   0x00000004   Code   RO         5464    .ARM.Collect$$rtexit$$00000003  c_w.l(rtexit2.o)
    0x08000220   0x08000220   0x00000006   Code   RO         5465    .ARM.Collect$$rtexit$$00000004  c_w.l(rtexit2.o)
    0x08000226   0x08000226   0x00000002   PAD
    0x08000228   0x08000228   0x000000be   Code   RO         4621    .emb_text           port.o
    0x080002e6   0x080002e6   0x00000002   PAD
    0x080002e8   0x080002e8   0x00000040   Code   RO            4    .text               startup_stm32f407xx.o
    0x08000328   0x08000328   0x000000ee   Code   RO         5327    .text               c_w.l(lludivv7m.o)
    0x08000416   0x08000416   0x00000064   Code   RO         5331    .text               c_w.l(rt_memcpy_w.o)
    0x0800047a   0x0800047a   0x0000004e   Code   RO         5335    .text               c_w.l(rt_memclr_w.o)
    0x080004c8   0x080004c8   0x00000006   Code   RO         5337    .text               c_w.l(heapauxi.o)
    0x080004ce   0x080004ce   0x0000004a   Code   RO         5390    .text               c_w.l(sys_stackheap_outer.o)
    0x08000518   0x08000518   0x00000012   Code   RO         5392    .text               c_w.l(exit.o)
    0x0800052a   0x0800052a   0x00000002   PAD
    0x0800052c   0x0800052c   0x00000008   Code   RO         5404    .text               c_w.l(libspace.o)
    0x08000534   0x08000534   0x0000000c   Code   RO         5460    .text               c_w.l(sys_exit.o)
    0x08000540   0x08000540   0x00000002   Code   RO         5479    .text               c_w.l(use_no_semi.o)
    0x08000542   0x08000542   0x00000000   Code   RO         5481    .text               c_w.l(indicate_semi.o)
    0x08000542   0x08000542   0x00000002   Code   RO          507    i.BusFault_Handler  stm32f4xx_it.o
    0x08000544   0x08000544   0x0000000c   Code   RO          508    i.CAN1_RX0_IRQHandler  stm32f4xx_it.o
    0x08000550   0x08000550   0x0000000c   Code   RO          509    i.CAN1_RX1_IRQHandler  stm32f4xx_it.o
    0x0800055c   0x0800055c   0x0000000c   Code   RO          510    i.CAN2_RX0_IRQHandler  stm32f4xx_it.o
    0x08000568   0x08000568   0x0000000c   Code   RO          511    i.CAN2_RX1_IRQHandler  stm32f4xx_it.o
    0x08000574   0x08000574   0x00000214   Code   RO         5191    i.Chasis_task       chasis_task.o
    0x08000788   0x08000788   0x0000000c   Code   RO          512    i.DMA2_Stream6_IRQHandler  stm32f4xx_it.o
    0x08000794   0x08000794   0x00000028   Code   RO         1363    i.DMA_CalcBaseAndBitshift  stm32f4xx_hal_dma.o
    0x080007bc   0x080007bc   0x00000054   Code   RO         1364    i.DMA_CheckFifoParam  stm32f4xx_hal_dma.o
    0x08000810   0x08000810   0x00000002   Code   RO          513    i.DebugMon_Handler  stm32f4xx_it.o
    0x08000812   0x08000812   0x00000004   Code   RO           13    i.Error_Handler     main.o
    0x08000816   0x08000816   0x00000024   Code   RO          671    i.HAL_CAN_ActivateNotification  stm32f4xx_hal_can.o
    0x0800083a   0x0800083a   0x000000dc   Code   RO          672    i.HAL_CAN_AddTxMessage  stm32f4xx_hal_can.o
    0x08000916   0x08000916   0x00000002   PAD
    0x08000918   0x08000918   0x0000010c   Code   RO          673    i.HAL_CAN_ConfigFilter  stm32f4xx_hal_can.o
    0x08000a24   0x08000a24   0x00000002   Code   RO          676    i.HAL_CAN_ErrorCallback  stm32f4xx_hal_can.o
    0x08000a26   0x08000a26   0x000000e8   Code   RO          679    i.HAL_CAN_GetRxMessage  stm32f4xx_hal_can.o
    0x08000b0e   0x08000b0e   0x000001fc   Code   RO          683    i.HAL_CAN_IRQHandler  stm32f4xx_hal_can.o
    0x08000d0a   0x08000d0a   0x0000011a   Code   RO          684    i.HAL_CAN_Init      stm32f4xx_hal_can.o
    0x08000e24   0x08000e24   0x0000011c   Code   RO          339    i.HAL_CAN_MspInit   can.o
    0x08000f40   0x08000f40   0x00000002   Code   RO          691    i.HAL_CAN_RxFifo0FullCallback  stm32f4xx_hal_can.o
    0x08000f42   0x08000f42   0x00000002   PAD
    0x08000f44   0x08000f44   0x000000c0   Code   RO         4816    i.HAL_CAN_RxFifo0MsgPendingCallback  bsp_can.o
    0x08001004   0x08001004   0x00000002   Code   RO          693    i.HAL_CAN_RxFifo1FullCallback  stm32f4xx_hal_can.o
    0x08001006   0x08001006   0x00000002   Code   RO          694    i.HAL_CAN_RxFifo1MsgPendingCallback  stm32f4xx_hal_can.o
    0x08001008   0x08001008   0x00000002   Code   RO          695    i.HAL_CAN_SleepCallback  stm32f4xx_hal_can.o
    0x0800100a   0x0800100a   0x00000002   PAD
    0x0800100c   0x0800100c   0x00000058   Code   RO          696    i.HAL_CAN_Start     stm32f4xx_hal_can.o
    0x08001064   0x08001064   0x00000002   Code   RO          698    i.HAL_CAN_TxMailbox0AbortCallback  stm32f4xx_hal_can.o
    0x08001066   0x08001066   0x00000002   Code   RO          699    i.HAL_CAN_TxMailbox0CompleteCallback  stm32f4xx_hal_can.o
    0x08001068   0x08001068   0x00000002   Code   RO          700    i.HAL_CAN_TxMailbox1AbortCallback  stm32f4xx_hal_can.o
    0x0800106a   0x0800106a   0x00000002   Code   RO          701    i.HAL_CAN_TxMailbox1CompleteCallback  stm32f4xx_hal_can.o
    0x0800106c   0x0800106c   0x00000002   Code   RO          702    i.HAL_CAN_TxMailbox2AbortCallback  stm32f4xx_hal_can.o
    0x0800106e   0x0800106e   0x00000002   Code   RO          703    i.HAL_CAN_TxMailbox2CompleteCallback  stm32f4xx_hal_can.o
    0x08001070   0x08001070   0x00000002   Code   RO          705    i.HAL_CAN_WakeUpFromRxMsgCallback  stm32f4xx_hal_can.o
    0x08001072   0x08001072   0x00000092   Code   RO         1366    i.HAL_DMA_Abort     stm32f4xx_hal_dma.o
    0x08001104   0x08001104   0x00000024   Code   RO         1367    i.HAL_DMA_Abort_IT  stm32f4xx_hal_dma.o
    0x08001128   0x08001128   0x000001a0   Code   RO         1371    i.HAL_DMA_IRQHandler  stm32f4xx_hal_dma.o
    0x080012c8   0x080012c8   0x000000d4   Code   RO         1372    i.HAL_DMA_Init      stm32f4xx_hal_dma.o
    0x0800139c   0x0800139c   0x00000024   Code   RO         1785    i.HAL_Delay         stm32f4xx_hal.o
    0x080013c0   0x080013c0   0x000001f0   Code   RO         1259    i.HAL_GPIO_Init     stm32f4xx_hal_gpio.o
    0x080015b0   0x080015b0   0x0000000a   Code   RO         1261    i.HAL_GPIO_ReadPin  stm32f4xx_hal_gpio.o
    0x080015ba   0x080015ba   0x0000000a   Code   RO         1263    i.HAL_GPIO_WritePin  stm32f4xx_hal_gpio.o
    0x080015c4   0x080015c4   0x0000000c   Code   RO         1791    i.HAL_GetTick       stm32f4xx_hal.o
    0x080015d0   0x080015d0   0x00000010   Code   RO         1797    i.HAL_IncTick       stm32f4xx_hal.o
    0x080015e0   0x080015e0   0x00000034   Code   RO         1798    i.HAL_Init          stm32f4xx_hal.o
    0x08001614   0x08001614   0x00000098   Code   RO          631    i.HAL_InitTick      stm32f4xx_hal_timebase_tim.o
    0x080016ac   0x080016ac   0x00000038   Code   RO          607    i.HAL_MspInit       stm32f4xx_hal_msp.o
    0x080016e4   0x080016e4   0x0000001a   Code   RO         1648    i.HAL_NVIC_EnableIRQ  stm32f4xx_hal_cortex.o
    0x080016fe   0x080016fe   0x00000002   PAD
    0x08001700   0x08001700   0x00000040   Code   RO         1654    i.HAL_NVIC_SetPriority  stm32f4xx_hal_cortex.o
    0x08001740   0x08001740   0x00000024   Code   RO         1655    i.HAL_NVIC_SetPriorityGrouping  stm32f4xx_hal_cortex.o
    0x08001764   0x08001764   0x00000134   Code   RO          905    i.HAL_RCC_ClockConfig  stm32f4xx_hal_rcc.o
    0x08001898   0x08001898   0x00000040   Code   RO          909    i.HAL_RCC_GetClockConfig  stm32f4xx_hal_rcc.o
    0x080018d8   0x080018d8   0x00000020   Code   RO          912    i.HAL_RCC_GetPCLK1Freq  stm32f4xx_hal_rcc.o
    0x080018f8   0x080018f8   0x00000020   Code   RO          913    i.HAL_RCC_GetPCLK2Freq  stm32f4xx_hal_rcc.o
    0x08001918   0x08001918   0x00000064   Code   RO          914    i.HAL_RCC_GetSysClockFreq  stm32f4xx_hal_rcc.o
    0x0800197c   0x0800197c   0x0000036c   Code   RO          917    i.HAL_RCC_OscConfig  stm32f4xx_hal_rcc.o
    0x08001ce8   0x08001ce8   0x00000002   Code   RO         2742    i.HAL_TIMEx_BreakCallback  stm32f4xx_hal_tim_ex.o
    0x08001cea   0x08001cea   0x00000002   Code   RO         2743    i.HAL_TIMEx_CommutCallback  stm32f4xx_hal_tim_ex.o
    0x08001cec   0x08001cec   0x00000054   Code   RO         2745    i.HAL_TIMEx_ConfigBreakDeadTime  stm32f4xx_hal_tim_ex.o
    0x08001d40   0x08001d40   0x00000090   Code   RO         2761    i.HAL_TIMEx_MasterConfigSynchronization  stm32f4xx_hal_tim_ex.o
    0x08001dd0   0x08001dd0   0x0000005a   Code   RO         2038    i.HAL_TIM_Base_Init  stm32f4xx_hal_tim.o
    0x08001e2a   0x08001e2a   0x00000002   Code   RO         2040    i.HAL_TIM_Base_MspInit  stm32f4xx_hal_tim.o
    0x08001e2c   0x08001e2c   0x00000078   Code   RO         2041    i.HAL_TIM_Base_Start  stm32f4xx_hal_tim.o
    0x08001ea4   0x08001ea4   0x00000080   Code   RO         2043    i.HAL_TIM_Base_Start_IT  stm32f4xx_hal_tim.o
    0x08001f24   0x08001f24   0x00000002   Code   RO         2072    i.HAL_TIM_IC_CaptureCallback  stm32f4xx_hal_tim.o
    0x08001f26   0x08001f26   0x00000166   Code   RO         2086    i.HAL_TIM_IRQHandler  stm32f4xx_hal_tim.o
    0x0800208c   0x0800208c   0x00000084   Code   RO          411    i.HAL_TIM_MspPostInit  tim.o
    0x08002110   0x08002110   0x00000002   Code   RO         2089    i.HAL_TIM_OC_DelayElapsedCallback  stm32f4xx_hal_tim.o
    0x08002112   0x08002112   0x000000cc   Code   RO         2110    i.HAL_TIM_PWM_ConfigChannel  stm32f4xx_hal_tim.o
    0x080021de   0x080021de   0x0000005a   Code   RO         2113    i.HAL_TIM_PWM_Init  stm32f4xx_hal_tim.o
    0x08002238   0x08002238   0x00000044   Code   RO          413    i.HAL_TIM_PWM_MspInit  tim.o
    0x0800227c   0x0800227c   0x00000002   Code   RO         2116    i.HAL_TIM_PWM_PulseFinishedCallback  stm32f4xx_hal_tim.o
    0x0800227e   0x0800227e   0x00000002   PAD
    0x08002280   0x08002280   0x000000c8   Code   RO         2118    i.HAL_TIM_PWM_Start  stm32f4xx_hal_tim.o
    0x08002348   0x08002348   0x00000014   Code   RO           14    i.HAL_TIM_PeriodElapsedCallback  main.o
    0x0800235c   0x0800235c   0x00000002   Code   RO         2129    i.HAL_TIM_TriggerCallback  stm32f4xx_hal_tim.o
    0x0800235e   0x0800235e   0x00000002   Code   RO         3020    i.HAL_UARTEx_RxEventCallback  stm32f4xx_hal_uart.o
    0x08002360   0x08002360   0x00000002   Code   RO         3034    i.HAL_UART_ErrorCallback  stm32f4xx_hal_uart.o
    0x08002362   0x08002362   0x00000002   PAD
    0x08002364   0x08002364   0x00000268   Code   RO         3037    i.HAL_UART_IRQHandler  stm32f4xx_hal_uart.o
    0x080025cc   0x080025cc   0x00000062   Code   RO         3038    i.HAL_UART_Init     stm32f4xx_hal_uart.o
    0x0800262e   0x0800262e   0x00000002   PAD
    0x08002630   0x08002630   0x000000b4   Code   RO          466    i.HAL_UART_MspInit  usart.o
    0x080026e4   0x080026e4   0x0000002a   Code   RO         3043    i.HAL_UART_Receive_IT  stm32f4xx_hal_uart.o
    0x0800270e   0x0800270e   0x00000002   PAD
    0x08002710   0x08002710   0x00000028   Code   RO         5241    i.HAL_UART_RxCpltCallback  uart_com.o
    0x08002738   0x08002738   0x00000002   Code   RO         3049    i.HAL_UART_TxCpltCallback  stm32f4xx_hal_uart.o
    0x0800273a   0x0800273a   0x00000002   Code   RO          514    i.HardFault_Handler  stm32f4xx_it.o
    0x0800273c   0x0800273c   0x00000044   Code   RO          340    i.MX_CAN1_Init      can.o
    0x08002780   0x08002780   0x00000044   Code   RO          341    i.MX_CAN2_Init      can.o
    0x080027c4   0x080027c4   0x0000002c   Code   RO          387    i.MX_DMA_Init       dma.o
    0x080027f0   0x080027f0   0x00000068   Code   RO          268    i.MX_FREERTOS_Init  freertos.o
    0x08002858   0x08002858   0x000000b0   Code   RO          243    i.MX_GPIO_Init      gpio.o
    0x08002908   0x08002908   0x000000b4   Code   RO          414    i.MX_TIM1_Init      tim.o
    0x080029bc   0x080029bc   0x00000070   Code   RO          415    i.MX_TIM4_Init      tim.o
    0x08002a2c   0x08002a2c   0x00000038   Code   RO          467    i.MX_USART6_UART_Init  usart.o
    0x08002a64   0x08002a64   0x00000002   Code   RO          515    i.MemManage_Handler  stm32f4xx_it.o
    0x08002a66   0x08002a66   0x00000002   PAD
    0x08002a68   0x08002a68   0x0000003c   Code   RO         5297    i.Move_task         move_task.o
    0x08002aa4   0x08002aa4   0x00000002   Code   RO          516    i.NMI_Handler       stm32f4xx_it.o
    0x08002aa6   0x08002aa6   0x00000002   PAD
    0x08002aa8   0x08002aa8   0x00000068   Code   RO         5037    i.ProbeWave_task    probewave_task.o
    0x08002b10   0x08002b10   0x0000000e   Code   RO          271    i.StartDefaultTask  freertos.o
    0x08002b1e   0x08002b1e   0x00000002   PAD
    0x08002b20   0x08002b20   0x0000002c   Code   RO         4622    i.SysTick_Handler   port.o
    0x08002b4c   0x08002b4c   0x00000094   Code   RO           15    i.SystemClock_Config  main.o
    0x08002be0   0x08002be0   0x00000010   Code   RO         3367    i.SystemInit        system_stm32f4xx.o
    0x08002bf0   0x08002bf0   0x0000000c   Code   RO          517    i.TIM6_DAC_IRQHandler  stm32f4xx_it.o
    0x08002bfc   0x08002bfc   0x000000c8   Code   RO         2131    i.TIM_Base_SetConfig  stm32f4xx_hal_tim.o
    0x08002cc4   0x08002cc4   0x0000001a   Code   RO         2132    i.TIM_CCxChannelCmd  stm32f4xx_hal_tim.o
    0x08002cde   0x08002cde   0x00000002   PAD
    0x08002ce0   0x08002ce0   0x00000060   Code   RO         2144    i.TIM_OC1_SetConfig  stm32f4xx_hal_tim.o
    0x08002d40   0x08002d40   0x0000006c   Code   RO         2145    i.TIM_OC2_SetConfig  stm32f4xx_hal_tim.o
    0x08002dac   0x08002dac   0x00000068   Code   RO         2146    i.TIM_OC3_SetConfig  stm32f4xx_hal_tim.o
    0x08002e14   0x08002e14   0x00000050   Code   RO         2147    i.TIM_OC4_SetConfig  stm32f4xx_hal_tim.o
    0x08002e64   0x08002e64   0x00000010   Code   RO         3051    i.UART_DMAAbortOnError  stm32f4xx_hal_uart.o
    0x08002e74   0x08002e74   0x0000004e   Code   RO         3061    i.UART_EndRxTransfer  stm32f4xx_hal_uart.o
    0x08002ec2   0x08002ec2   0x000000c0   Code   RO         3063    i.UART_Receive_IT   stm32f4xx_hal_uart.o
    0x08002f82   0x08002f82   0x00000002   PAD
    0x08002f84   0x08002f84   0x0000010c   Code   RO         3064    i.UART_SetConfig    stm32f4xx_hal_uart.o
    0x08003090   0x08003090   0x0000003a   Code   RO         3066    i.UART_Start_Receive_IT  stm32f4xx_hal_uart.o
    0x080030ca   0x080030ca   0x00000002   PAD
    0x080030cc   0x080030cc   0x0000000c   Code   RO          518    i.USART6_IRQHandler  stm32f4xx_it.o
    0x080030d8   0x080030d8   0x00000002   Code   RO          519    i.UsageFault_Handler  stm32f4xx_it.o
    0x080030da   0x080030da   0x00000020   Code   RO         1661    i.__NVIC_SetPriority  stm32f4xx_hal_cortex.o
    0x080030fa   0x080030fa   0x00000002   PAD
    0x080030fc   0x080030fc   0x00000010   Code   RO         4703    i.buzzer_off        bsp_buzzer.o
    0x0800310c   0x0800310c   0x00000010   Code   RO         4704    i.buzzer_on         bsp_buzzer.o
    0x0800311c   0x0800311c   0x00000058   Code   RO         4817    i.can_filter_init   bsp_can.o
    0x08003174   0x08003174   0x0000004e   Code   RO         5001    i.first_order_filter_cali  user_lib.o
    0x080031c2   0x080031c2   0x00000014   Code   RO         5002    i.first_order_filter_init  user_lib.o
    0x080031d6   0x080031d6   0x00000002   PAD
    0x080031d8   0x080031d8   0x00000060   Code   RO         4818    i.get_moto_measure  bsp_can.o
    0x08003238   0x08003238   0x00000038   Code   RO         4925    i.keyState          bsp_led.o
    0x08003270   0x08003270   0x00000080   Code   RO         4926    i.led_flash         bsp_led.o
    0x080032f0   0x080032f0   0x00000016   Code   RO         5192    i.limit             chasis_task.o
    0x08003306   0x08003306   0x00000002   PAD
    0x08003308   0x08003308   0x00000088   Code   RO           16    i.main              main.o
    0x08003390   0x08003390   0x0000000c   Code   RO         4187    i.makeFreeRtosPriority  cmsis_os.o
    0x0800339c   0x0800339c   0x000000b8   Code   RO         5193    i.motor_init        chasis_task.o
    0x08003454   0x08003454   0x0000000e   Code   RO         4189    i.osDelay           cmsis_os.o
    0x08003462   0x08003462   0x0000000a   Code   RO         4192    i.osKernelStart     cmsis_os.o
    0x0800346c   0x0800346c   0x00000054   Code   RO         4226    i.osThreadCreate    cmsis_os.o
    0x080034c0   0x080034c0   0x0000018c   Code   RO         4960    i.pid_calculate     pid.o
    0x0800364c   0x0800364c   0x0000001c   Code   RO         4961    i.pid_init          pid.o
    0x08003668   0x08003668   0x00000058   Code   RO         4962    i.pid_param_init    pid.o
    0x080036c0   0x080036c0   0x00000008   Code   RO         4963    i.pid_reset         pid.o
    0x080036c8   0x080036c8   0x00000050   Code   RO         5038    i.probe_position_init  probewave_task.o
    0x08003718   0x08003718   0x00000070   Code   RO         3869    i.prvAddCurrentTaskToDelayedList  tasks.o
    0x08003788   0x08003788   0x000000d0   Code   RO         3870    i.prvAddNewTaskToReadyList  tasks.o
    0x08003858   0x08003858   0x00000034   Code   RO         3871    i.prvDeleteTCB      tasks.o
    0x0800388c   0x0800388c   0x0000004c   Code   RO         4554    i.prvHeapInit       heap_4.o
    0x080038d8   0x080038d8   0x00000060   Code   RO         3872    i.prvIdleTask       tasks.o
    0x08003938   0x08003938   0x00000098   Code   RO         3873    i.prvInitialiseNewTask  tasks.o
    0x080039d0   0x080039d0   0x0000004c   Code   RO         4555    i.prvInsertBlockIntoFreeList  heap_4.o
    0x08003a1c   0x08003a1c   0x00000020   Code   RO         3874    i.prvResetNextTaskUnblockTime  tasks.o
    0x08003a3c   0x08003a3c   0x00000028   Code   RO         4623    i.prvTaskExitError  port.o
    0x08003a64   0x08003a64   0x000000dc   Code   RO         4556    i.pvPortMalloc      heap_4.o
    0x08003b40   0x08003b40   0x0000002c   Code   RO         4624    i.pxPortInitialiseStack  port.o
    0x08003b6c   0x08003b6c   0x00000048   Code   RO         4821    i.set_moto_current_CAN1  bsp_can.o
    0x08003bb4   0x08003bb4   0x00000048   Code   RO         4822    i.set_moto_current_CAN2  bsp_can.o
    0x08003bfc   0x08003bfc   0x00000014   Code   RO         5244    i.usart_start_it    uart_com.o
    0x08003c10   0x08003c10   0x00000026   Code   RO         3505    i.uxListRemove      list.o
    0x08003c36   0x08003c36   0x00000002   PAD
    0x08003c38   0x08003c38   0x00000014   Code   RO          272    i.vApplicationGetIdleTaskMemory  freertos.o
    0x08003c4c   0x08003c4c   0x00000016   Code   RO         3506    i.vListInitialise   list.o
    0x08003c62   0x08003c62   0x00000006   Code   RO         3507    i.vListInitialiseItem  list.o
    0x08003c68   0x08003c68   0x00000030   Code   RO         3508    i.vListInsert       list.o
    0x08003c98   0x08003c98   0x00000018   Code   RO         3509    i.vListInsertEnd    list.o
    0x08003cb0   0x08003cb0   0x00000040   Code   RO         4626    i.vPortEnterCritical  port.o
    0x08003cf0   0x08003cf0   0x00000028   Code   RO         4627    i.vPortExitCritical  port.o
    0x08003d18   0x08003d18   0x00000064   Code   RO         4557    i.vPortFree         heap_4.o
    0x08003d7c   0x08003d7c   0x00000024   Code   RO         4628    i.vPortSetupTimerInterrupt  port.o
    0x08003da0   0x08003da0   0x0000004c   Code   RO         3883    i.vTaskDelay        tasks.o
    0x08003dec   0x08003dec   0x0000006c   Code   RO         3896    i.vTaskStartScheduler  tasks.o
    0x08003e58   0x08003e58   0x00000010   Code   RO         3898    i.vTaskSuspendAll   tasks.o
    0x08003e68   0x08003e68   0x0000005c   Code   RO         3899    i.vTaskSwitchContext  tasks.o
    0x08003ec4   0x08003ec4   0x000000f4   Code   RO         4630    i.xPortStartScheduler  port.o
    0x08003fb8   0x08003fb8   0x0000005a   Code   RO         3902    i.xTaskCreate       tasks.o
    0x08004012   0x08004012   0x00000056   Code   RO         3903    i.xTaskCreateStatic  tasks.o
    0x08004068   0x08004068   0x000000cc   Code   RO         3910    i.xTaskIncrementTick  tasks.o
    0x08004134   0x08004134   0x000000c4   Code   RO         3916    i.xTaskResumeAll    tasks.o
    0x080041f8   0x080041f8   0x00000062   Code   RO         5341    x$fpl$d2f           fz_wm.l(d2f.o)
    0x0800425a   0x0800425a   0x00000002   PAD
    0x0800425c   0x0800425c   0x000002b0   Code   RO         5344    x$fpl$ddiv          fz_wm.l(ddiv.o)
    0x0800450c   0x0800450c   0x0000002e   Code   RO         5348    x$fpl$dflt          fz_wm.l(dflt_clz.o)
    0x0800453a   0x0800453a   0x00000002   PAD
    0x0800453c   0x0800453c   0x00000154   Code   RO         5353    x$fpl$dmul          fz_wm.l(dmul.o)
    0x08004690   0x08004690   0x0000009c   Code   RO         5364    x$fpl$dnaninf       fz_wm.l(dnaninf.o)
    0x0800472c   0x0800472c   0x0000000c   Code   RO         5366    x$fpl$dretinf       fz_wm.l(dretinf.o)
    0x08004738   0x08004738   0x00000056   Code   RO         5355    x$fpl$f2d           fz_wm.l(f2d.o)
    0x0800478e   0x0800478e   0x0000008c   Code   RO         5368    x$fpl$fnaninf       fz_wm.l(fnaninf.o)
    0x0800481a   0x0800481a   0x0000000a   Code   RO         5475    x$fpl$fpinit        fz_wm.l(fpinit.o)
    0x08004824   0x08004824   0x0000000a   Code   RO         5370    x$fpl$fretinf       fz_wm.l(fretinf.o)
    0x0800482e   0x0800482e   0x00000000   Code   RO         5372    x$fpl$usenofp       fz_wm.l(usenofp.o)
    0x0800482e   0x0800482e   0x00000002   PAD
    0x08004830   0x08004830   0x00000070   Data   RO          274    .constdata          freertos.o
    0x080048a0   0x080048a0   0x00000008   Data   RO         1378    .constdata          stm32f4xx_hal_dma.o
    0x080048a8   0x080048a8   0x00000010   Data   RO         3368    .constdata          system_stm32f4xx.o
    0x080048b8   0x080048b8   0x00000008   Data   RO         3369    .constdata          system_stm32f4xx.o
    0x080048c0   0x080048c0   0x00000034   Data   RO          275    .conststring        freertos.o
    0x080048f4   0x080048f4   0x00000020   Data   RO         5533    Region$$Table       anon$$obj.o


    Execution Region RW_IRAM1 (Exec base: 0x20000000, Load base: 0x08004914, Size: 0x00006408, Max: 0x0001c000, ABSOLUTE)

    Exec Addr    Load Addr    Size         Type   Attr      Idx    E Section Name        Object

    0x20000000   0x08004914   0x00000010   Data   RW          276    .data               freertos.o
    0x20000010   0x08004924   0x00000004   Data   RW          343    .data               can.o
    0x20000014   0x08004928   0x0000000c   Data   RW         1805    .data               stm32f4xx_hal.o
    0x20000020   0x08004934   0x00000004   Data   RW         3370    .data               system_stm32f4xx.o
    0x20000024   0x08004938   0x0000003c   Data   RW         3919    .data               tasks.o
    0x20000060   0x08004974   0x00000020   Data   RW         4563    .data               heap_4.o
    0x20000080   0x08004994   0x0000000c   Data   RW         4631    .data               port.o
    0x2000008c   0x080049a0   0x00000022   Data   RW         4824    .data               bsp_can.o
    0x200000ae   0x080049c2   0x00000002   PAD
    0x200000b0   0x080049c4   0x00000008   Data   RW         4927    .data               bsp_led.o
    0x200000b8   0x080049cc   0x0000000c   Data   RW         5040    .data               probewave_task.o
    0x200000c4   0x080049d8   0x00000004   PAD
    0x200000c8   0x080049dc   0x00000024   Data   RW         5195    .data               chasis_task.o
    0x200000ec   0x08004a00   0x0000000b   Data   RW         5246    .data               uart_com.o
    0x200000f7   0x08004a0b   0x00000001   PAD
    0x200000f8        -       0x00000254   Zero   RW          273    .bss                freertos.o
    0x2000034c        -       0x00000050   Zero   RW          342    .bss                can.o
    0x2000039c        -       0x00000090   Zero   RW          416    .bss                tim.o
    0x2000042c        -       0x000000a4   Zero   RW          468    .bss                usart.o
    0x200004d0        -       0x00000048   Zero   RW          634    .bss                stm32f4xx_hal_timebase_tim.o
    0x20000518        -       0x000000f0   Zero   RW         3918    .bss                tasks.o
    0x20000608        -       0x00003c00   Zero   RW         4562    .bss                heap_4.o
    0x20004208        -       0x0000011c   Zero   RW         4823    .bss                bsp_can.o
    0x20004324        -       0x00000280   Zero   RW         5194    .bss                chasis_task.o
    0x200045a4        -       0x00000060   Zero   RW         5405    .bss                c_w.l(libspace.o)
    0x20004604   0x08004a0b   0x00000004   PAD
    0x20004608        -       0x00000800   Zero   RW            2    HEAP                startup_stm32f407xx.o
    0x20004e08        -       0x00001600   Zero   RW            1    STACK               startup_stm32f407xx.o


    Execution Region RW_IRAM2 (Exec base: 0x2001c000, Load base: 0x08004a0c, Size: 0x00000000, Max: 0x00004000, ABSOLUTE)

    **** No section assigned to this execution region ****


==============================================================================

Image component sizes


      Code (inc. data)   RO Data    RW Data    ZI Data      Debug   Object Name

        32         10          0          0          0     606615   bsp_buzzer.o
       520         72          0         34        284       5006   bsp_can.o
       184         16          0          8          0       1207   bsp_led.o
       420         42          0          4         80       2518   can.o
       738         92          0         36        640       3031   chasis_task.o
       120          0          0          0          0      23349   cmsis_os.o
        44          4          0          0          0        786   dma.o
         0          0          0          0          0      16924   event_groups.o
       138         12        164         16        596       7305   freertos.o
       176         12          0          0          0       1043   gpio.o
       472         24          0         32      15360       7455   heap_4.o
       138          0          0          0          0       3582   list.o
       308         24          0          0          0     731288   main.o
        60         16          0          0          0        520   move_task.o
       520         28          0          0          0       3796   pid.o
       702         72          0         12          0      11040   port.o
       184         24          0         12          0     585525   probewave_task.o
        64         26        392          0       7680        848   startup_stm32f407xx.o
       116         18          0         12          0       8758   stm32f4xx_hal.o
      1658          6          0          0          0      14367   stm32f4xx_hal_can.o
       158         14          0          0          0      33190   stm32f4xx_hal_cortex.o
       934         16          8          0          0       5651   stm32f4xx_hal_dma.o
       516         46          0          0          0       2867   stm32f4xx_hal_gpio.o
        56          4          0          0          0        878   stm32f4xx_hal_msp.o
      1412         86          0          0          0       5929   stm32f4xx_hal_rcc.o
      1814        166          0          0          0      14348   stm32f4xx_hal_tim.o
       232         28          0          0          0       3297   stm32f4xx_hal_tim_ex.o
       152         20          0          0         72       1495   stm32f4xx_hal_timebase_tim.o
      1374         16          0          0          0       9280   stm32f4xx_hal_uart.o
        96         42          0          0          0       6165   stm32f4xx_it.o
         0          0          0          0          0        404   stream_buffer.o
        16          4         24          4          0       1139   system_stm32f4xx.o
      1520        112          0         60        240      19574   tasks.o
       492         52          0          0        144       3172   tim.o
        60         18          0         11          0       2228   uart_com.o
       236         30          0          0        164       1825   usart.o
        98          0          0          0          0       1976   user_lib.o

    ----------------------------------------------------------------------
     15798       1152        620        248      25260    2148381   Object Totals
         0          0         32          0          0          0   (incl. Generated)
        38          0          0          7          0          0   (incl. Padding)

    ----------------------------------------------------------------------

      Code (inc. data)   RO Data    RW Data    ZI Data      Debug   Library Member Name

         8          0          0          0          0         68   __main.o
         0          0          0          0          0          0   __rtentry.o
        12          0          0          0          0          0   __rtentry2.o
         6          0          0          0          0          0   __rtentry4.o
        52          8          0          0          0          0   __scatter.o
        26          0          0          0          0          0   __scatter_copy.o
        28          0          0          0          0          0   __scatter_zi.o
        18          0          0          0          0         80   exit.o
         6          0          0          0          0        152   heapauxi.o
         0          0          0          0          0          0   indicate_semi.o
         2          0          0          0          0          0   libinit.o
         6          0          0          0          0          0   libinit2.o
         2          0          0          0          0          0   libshutdown.o
         2          0          0          0          0          0   libshutdown2.o
         8          4          0          0         96         68   libspace.o
       238          0          0          0          0        100   lludivv7m.o
        78          0          0          0          0         80   rt_memclr_w.o
       100          0          0          0          0         80   rt_memcpy_w.o
         2          0          0          0          0          0   rtexit.o
        10          0          0          0          0          0   rtexit2.o
        12          4          0          0          0         68   sys_exit.o
        74          0          0          0          0         80   sys_stackheap_outer.o
         2          0          0          0          0         68   use_no_semi.o
        98          4          0          0          0        140   d2f.o
       688        140          0          0          0        256   ddiv.o
        46          0          0          0          0        116   dflt_clz.o
       340         12          0          0          0        152   dmul.o
       156          4          0          0          0        140   dnaninf.o
        12          0          0          0          0        116   dretinf.o
        86          4          0          0          0        132   f2d.o
       140          4          0          0          0        132   fnaninf.o
        10          0          0          0          0        116   fpinit.o
        10          0          0          0          0        116   fretinf.o
         0          0          0          0          0          0   usenofp.o

    ----------------------------------------------------------------------
      2290        184          0          0        100       2260   Library Totals
        12          0          0          0          4          0   (incl. Padding)

    ----------------------------------------------------------------------

      Code (inc. data)   RO Data    RW Data    ZI Data      Debug   Library Name

       692         16          0          0         96        844   c_w.l
      1586        168          0          0          0       1416   fz_wm.l

    ----------------------------------------------------------------------
      2290        184          0          0        100       2260   Library Totals

    ----------------------------------------------------------------------

==============================================================================


      Code (inc. data)   RO Data    RW Data    ZI Data      Debug   

     18088       1336        620        248      25360    2133929   Grand Totals
     18088       1336        620        248      25360    2133929   ELF Image Totals
     18088       1336        620        248          0          0   ROM Totals

==============================================================================

    Total RO  Size (Code + RO Data)                18708 (  18.27kB)
    Total RW  Size (RW Data + ZI Data)             25608 (  25.01kB)
    Total ROM Size (Code + RO Data + RW Data)      18956 (  18.51kB)

==============================================================================

