Component: ARM Compiler 5.06 update 5 (build 528) Tool: armlink [4d35e2]

==============================================================================

Section Cross References

    startup_stm32f407xx.o(RESET) refers to startup_stm32f407xx.o(STACK) for __initial_sp
    startup_stm32f407xx.o(RESET) refers to startup_stm32f407xx.o(.text) for Reset_Handler
    startup_stm32f407xx.o(RESET) refers to stm32f4xx_it.o(i.NMI_Handler) for NMI_Handler
    startup_stm32f407xx.o(RESET) refers to stm32f4xx_it.o(i.HardFault_Handler) for HardFault_Handler
    startup_stm32f407xx.o(RESET) refers to stm32f4xx_it.o(i.MemManage_Handler) for MemManage_Handler
    startup_stm32f407xx.o(RESET) refers to stm32f4xx_it.o(i.BusFault_Handler) for BusFault_Handler
    startup_stm32f407xx.o(RESET) refers to stm32f4xx_it.o(i.UsageFault_Handler) for UsageFault_Handler
    startup_stm32f407xx.o(RESET) refers to port.o(.emb_text) for SVC_Handler
    startup_stm32f407xx.o(RESET) refers to stm32f4xx_it.o(i.DebugMon_Handler) for DebugMon_Handler
    startup_stm32f407xx.o(RESET) refers to port.o(i.SysTick_Handler) for SysTick_Handler
    startup_stm32f407xx.o(RESET) refers to stm32f4xx_it.o(i.EXTI0_IRQHandler) for EXTI0_IRQHandler
    startup_stm32f407xx.o(RESET) refers to stm32f4xx_it.o(i.EXTI3_IRQHandler) for EXTI3_IRQHandler
    startup_stm32f407xx.o(RESET) refers to stm32f4xx_it.o(i.EXTI4_IRQHandler) for EXTI4_IRQHandler
    startup_stm32f407xx.o(RESET) refers to stm32f4xx_it.o(i.DMA1_Stream1_IRQHandler) for DMA1_Stream1_IRQHandler
    startup_stm32f407xx.o(RESET) refers to stm32f4xx_it.o(i.CAN1_RX0_IRQHandler) for CAN1_RX0_IRQHandler
    startup_stm32f407xx.o(RESET) refers to stm32f4xx_it.o(i.EXTI9_5_IRQHandler) for EXTI9_5_IRQHandler
    startup_stm32f407xx.o(RESET) refers to stm32f4xx_it.o(i.USART1_IRQHandler) for USART1_IRQHandler
    startup_stm32f407xx.o(RESET) refers to remote_control.o(i.USART3_IRQHandler) for USART3_IRQHandler
    startup_stm32f407xx.o(RESET) refers to stm32f4xx_it.o(i.TIM6_DAC_IRQHandler) for TIM6_DAC_IRQHandler
    startup_stm32f407xx.o(RESET) refers to stm32f4xx_it.o(i.DMA2_Stream1_IRQHandler) for DMA2_Stream1_IRQHandler
    startup_stm32f407xx.o(RESET) refers to ins_task.o(i.DMA2_Stream2_IRQHandler) for DMA2_Stream2_IRQHandler
    startup_stm32f407xx.o(RESET) refers to stm32f4xx_it.o(i.DMA2_Stream3_IRQHandler) for DMA2_Stream3_IRQHandler
    startup_stm32f407xx.o(RESET) refers to stm32f4xx_it.o(i.CAN2_RX0_IRQHandler) for CAN2_RX0_IRQHandler
    startup_stm32f407xx.o(RESET) refers to stm32f4xx_it.o(i.DMA2_Stream5_IRQHandler) for DMA2_Stream5_IRQHandler
    startup_stm32f407xx.o(RESET) refers to stm32f4xx_it.o(i.DMA2_Stream6_IRQHandler) for DMA2_Stream6_IRQHandler
    startup_stm32f407xx.o(RESET) refers to stm32f4xx_it.o(i.DMA2_Stream7_IRQHandler) for DMA2_Stream7_IRQHandler
    startup_stm32f407xx.o(RESET) refers to stm32f4xx_it.o(i.USART6_IRQHandler) for USART6_IRQHandler
    startup_stm32f407xx.o(.text) refers to system_stm32f4xx.o(i.SystemInit) for SystemInit
    startup_stm32f407xx.o(.text) refers to entry.o(.ARM.Collect$$$$00000000) for __main
    main.o(i.HAL_TIM_PeriodElapsedCallback) refers to stm32f4xx_hal.o(i.HAL_IncTick) for HAL_IncTick
    main.o(i.SystemClock_Config) refers to memseta.o(.text) for __aeabi_memclr4
    main.o(i.SystemClock_Config) refers to stm32f4xx_hal_rcc.o(i.HAL_RCC_OscConfig) for HAL_RCC_OscConfig
    main.o(i.SystemClock_Config) refers to stm32f4xx_hal_rcc.o(i.HAL_RCC_ClockConfig) for HAL_RCC_ClockConfig
    main.o(i.main) refers to stm32f4xx_hal.o(i.HAL_Init) for HAL_Init
    main.o(i.main) refers to main.o(i.SystemClock_Config) for SystemClock_Config
    main.o(i.main) refers to gpio.o(i.MX_GPIO_Init) for MX_GPIO_Init
    main.o(i.main) refers to dma.o(i.MX_DMA_Init) for MX_DMA_Init
    main.o(i.main) refers to tim.o(i.MX_TIM8_Init) for MX_TIM8_Init
    main.o(i.main) refers to tim.o(i.MX_TIM1_Init) for MX_TIM1_Init
    main.o(i.main) refers to can.o(i.MX_CAN1_Init) for MX_CAN1_Init
    main.o(i.main) refers to can.o(i.MX_CAN2_Init) for MX_CAN2_Init
    main.o(i.main) refers to usart.o(i.MX_USART3_UART_Init) for MX_USART3_UART_Init
    main.o(i.main) refers to usart.o(i.MX_USART1_UART_Init) for MX_USART1_UART_Init
    main.o(i.main) refers to spi.o(i.MX_SPI1_Init) for MX_SPI1_Init
    main.o(i.main) refers to i2c.o(i.MX_I2C3_Init) for MX_I2C3_Init
    main.o(i.main) refers to tim.o(i.MX_TIM10_Init) for MX_TIM10_Init
    main.o(i.main) refers to usart.o(i.MX_USART6_UART_Init) for MX_USART6_UART_Init
    main.o(i.main) refers to tim.o(i.MX_TIM4_Init) for MX_TIM4_Init
    main.o(i.main) refers to tim.o(i.MX_TIM3_Init) for MX_TIM3_Init
    main.o(i.main) refers to servo.o(i.servo_init) for servo_init
    main.o(i.main) refers to bsp_pwm.o(i.imu_pwm_init) for imu_pwm_init
    main.o(i.main) refers to bsp_can.o(i.can_filter_init) for can_filter_init
    main.o(i.main) refers to remote_control.o(i.remote_control_init) for remote_control_init
[...]
    Shoot_TaskHandle                         0x20000004   Data           4  freertos.o(.data)
    Gimbal_TaskHandle                        0x20000008   Data           4  freertos.o(.data)
    INS_TaskHandle                           0x2000000c   Data           4  freertos.o(.data)
    Chassis_TaskHandle                       0x20000010   Data           4  freertos.o(.data)
    Comm_TaskHandle                          0x20000014   Data           4  freertos.o(.data)
    SystemCoreClock                          0x2000001c   Data           4  system_stm32f4xx.o(.data)
    up_dial_start_reset_locked_rotor_flag    0x20000020   Data           1  shoot_task.o(.data)
    up_dial_reset_locked_rotor_flag          0x20000021   Data           1  shoot_task.o(.data)
    up_dial_reset_locked_rotor_flag_last     0x20000022   Data           1  shoot_task.o(.data)
    up_dial_dial_locked_rotor_flag           0x20000023   Data           1  shoot_task.o(.data)
    down_dial_on_or_off_flag                 0x20000024   Data           1  shoot_task.o(.data)
    up_dial_start_reset_locked_rotor_flag_last 0x20000025   Data           1  shoot_task.o(.data)
    fric_duandian_flag                       0x20000026   Data           1  shoot_task.o(.data)
    fric_shangdian_flag                      0x20000027   Data           1  shoot_task.o(.data)
    fric_shangdian_flag_last                 0x20000028   Data           1  shoot_task.o(.data)
    fric_target_init_flag                    0x20000029   Data           1  shoot_task.o(.data)
    fric_target_speed_flag                   0x2000002a   Data           1  shoot_task.o(.data)
    fric_10m                                 0x2000002c   Data           2  shoot_task.o(.data)
    fric_14m                                 0x2000002e   Data           2  shoot_task.o(.data)
    fric_15m                                 0x20000030   Data           2  shoot_task.o(.data)
    fric_target                              0x20000032   Data           2  shoot_task.o(.data)
    up_dial_rotate_cnt                       0x20000034   Data           2  shoot_task.o(.data)
    up_dial_start_reset_locked_rotor_cnt     0x20000036   Data           2  shoot_task.o(.data)
    up_dial_reset_locked_rotor_cnt           0x20000038   Data           2  shoot_task.o(.data)
    up_dial_dial_locked_rotor_cnt            0x2000003a   Data           2  shoot_task.o(.data)
    down_dial_rotate_cnt                     0x2000003c   Data           2  shoot_task.o(.data)
    fric_soft_start_cnt                      0x2000003e   Data           2  shoot_task.o(.data)
    fric_soft_start_ladder                   0x20000040   Data           2  shoot_task.o(.data)
    fric_speed                               0x20000042   Data           2  shoot_task.o(.data)
    fric_ladder_speed                        0x20000044   Data           2  shoot_task.o(.data)
    fric_ladder                              0x20000046   Data           2  shoot_task.o(.data)
    KEY_CTRL                                 0x20000048   Data           2  shoot_task.o(.data)
    KEY_CTRL_last                            0x2000004a   Data           2  shoot_task.o(.data)
    fric_shangdian_cnt                       0x2000004c   Data           2  shoot_task.o(.data)
    fric_UI_flag                             0x2000004e   Data           2  shoot_task.o(.data)
    autoaim_shoot_allowed_number             0x20000050   Data           2  shoot_task.o(.data)
    KEY_Q                                    0x20000052   Data           2  shoot_task.o(.data)
    KEY_Q_last                               0x20000054   Data           2  shoot_task.o(.data)
    KEY_E                                    0x20000056   Data           2  shoot_task.o(.data)
    KEY_E_last                               0x20000058   Data           2  shoot_task.o(.data)
    fric_soft_start_cnt_by_PWM               0x2000005a   Data           2  shoot_task.o(.data)
    up_dial_reset_offset_total_ecd           0x20000060   Data           8  shoot_task.o(.data)
    fric_ladder_target_speed                 0x20000068   Data           8  shoot_task.o(.data)
    INS_roll_for_UI                          0x20000070   Data           4  gimbal_task.o(.data)
    gyro_update_flag                         0x20000074   Data           1  ins_task.o(.data)
    accel_update_flag                        0x20000075   Data           1  ins_task.o(.data)
    accel_temp_update_flag                   0x20000076   Data           1  ins_task.o(.data)
    mag_update_flag                          0x20000077   Data           1  ins_task.o(.data)
    imu_start_dma_flag                       0x20000078   Data           1  ins_task.o(.data)
    imu_read_flag                            0x20000079   Data           1  ins_task.o(.data)
    accel_temp_dma_tx_buf                    0x20000080   Data           4  ins_task.o(.data)
    accel_temp_dma_rx_buf                    0x2000008c   Data           4  ins_task.o(.data)
    gyro_dma_tx_buf                          0x20000090   Data           8  ins_task.o(.data)
    gyro_dma_rx_buf                          0x20000098   Data           8  ins_task.o(.data)
    accel_dma_tx_buf                         0x200000a0   Data           9  ins_task.o(.data)
    gyro_scale_factor                        0x200000ac   Data          36  ins_task.o(.data)
    accel_scale_factor                       0x200000d0   Data          36  ins_task.o(.data)
    mag_scale_factor                         0x200000f4   Data          36  ins_task.o(.data)
    ChassisMode                              0x20000118   Data           1  chassis_task.o(.data)
    chassis_target_forward_speed_x           0x2000011a   Data           2  chassis_task.o(.data)
    chassis_target_traverse_speed_y          0x2000011c   Data           2  chassis_task.o(.data)
    chassis_target_rotation_speed_z          0x2000011e   Data           2  chassis_task.o(.data)
    xiaotuoluo_UI_flag                       0x20000120   Data           2  chassis_task.o(.data)
    CHASSIS_RC_MOVE_SENS                     0x20000124   Data           4  chassis_task.o(.data)
    CHASSIS_KEY_MOVE_SENS                    0x20000128   Data           4  chassis_task.o(.data)
    CHASSIS_KEY_hengyi_MOVE_SENS             0x2000012c   Data           4  chassis_task.o(.data)
    CHASSIS_RC_ROTATE_SENS                   0x20000130   Data           4  chassis_task.o(.data)
    CHASSIS_KEY_ROTATE_SENS                  0x20000134   Data           4  chassis_task.o(.data)
    fric_motor_speed_pid_Kp                  0x20000140   Data           4  fric_motor.o(.data)
    fric_motor_speed_pid_Ki                  0x20000144   Data           4  fric_motor.o(.data)
    fric_motor_speed_pid_Kd                  0x20000148   Data           4  fric_motor.o(.data)
    fric_motor_speed_pid_max_out             0x2000014c   Data           4  fric_motor.o(.data)
    fric_motor_speed_pid_max_iout            0x20000150   Data           4  fric_motor.o(.data)
    up_dial_motor_speed_pid_Kp               0x20000154   Data           4  dial_motor.o(.data)
    up_dial_motor_speed_pid_Ki               0x20000158   Data           4  dial_motor.o(.data)
    up_dial_motor_speed_pid_Kd               0x2000015c   Data           4  dial_motor.o(.data)
    up_dial_motor_speed_pid_max_out          0x20000160   Data           4  dial_motor.o(.data)
    up_dial_motor_speed_pid_max_iout         0x20000164   Data           4  dial_motor.o(.data)
    up_dial_motor_angle_pid_Kp               0x20000168   Data           4  dial_motor.o(.data)
    up_dial_motor_angle_pid_Ki               0x2000016c   Data           4  dial_motor.o(.data)
    up_dial_motor_angle_pid_Kd               0x20000170   Data           4  dial_motor.o(.data)
    up_dial_motor_angle_pid_max_out          0x20000174   Data           4  dial_motor.o(.data)
    up_dial_motor_angle_pid_max_iout         0x20000178   Data           4  dial_motor.o(.data)
    down_dial_motor_speed_pid_Kp             0x2000017c   Data           4  dial_motor.o(.data)
    down_dial_motor_speed_pid_Ki             0x20000180   Data           4  dial_motor.o(.data)
    down_dial_motor_speed_pid_Kd             0x20000184   Data           4  dial_motor.o(.data)
    down_dial_motor_speed_pid_max_out        0x20000188   Data           4  dial_motor.o(.data)
    down_dial_motor_speed_pid_max_iout       0x2000018c   Data           4  dial_motor.o(.data)
    down_dial_motor_angle_pid_Kp             0x20000190   Data           4  dial_motor.o(.data)
    down_dial_motor_angle_pid_Ki             0x20000194   Data           4  dial_motor.o(.data)
    down_dial_motor_angle_pid_Kd             0x20000198   Data           4  dial_motor.o(.data)
    down_dial_motor_angle_pid_max_out        0x2000019c   Data           4  dial_motor.o(.data)
    down_dial_motor_angle_pid_max_iout       0x200001a0   Data           4  dial_motor.o(.data)
    ack_status_value                         0x200001a4   Data           1  pitch_motor.o(.data)
    max_limit_flag                           0x200001a5   Data           1  pitch_motor.o(.data)
    min_limit_flag                           0x200001a6   Data           1  pitch_motor.o(.data)
    pitch_mode_flag                          0x200001a7   Data           1  pitch_motor.o(.data)
    pitch_mode_flag_last                     0x200001a8   Data           1  pitch_motor.o(.data)
    using_mouse_flag                         0x200001a9   Data           1  pitch_motor.o(.data)
    using_rc_flag                            0x200001aa   Data           1  pitch_motor.o(.data)
    using_mouse_flag_last                    0x200001ab   Data           1  pitch_motor.o(.data)
    using_rc_flag_last                       0x200001ac   Data           1  pitch_motor.o(.data)
    pitch_moving_flag                        0x200001ad   Data           1  pitch_motor.o(.data)
    pitch_moving_flag_last                   0x200001ae   Data           1  pitch_motor.o(.data)
    motor_id_check                           0x200001b0   Data           2  pitch_motor.o(.data)
    pitch_target_motor_current_or_torque     0x200001b2   Data           2  pitch_motor.o(.data)
    rc_ch1                                   0x200001b4   Data           2  pitch_motor.o(.data)
    rc_ch1_last                              0x200001b6   Data           2  pitch_motor.o(.data)
    rc_mouse_y                               0x200001b8   Data           2  pitch_motor.o(.data)
    rc_mouse_y_last                          0x200001ba   Data           2  pitch_motor.o(.data)
    KEY_C                                    0x200001bc   Data           2  pitch_motor.o(.data)
    KEY_C_last                               0x200001be   Data           2  pitch_motor.o(.data)
    KEY_B                                    0x200001c0   Data           2  pitch_motor.o(.data)
    KEY_B_last                               0x200001c2   Data           2  pitch_motor.o(.data)
    pitch_motor_INS_speed_pid_Kp             0x200001c4   Data           4  pitch_motor.o(.data)
    pitch_motor_INS_speed_pid_Ki             0x200001c8   Data           4  pitch_motor.o(.data)
    pitch_motor_INS_speed_pid_Kd             0x200001cc   Data           4  pitch_motor.o(.data)
    pitch_motor_INS_speed_pid_max_out        0x200001d0   Data           4  pitch_motor.o(.data)
    pitch_motor_INS_speed_pid_max_iout       0x200001d4   Data           4  pitch_motor.o(.data)
    pitch_motor_INS_angle_pid_Kp             0x200001d8   Data           4  pitch_motor.o(.data)
    pitch_motor_INS_angle_pid_Ki             0x200001dc   Data           4  pitch_motor.o(.data)
    pitch_motor_INS_angle_pid_Kd             0x200001e0   Data           4  pitch_motor.o(.data)
    pitch_motor_INS_angle_pid_max_out        0x200001e4   Data           4  pitch_motor.o(.data)
    pitch_motor_INS_angle_pid_max_iout       0x200001e8   Data           4  pitch_motor.o(.data)
    pitch_motor_autoaim_INS_speed_pid_Kp     0x200001ec   Data           4  pitch_motor.o(.data)
    pitch_motor_autoaim_INS_speed_pid_Ki     0x200001f0   Data           4  pitch_motor.o(.data)
    pitch_motor_autoaim_INS_speed_pid_Kd     0x200001f4   Data           4  pitch_motor.o(.data)
    pitch_motor_autoaim_INS_speed_pid_max_out 0x200001f8   Data           4  pitch_motor.o(.data)
    pitch_motor_autoaim_INS_speed_pid_max_iout 0x200001fc   Data           4  pitch_motor.o(.data)
    pitch_motor_autoaim_INS_angle_pid_Kp     0x20000200   Data           4  pitch_motor.o(.data)
    pitch_motor_autoaim_INS_angle_pid_Ki     0x20000204   Data           4  pitch_motor.o(.data)
    pitch_motor_autoaim_INS_angle_pid_Kd     0x20000208   Data           4  pitch_motor.o(.data)
    pitch_motor_autoaim_INS_angle_pid_max_out 0x2000020c   Data           4  pitch_motor.o(.data)
    pitch_motor_autoaim_INS_angle_pid_max_iout 0x20000210   Data           4  pitch_motor.o(.data)
    pitch_motor_mouse_INS_speed_pid_Kp       0x20000214   Data           4  pitch_motor.o(.data)
    pitch_motor_mouse_INS_speed_pid_Ki       0x20000218   Data           4  pitch_motor.o(.data)
    pitch_motor_mouse_INS_speed_pid_Kd       0x2000021c   Data           4  pitch_motor.o(.data)
    pitch_motor_mouse_INS_speed_pid_max_out  0x20000220   Data           4  pitch_motor.o(.data)
    pitch_motor_mouse_INS_speed_pid_max_iout 0x20000224   Data           4  pitch_motor.o(.data)
    pitch_motor_mouse_INS_angle_pid_Kp       0x20000228   Data           4  pitch_motor.o(.data)
    pitch_motor_mouse_INS_angle_pid_Ki       0x2000022c   Data           4  pitch_motor.o(.data)
    pitch_motor_mouse_INS_angle_pid_Kd       0x20000230   Data           4  pitch_motor.o(.data)
    pitch_motor_mouse_INS_angle_pid_max_out  0x20000234   Data           4  pitch_motor.o(.data)
    pitch_motor_mouse_INS_angle_pid_max_iout 0x20000238   Data           4  pitch_motor.o(.data)
    PITCH_RC_SENS                            0x2000023c   Data           4  pitch_motor.o(.data)
    PITCH_MOUSE_SENS                         0x20000240   Data           4  pitch_motor.o(.data)
    PITCH_MOUSE_AIM_ON_SENS                  0x20000244   Data           4  pitch_motor.o(.data)
    pitch_INS_angle                          0x20000248   Data           4  pitch_motor.o(.data)
    pitch_INS_speed                          0x2000024c   Data           4  pitch_motor.o(.data)
    pitch_target_INS_speed                   0x20000250   Data           4  pitch_motor.o(.data)
    pitch_target_INS_angle                   0x20000254   Data           4  pitch_motor.o(.data)
    pitch_target_INS_speed_last              0x20000258   Data           4  pitch_motor.o(.data)
    pitch_autoaim_target_INS_angle           0x2000025c   Data           4  pitch_motor.o(.data)
    pitch_autoaim_target_INS_speed           0x20000260   Data           4  pitch_motor.o(.data)
    rv_type_convert                          0x20000268   Data           4  pitch_motor.o(.data)
    motor4310_feedback                       0x2000026c   Data           4  pitch_motor.o(.data)
    yaw_mode_flag                            0x20000270   Data           1  yaw_motor.o(.data)
    yaw_mode_flag_last                       0x20000271   Data           1  yaw_motor.o(.data)
    yaw_moving_flag                          0x20000272   Data           1  yaw_motor.o(.data)
    yaw_moving_last_flag                     0x20000273   Data           1  yaw_motor.o(.data)
    Autoaim_UI_flag                          0x20000274   Data           1  yaw_motor.o(.data)
    KEY_Z                                    0x20000276   Data           2  yaw_motor.o(.data)
    KEY_Z_last                               0x20000278   Data           2  yaw_motor.o(.data)
    KEY_X                                    0x2000027a   Data           2  yaw_motor.o(.data)
    KEY_X_last                               0x2000027c   Data           2  yaw_motor.o(.data)
    yaw_motor_INS_speed_pid_Kp               0x20000280   Data           4  yaw_motor.o(.data)
    yaw_motor_INS_speed_pid_Ki               0x20000284   Data           4  yaw_motor.o(.data)
    yaw_motor_INS_speed_pid_Kd               0x20000288   Data           4  yaw_motor.o(.data)
    yaw_motor_INS_speed_pid_max_out          0x2000028c   Data           4  yaw_motor.o(.data)
    yaw_motor_INS_speed_pid_max_iout         0x20000290   Data           4  yaw_motor.o(.data)
    yaw_motor_INS_angle_pid_Kp               0x20000294   Data           4  yaw_motor.o(.data)
    yaw_motor_INS_angle_pid_Ki               0x20000298   Data           4  yaw_motor.o(.data)
    yaw_motor_INS_angle_pid_Kd               0x2000029c   Data           4  yaw_motor.o(.data)
    yaw_motor_INS_angle_pid_max_out          0x200002a0   Data           4  yaw_motor.o(.data)
    yaw_motor_INS_angle_pid_max_iout         0x200002a4   Data           4  yaw_motor.o(.data)
    yaw_motor_encoder_angle_pid_Kp           0x200002a8   Data           4  yaw_motor.o(.data)
    yaw_motor_encoder_angle_pid_Ki           0x200002ac   Data           4  yaw_motor.o(.data)
    yaw_motor_encoder_angle_pid_Kd           0x200002b0   Data           4  yaw_motor.o(.data)
    yaw_motor_encoder_angle_pid_max_out      0x200002b4   Data           4  yaw_motor.o(.data)
    yaw_motor_encoder_angle_pid_max_iout     0x200002b8   Data           4  yaw_motor.o(.data)
    yaw_motor_encoder_speed_pid_Kp           0x200002bc   Data           4  yaw_motor.o(.data)
    yaw_motor_encoder_speed_pid_Ki           0x200002c0   Data           4  yaw_motor.o(.data)
    yaw_motor_encoder_speed_pid_Kd           0x200002c4   Data           4  yaw_motor.o(.data)
    yaw_motor_encoder_speed_pid_max_out      0x200002c8   Data           4  yaw_motor.o(.data)
    yaw_motor_encoder_speed_pid_max_iout     0x200002cc   Data           4  yaw_motor.o(.data)
    yaw_motor_autoaim_INS_speed_pid_Kp       0x200002d0   Data           4  yaw_motor.o(.data)
    yaw_motor_autoaim_INS_speed_pid_Ki       0x200002d4   Data           4  yaw_motor.o(.data)
    yaw_motor_autoaim_INS_speed_pid_Kd       0x200002d8   Data           4  yaw_motor.o(.data)
    yaw_motor_autoaim_INS_speed_pid_max_out  0x200002dc   Data           4  yaw_motor.o(.data)
    yaw_motor_autoaim_INS_speed_pid_max_iout 0x200002e0   Data           4  yaw_motor.o(.data)
    yaw_motor_autoaim_INS_angle_pid_Kp       0x200002e4   Data           4  yaw_motor.o(.data)
    yaw_motor_autoaim_INS_angle_pid_Ki       0x200002e8   Data           4  yaw_motor.o(.data)
    yaw_motor_autoaim_INS_angle_pid_Kd       0x200002ec   Data           4  yaw_motor.o(.data)
    yaw_motor_autoaim_INS_angle_pid_max_out  0x200002f0   Data           4  yaw_motor.o(.data)
    yaw_motor_autoaim_INS_angle_pid_max_iout 0x200002f4   Data           4  yaw_motor.o(.data)
    yaw_motor_key_INS_speed_pid_Kp           0x200002f8   Data           4  yaw_motor.o(.data)
    yaw_motor_key_INS_speed_pid_Ki           0x200002fc   Data           4  yaw_motor.o(.data)
    yaw_motor_key_INS_speed_pid_Kd           0x20000300   Data           4  yaw_motor.o(.data)
    yaw_motor_key_INS_speed_pid_max_out      0x20000304   Data           4  yaw_motor.o(.data)
    yaw_motor_key_INS_speed_pid_max_iout     0x20000308   Data           4  yaw_motor.o(.data)
    YAW_MOUSE_SENS                           0x2000030c   Data           4  yaw_motor.o(.data)
    YAW_MOUSE_AIM_ON_SENS                    0x20000310   Data           4  yaw_motor.o(.data)
    yaw_INS_speed                            0x20000314   Data           4  yaw_motor.o(.data)
    yaw_INS_angle                            0x20000318   Data           4  yaw_motor.o(.data)
    yaw_target_INS_speed                     0x2000031c   Data           4  yaw_motor.o(.data)
    yaw_target_INS_angle                     0x20000320   Data           4  yaw_motor.o(.data)
    yaw_autoaim_target_INS_speed             0x20000324   Data           4  yaw_motor.o(.data)
    yaw_autoaim_target_INS_angle             0x20000328   Data           4  yaw_motor.o(.data)
    yaw_encoder_speed                        0x2000032c   Data           4  yaw_motor.o(.data)
    yaw_encoder_angle                        0x20000330   Data           4  yaw_motor.o(.data)
    yaw_target_encoder_speed                 0x20000334   Data           4  yaw_motor.o(.data)
    yaw_target_encoder_angle                 0x20000338   Data           4  yaw_motor.o(.data)
    aim_on_off_flag                          0x20000340   Data           1  aim_motor.o(.data)
    aim_motor_start_reset_locked_rotor_flag  0x20000341   Data           1  aim_motor.o(.data)
    aim_motor_start_reset_locked_rotor_flag_last 0x20000342   Data           1  aim_motor.o(.data)
    aim_motor_guan_jing_locked_rotor_flag    0x20000343   Data           1  aim_motor.o(.data)
    KEY_R                                    0x20000344   Data           2  aim_motor.o(.data)
    KEY_R_last                               0x20000346   Data           2  aim_motor.o(.data)
    KEY_F                                    0x20000348   Data           2  aim_motor.o(.data)
    KEY_F_last                               0x2000034a   Data           2  aim_motor.o(.data)
    KEY_G                                    0x2000034c   Data           2  aim_motor.o(.data)
    KEY_G_last                               0x2000034e   Data           2  aim_motor.o(.data)
    aim_motor_start_reset_locked_rotor_cnt   0x20000350   Data           2  aim_motor.o(.data)
    aim_motor_guan_jing_locked_rotor_cnt     0x20000352   Data           2  aim_motor.o(.data)
    aim_motor_encoder_speed_pid_Kp           0x20000354   Data           4  aim_motor.o(.data)
    aim_motor_encoder_speed_pid_Ki           0x20000358   Data           4  aim_motor.o(.data)
    aim_motor_encoder_speed_pid_Kd           0x2000035c   Data           4  aim_motor.o(.data)
    aim_motor_encoder_speed_pid_max_out      0x20000360   Data           4  aim_motor.o(.data)
    aim_motor_encoder_speed_pid_max_iout     0x20000364   Data           4  aim_motor.o(.data)
    aim_motor_encoder_angle_pid_Kp           0x20000368   Data           4  aim_motor.o(.data)
    aim_motor_encoder_angle_pid_Ki           0x2000036c   Data           4  aim_motor.o(.data)
    aim_motor_encoder_angle_pid_Kd           0x20000370   Data           4  aim_motor.o(.data)
    aim_motor_encoder_angle_pid_max_out      0x20000374   Data           4  aim_motor.o(.data)
    aim_motor_encoder_angle_pid_max_iout     0x20000378   Data           4  aim_motor.o(.data)
    aim_motor_offset_total_ecd               0x20000380   Data           8  aim_motor.o(.data)
    BMI088_ACCEL_SEN                         0x20000388   Data           4  bmi088driver.o(.data)
    BMI088_GYRO_SEN                          0x2000038c   Data           4  bmi088driver.o(.data)
    vofa_data2                               0x200003b4   Data          12  vofa.o(.data)
    vofa_data4                               0x200003c0   Data          20  vofa.o(.data)
    shoot_bullet_data                        0x200003d4   Data           4  can_receive.o(.data)
    bullet_data                              0x200003d8   Data           4  can_receive.o(.data)
    Autoaim_Mode                             0x200003de   Data           1  nmanifold_usart_task.o(.data)
    Autoaim_Armor                            0x200003df   Data           1  nmanifold_usart_task.o(.data)
    shijuefasong_or_not_watch                0x200003e0   Data           1  nmanifold_usart_task.o(.data)
    Protocol_Head                            0x200003e6   Data           3  nmanifold_usart_task.o(.data)
    Dial_Switch                              0x200003e9   Data           4  nmanifold_usart_task.o(.data)
    uwTickFreq                               0x200003f0   Data           1  stm32f4xx_hal.o(.data)
    uwTickPrio                               0x200003f4   Data           4  stm32f4xx_hal.o(.data)
    uwTick                                   0x200003f8   Data           4  stm32f4xx_hal.o(.data)
    pxCurrentTCB                             0x200003fc   Data           4  tasks.o(.data)
    hcan1                                    0x20000b3c   Data          40  can.o(.bss)
    hcan2                                    0x20000b64   Data          40  can.o(.bss)
    hi2c3                                    0x20000b8c   Data          84  i2c.o(.bss)
    hspi1                                    0x20000be0   Data          88  spi.o(.bss)
    hdma_spi1_rx                             0x20000c38   Data          96  spi.o(.bss)
    hdma_spi1_tx                             0x20000c98   Data          96  spi.o(.bss)
    htim1                                    0x20000cf8   Data          72  tim.o(.bss)
    htim3                                    0x20000d40   Data          72  tim.o(.bss)
    htim4                                    0x20000d88   Data          72  tim.o(.bss)
    htim8                                    0x20000dd0   Data          72  tim.o(.bss)
    htim10                                   0x20000e18   Data          72  tim.o(.bss)
    huart1                                   0x20000e60   Data          68  usart.o(.bss)
    huart3                                   0x20000ea4   Data          68  usart.o(.bss)
    huart6                                   0x20000ee8   Data          68  usart.o(.bss)
    hdma_usart1_tx                           0x20000f2c   Data          96  usart.o(.bss)
    hdma_usart1_rx                           0x20000f8c   Data          96  usart.o(.bss)
    hdma_usart3_rx                           0x20000fec   Data          96  usart.o(.bss)
    hdma_usart6_rx                           0x2000104c   Data          96  usart.o(.bss)
    hdma_usart6_tx                           0x200010ac   Data          96  usart.o(.bss)
    htim6                                    0x2000110c   Data          72  stm32f4xx_hal_timebase_tim.o(.bss)
    Game_Robot_State_last                    0x20001154   Data          27  shoot_task.o(.bss)
    rc_ctrl_last                             0x2000116f   Data          22  shoot_task.o(.bss)
    AutoAim_Data_Receive_last                0x20001185   Data          18  shoot_task.o(.bss)
    INS_accel                                0x200011a4   Data          12  ins_task.o(.bss)
    INS_angle                                0x200011cc   Data          12  ins_task.o(.bss)
    INS_angle_deg                            0x200011d8   Data          12  ins_task.o(.bss)
    bmi088_real_data                         0x20001208   Data          36  ins_task.o(.bss)
    bmi088_offset_data                       0x2000122c   Data          36  ins_task.o(.bss)
    ist8310_real_data                        0x20001250   Data          16  ins_task.o(.bss)
    accel_dma_rx_buf                         0x200012a8   Data           9  ins_task.o(.bss)
    gyro_offset                              0x200012b4   Data          12  ins_task.o(.bss)
    gyro_cali_offset                         0x200012c0   Data          12  ins_task.o(.bss)
    accel_offset                             0x200012cc   Data          12  ins_task.o(.bss)
    mag_offset                               0x200012d8   Data          12  ins_task.o(.bss)
    fric_motor_data                          0x200012e8   Data         112  fric_motor.o(.bss)
    fric_motor_speed_pid                     0x20001358   Data         144  fric_motor.o(.bss)
    fric_motor_speed_PID                     0x200013e8   Data          12  fric_motor.o(.bss)
    dial_motor_data                          0x200013f8   Data         112  dial_motor.o(.bss)
    dial_motor_speed_pid                     0x20001468   Data         144  dial_motor.o(.bss)
    dial_motor_angle_pid                     0x200014f8   Data         144  dial_motor.o(.bss)
    up_dial_motor_speed_PID                  0x20001588   Data          12  dial_motor.o(.bss)
    up_dial_motor_angle_PID                  0x20001594   Data          12  dial_motor.o(.bss)
    down_dial_motor_speed_PID                0x200015a0   Data          12  dial_motor.o(.bss)
    down_dial_motor_angle_PID                0x200015ac   Data          12  dial_motor.o(.bss)
    motor4310_data                           0x200015b8   Data         576  pitch_motor.o(.bss)
    pitch_motor_INS_angle_pid                0x200017f8   Data          72  pitch_motor.o(.bss)
    pitch_motor_INS_speed_pid                0x20001840   Data          72  pitch_motor.o(.bss)
    pitch_motor_mouse_INS_angle_pid          0x20001888   Data          72  pitch_motor.o(.bss)
    pitch_motor_mouse_INS_speed_pid          0x200018d0   Data          72  pitch_motor.o(.bss)
    pitch_motor_autoaim_INS_angle_pid        0x20001918   Data          72  pitch_motor.o(.bss)
    pitch_motor_autoaim_INS_speed_pid        0x20001960   Data          72  pitch_motor.o(.bss)
    pitch_motor_INS_speed_PID                0x200019a8   Data          12  pitch_motor.o(.bss)
    pitch_motor_INS_angle_PID                0x200019b4   Data          12  pitch_motor.o(.bss)
    pitch_motor_autoaim_INS_speed_PID        0x200019c0   Data          12  pitch_motor.o(.bss)
    pitch_motor_autoaim_INS_angle_PID        0x200019cc   Data          12  pitch_motor.o(.bss)
    pitch_motor_mouse_INS_speed_PID          0x200019d8   Data          12  pitch_motor.o(.bss)
    pitch_motor_mouse_INS_angle_PID          0x200019e4   Data          12  pitch_motor.o(.bss)
    yaw_motor_data                           0x200019f0   Data          56  yaw_motor.o(.bss)
    yaw_motor_INS_angle_pid                  0x20001a28   Data          72  yaw_motor.o(.bss)
    yaw_motor_INS_speed_pid                  0x20001a70   Data          72  yaw_motor.o(.bss)
    yaw_motor_key_INS_speed_pid              0x20001ab8   Data          72  yaw_motor.o(.bss)
    yaw_motor_autoaim_INS_speed_pid          0x20001b00   Data          72  yaw_motor.o(.bss)
    yaw_motor_autoaim_INS_angle_pid          0x20001b48   Data          72  yaw_motor.o(.bss)
    yaw_motor_encoder_angle_pid              0x20001b90   Data          72  yaw_motor.o(.bss)
    yaw_motor_encoder_speed_pid              0x20001bd8   Data          72  yaw_motor.o(.bss)
    yaw_motor_INS_speed_PID                  0x20001c20   Data          12  yaw_motor.o(.bss)
    yaw_motor_INS_angle_PID                  0x20001c2c   Data          12  yaw_motor.o(.bss)
    yaw_motor_encoder_angle_PID              0x20001c38   Data          12  yaw_motor.o(.bss)
    yaw_motor_encoder_speed_PID              0x20001c44   Data          12  yaw_motor.o(.bss)
    yaw_motor_autoaim_INS_speed_PID          0x20001c50   Data          12  yaw_motor.o(.bss)
    yaw_motor_autoaim_INS_angle_PID          0x20001c5c   Data          12  yaw_motor.o(.bss)
    yaw_motor_key_INS_speed_PID              0x20001c68   Data          12  yaw_motor.o(.bss)
    aim_motor_data                           0x20001c78   Data          56  aim_motor.o(.bss)
    aim_motor_encoder_angle_pid              0x20001cb0   Data          72  aim_motor.o(.bss)
    aim_motor_encoder_speed_pid              0x20001cf8   Data          72  aim_motor.o(.bss)
    aim_motor_encoder_speed_PID              0x20001d40   Data          12  aim_motor.o(.bss)
    aim_motor_encoder_angle_PID              0x20001d4c   Data          12  aim_motor.o(.bss)
    rc_ctrl_last3                            0x20001d58   Data          22  aim_motor.o(.bss)
    Game_Robot_State                         0x20001d6e   Data          27  referee.o(.bss)
    Power_Heat_Data                          0x20001d89   Data          16  referee.o(.bss)
    rc_ctrl                                  0x20001de1   Data          22  remote_control.o(.bss)
    Usart1_Dma_Txbuf                         0x20001df7   Data          64  nmanifold_usart_task.o(.bss)
    Usart1_Buf                               0x20001e37   Data          64  nmanifold_usart_task.o(.bss)
    NUC_USART_RxBuf                          0x20001e77   Data          32  nmanifold_usart_task.o(.bss)
    AutoAim_Data_Transmit                    0x20001e97   Data          13  nmanifold_usart_task.o(.bss)
    AutoAim_Data_Receive                     0x20001ea4   Data          18  nmanifold_usart_task.o(.bss)
    xQueueRegistry                           0x20001eb8   Data          64  queue.o(.bss)
    __initial_sp                             0x200084f8   Data           0  startup_stm32f407xx.o(STACK)



==============================================================================

Memory Map of the image

  Image Entry point : 0x08000189

  Load Region LR_IROM1 (Base: 0x08000000, Size: 0x0000d4ec, Max: 0x00100000, ABSOLUTE, COMPRESSED[0x0000d1d8])

    Execution Region ER_IROM1 (Exec base: 0x08000000, Load base: 0x08000000, Size: 0x0000d060, Max: 0x00100000, ABSOLUTE)

    Exec Addr    Load Addr    Size         Type   Attr      Idx    E Section Name        Object

    0x08000000   0x08000000   0x00000188   Data   RO            3    RESET               startup_stm32f407xx.o
    0x08000188   0x08000188   0x00000000   Code   RO         8509  * .ARM.Collect$$$$00000000  mc_w.l(entry.o)
    0x08000188   0x08000188   0x00000004   Code   RO         8557    .ARM.Collect$$$$00000001  mc_w.l(entry2.o)
    0x0800018c   0x0800018c   0x00000004   Code   RO         8560    .ARM.Collect$$$$00000004  mc_w.l(entry5.o)
    0x08000190   0x08000190   0x00000000   Code   RO         8562    .ARM.Collect$$$$00000008  mc_w.l(entry7b.o)
    0x08000190   0x08000190   0x00000000   Code   RO         8564    .ARM.Collect$$$$0000000A  mc_w.l(entry8b.o)
    0x08000190   0x08000190   0x00000008   Code   RO         8565    .ARM.Collect$$$$0000000B  mc_w.l(entry9a.o)
    0x08000198   0x08000198   0x00000000   Code   RO         8567    .ARM.Collect$$$$0000000D  mc_w.l(entry10a.o)
    0x08000198   0x08000198   0x00000000   Code   RO         8569    .ARM.Collect$$$$0000000F  mc_w.l(entry11a.o)
    0x08000198   0x08000198   0x00000004   Code   RO         8558    .ARM.Collect$$$$00002712  mc_w.l(entry2.o)
    0x0800019c   0x0800019c   0x000000be   Code   RO         8129    .emb_text           port.o
    0x0800025a   0x0800025a   0x00000002   PAD
    0x0800025c   0x0800025c   0x00000024   Code   RO            4    .text               startup_stm32f407xx.o
    0x08000280   0x08000280   0x00000078   Code   RO         8209    .text               arm_cortexM4lf_math.lib(arm_cos_f32.o)
    0x080002f8   0x080002f8   0x00000094   Code   RO         8259    .text               arm_cortexM4lf_math.lib(arm_sin_f32.o)
    0x0800038c   0x0800038c   0x00000062   Code   RO         8512    .text               mc_w.l(uldiv.o)
    0x080003ee   0x080003ee   0x00000024   Code   RO         8514    .text               mc_w.l(memcpya.o)
    0x08000412   0x08000412   0x00000024   Code   RO         8518    .text               mc_w.l(memseta.o)
    0x08000436   0x08000436   0x0000000e   Code   RO         8520    .text               mc_w.l(strlen.o)
    0x08000444   0x08000444   0x000000e4   Code   RO         8524    .text               mf_w.l(dmul.o)
    0x08000528   0x08000528   0x0000002c   Code   RO         8526    .text               mf_w.l(ffltl.o)
    0x08000554   0x08000554   0x00000022   Code   RO         8528    .text               mf_w.l(dflti.o)
    0x08000576   0x08000576   0x00000042   Code   RO         8532    .text               mf_w.l(ffixl.o)
    0x080005b8   0x080005b8   0x0000003e   Code   RO         8534    .text               mf_w.l(dfixi.o)
    0x080005f6   0x080005f6   0x0000001e   Code   RO         8571    .text               mc_w.l(llshl.o)
    0x08000614   0x08000614   0x00000020   Code   RO         8573    .text               mc_w.l(llushr.o)
    0x08000634   0x08000634   0x00000000   Code   RO         8582    .text               mc_w.l(iusefp.o)
    0x08000634   0x08000634   0x0000006e   Code   RO         8583    .text               mf_w.l(fepilogue.o)
    0x080006a2   0x080006a2   0x000000ba   Code   RO         8585    .text               mf_w.l(depilogue.o)
    0x0800075c   0x0800075c   0x00000024   Code   RO         8589    .text               mc_w.l(init.o)
    0x08000780   0x08000780   0x00000056   Code   RO         8599    .text               mc_w.l(__dczerorl2.o)
    0x080007d6   0x080007d6   0x00000004   Code   RO         2635    i.AHRS_asinf        ahrs_middleware.o
    0x080007da   0x080007da   0x00000004   Code   RO         2636    i.AHRS_atan2f       ahrs_middleware.o
    0x080007de   0x080007de   0x00000004   Code   RO         2637    i.AHRS_cosf         ahrs_middleware.o
    0x080007e2   0x080007e2   0x0000001a   Code   RO         8280    i.AHRS_fabs         AHRS.lib(ahrs.o)
    0x080007fc   0x080007fc   0x00000014   Code   RO         2638    i.AHRS_get_height   ahrs_middleware.o
    0x08000810   0x08000810   0x0000000e   Code   RO         2639    i.AHRS_get_latitude  ahrs_middleware.o
    0x0800081e   0x0800081e   0x00000002   PAD
    0x08000820   0x08000820   0x0000029c   Code   RO         8281    i.AHRS_init         AHRS.lib(ahrs.o)
    0x08000abc   0x08000abc   0x00000014   Code   RO         2640    i.AHRS_invSqrt      ahrs_middleware.o
    0x08000ad0   0x08000ad0   0x00000004   Code   RO         2641    i.AHRS_sinf         ahrs_middleware.o
    0x08000ad4   0x08000ad4   0x0000013a   Code   RO         8282    i.AHRS_update       AHRS.lib(ahrs.o)
    0x08000c0e   0x08000c0e   0x00000002   PAD
    0x08000c10   0x08000c10   0x000001a8   Code   RO         2070    i.Aim_Motor_Control  aim_motor.o
    0x08000db8   0x08000db8   0x00000010   Code   RO         2376    i.BMI088_ACCEL_NS_H  bmi088middleware.o
    0x08000dc8   0x08000dc8   0x00000010   Code   RO         2377    i.BMI088_ACCEL_NS_L  bmi088middleware.o
    0x08000dd8   0x08000dd8   0x00000002   Code   RO         2378    i.BMI088_GPIO_init  bmi088middleware.o
    0x08000dda   0x08000dda   0x00000002   PAD
    0x08000ddc   0x08000ddc   0x00000010   Code   RO         2379    i.BMI088_GYRO_NS_H  bmi088middleware.o
    0x08000dec   0x08000dec   0x00000010   Code   RO         2380    i.BMI088_GYRO_NS_L  bmi088middleware.o
    0x08000dfc   0x08000dfc   0x00000080   Code   RO         2129    i.BMI088_accel_read_over  bmi088driver.o
    0x08000e7c   0x08000e7c   0x00000002   Code   RO         2381    i.BMI088_com_init   bmi088middleware.o
    0x08000e7e   0x08000e7e   0x00000004   Code   RO         2382    i.BMI088_delay_ms   bmi088middleware.o
    0x08000e82   0x08000e82   0x00000004   Code   RO         2383    i.BMI088_delay_us   bmi088middleware.o
    0x08000e86   0x08000e86   0x00000002   PAD
    0x08000e88   0x08000e88   0x00000060   Code   RO         2130    i.BMI088_gyro_read_over  bmi088driver.o
    0x08000ee8   0x08000ee8   0x0000002e   Code   RO         2131    i.BMI088_init       bmi088driver.o
    0x08000f16   0x08000f16   0x00000002   PAD
    0x08000f18   0x08000f18   0x00000158   Code   RO         2132    i.BMI088_read       bmi088driver.o
    0x08001070   0x08001070   0x00000024   Code   RO         2135    i.BMI088_read_muli_reg  bmi088driver.o
    0x08001094   0x08001094   0x00000016   Code   RO         2136    i.BMI088_read_single_reg  bmi088driver.o
    0x080010aa   0x080010aa   0x00000002   PAD
    0x080010ac   0x080010ac   0x00000020   Code   RO         2384    i.BMI088_read_write_byte  bmi088middleware.o
    0x080010cc   0x080010cc   0x0000002e   Code   RO         2137    i.BMI088_temperature_read_over  bmi088driver.o
    0x080010fa   0x080010fa   0x00000012   Code   RO         2138    i.BMI088_write_single_reg  bmi088driver.o
    0x0800110c   0x0800110c   0x00000002   Code   RO          677    i.BusFault_Handler  stm32f4xx_it.o
    0x0800110e   0x0800110e   0x00000002   PAD
    0x08001110   0x08001110   0x0000000c   Code   RO          678    i.CAN1_RX0_IRQHandler  stm32f4xx_it.o
    0x0800111c   0x0800111c   0x0000000c   Code   RO          679    i.CAN2_RX0_IRQHandler  stm32f4xx_it.o
    0x08001128   0x08001128   0x00000020   Code   RO         3043    i.CRC_Calculation   nmanifold_usart_task.o
    0x08001148   0x08001148   0x0000000c   Code   RO          680    i.DMA1_Stream1_IRQHandler  stm32f4xx_it.o
    0x08001154   0x08001154   0x0000000c   Code   RO          681    i.DMA2_Stream1_IRQHandler  stm32f4xx_it.o
    0x08001160   0x08001160   0x000002c4   Code   RO         1236    i.DMA2_Stream2_IRQHandler  ins_task.o
    0x08001424   0x08001424   0x0000000c   Code   RO          682    i.DMA2_Stream3_IRQHandler  stm32f4xx_it.o
    0x08001430   0x08001430   0x0000000c   Code   RO          683    i.DMA2_Stream5_IRQHandler  stm32f4xx_it.o
    0x0800143c   0x0800143c   0x0000000c   Code   RO          684    i.DMA2_Stream6_IRQHandler  stm32f4xx_it.o
    0x08001448   0x08001448   0x0000000c   Code   RO          685    i.DMA2_Stream7_IRQHandler  stm32f4xx_it.o
    0x08001454   0x08001454   0x00000034   Code   RO         3844    i.DMA_CalcBaseAndBitshift  stm32f4xx_hal_dma.o
    0x08001488   0x08001488   0x0000007e   Code   RO         3845    i.DMA_CheckFifoParam  stm32f4xx_hal_dma.o
    0x08001506   0x08001506   0x00000038   Code   RO         3846    i.DMA_SetConfig     stm32f4xx_hal_dma.o
    0x0800153e   0x0800153e   0x00000002   Code   RO          686    i.DebugMon_Handler  stm32f4xx_it.o
    0x08001540   0x08001540   0x00000006   Code   RO          687    i.EXTI0_IRQHandler  stm32f4xx_it.o
    0x08001546   0x08001546   0x00000006   Code   RO          688    i.EXTI3_IRQHandler  stm32f4xx_it.o
    0x0800154c   0x0800154c   0x00000006   Code   RO          689    i.EXTI4_IRQHandler  stm32f4xx_it.o
    0x08001552   0x08001552   0x00000006   Code   RO          690    i.EXTI9_5_IRQHandler  stm32f4xx_it.o
    0x08001558   0x08001558   0x00000002   Code   RO           13    i.Error_Handler     main.o
    0x0800155a   0x0800155a   0x00000024   Code   RO         3107    i.HAL_CAN_ActivateNotification  stm32f4xx_hal_can.o
    0x0800157e   0x0800157e   0x00000104   Code   RO         3108    i.HAL_CAN_AddTxMessage  stm32f4xx_hal_can.o
    0x08001682   0x08001682   0x00000002   PAD
    0x08001684   0x08001684   0x00000128   Code   RO         3109    i.HAL_CAN_ConfigFilter  stm32f4xx_hal_can.o
    0x080017ac   0x080017ac   0x00000002   Code   RO         3112    i.HAL_CAN_ErrorCallback  stm32f4xx_hal_can.o
    0x080017ae   0x080017ae   0x0000016c   Code   RO         3115    i.HAL_CAN_GetRxMessage  stm32f4xx_hal_can.o
    0x0800191a   0x0800191a   0x00000234   Code   RO         3119    i.HAL_CAN_IRQHandler  stm32f4xx_hal_can.o
    0x08001b4e   0x08001b4e   0x00000168   Code   RO         3120    i.HAL_CAN_Init      stm32f4xx_hal_can.o
    0x08001cb6   0x08001cb6   0x00000002   PAD
    0x08001cb8   0x08001cb8   0x000000fc   Code   RO          395    i.HAL_CAN_MspInit   can.o
    0x08001db4   0x08001db4   0x00000002   Code   RO         3127    i.HAL_CAN_RxFifo0FullCallback  stm32f4xx_hal_can.o
    0x08001db6   0x08001db6   0x00000002   PAD
    0x08001db8   0x08001db8   0x0000012c   Code   RO         2911    i.HAL_CAN_RxFifo0MsgPendingCallback  can_receive.o
    0x08001ee4   0x08001ee4   0x00000002   Code   RO         3129    i.HAL_CAN_RxFifo1FullCallback  stm32f4xx_hal_can.o
    0x08001ee6   0x08001ee6   0x00000002   Code   RO         3130    i.HAL_CAN_RxFifo1MsgPendingCallback  stm32f4xx_hal_can.o
    0x08001ee8   0x08001ee8   0x00000002   Code   RO         3131    i.HAL_CAN_SleepCallback  stm32f4xx_hal_can.o
    0x08001eea   0x08001eea   0x00000064   Code   RO         3132    i.HAL_CAN_Start     stm32f4xx_hal_can.o
    0x08001f4e   0x08001f4e   0x00000002   Code   RO         3134    i.HAL_CAN_TxMailbox0AbortCallback  stm32f4xx_hal_can.o
    0x08001f50   0x08001f50   0x00000002   Code   RO         3135    i.HAL_CAN_TxMailbox0CompleteCallback  stm32f4xx_hal_can.o
    0x08001f52   0x08001f52   0x00000002   Code   RO         3136    i.HAL_CAN_TxMailbox1AbortCallback  stm32f4xx_hal_can.o
    0x08001f54   0x08001f54   0x00000002   Code   RO         3137    i.HAL_CAN_TxMailbox1CompleteCallback  stm32f4xx_hal_can.o
    0x08001f56   0x08001f56   0x00000002   Code   RO         3138    i.HAL_CAN_TxMailbox2AbortCallback  stm32f4xx_hal_can.o
    0x08001f58   0x08001f58   0x00000002   Code   RO         3139    i.HAL_CAN_TxMailbox2CompleteCallback  stm32f4xx_hal_can.o
    0x08001f5a   0x08001f5a   0x00000002   Code   RO         3141    i.HAL_CAN_WakeUpFromRxMsgCallback  stm32f4xx_hal_can.o
    0x08001f5c   0x08001f5c   0x000000a2   Code   RO         3847    i.HAL_DMA_Abort     stm32f4xx_hal_dma.o
    0x08001ffe   0x08001ffe   0x00000024   Code   RO         3848    i.HAL_DMA_Abort_IT  stm32f4xx_hal_dma.o
    0x08002022   0x08002022   0x00000002   PAD
    0x08002024   0x08002024   0x000001ec   Code   RO         3852    i.HAL_DMA_IRQHandler  stm32f4xx_hal_dma.o
    0x08002210   0x08002210   0x000000ec   Code   RO         3853    i.HAL_DMA_Init      stm32f4xx_hal_dma.o
    0x080022fc   0x080022fc   0x00000070   Code   RO         3857    i.HAL_DMA_Start_IT  stm32f4xx_hal_dma.o
    0x0800236c   0x0800236c   0x0000007c   Code   RO         1237    i.HAL_GPIO_EXTI_Callback  ins_task.o
    0x080023e8   0x080023e8   0x00000018   Code   RO         3739    i.HAL_GPIO_EXTI_IRQHandler  stm32f4xx_hal_gpio.o
    0x08002400   0x08002400   0x0000022c   Code   RO         3740    i.HAL_GPIO_Init     stm32f4xx_hal_gpio.o
    0x0800262c   0x0800262c   0x0000000e   Code   RO         3742    i.HAL_GPIO_ReadPin  stm32f4xx_hal_gpio.o
    0x0800263a   0x0800263a   0x0000000e   Code   RO         3744    i.HAL_GPIO_WritePin  stm32f4xx_hal_gpio.o
    0x08002648   0x08002648   0x0000000c   Code   RO         4267    i.HAL_GetTick       stm32f4xx_hal.o
    0x08002654   0x08002654   0x000001ac   Code   RO         4523    i.HAL_I2C_Init      stm32f4xx_hal_i2c.o
    0x08002800   0x08002800   0x000002c0   Code   RO         4541    i.HAL_I2C_Mem_Read  stm32f4xx_hal_i2c.o
    0x08002ac0   0x08002ac0   0x00000174   Code   RO         4544    i.HAL_I2C_Mem_Write  stm32f4xx_hal_i2c.o
    0x08002c34   0x08002c34   0x00000088   Code   RO          468    i.HAL_I2C_MspInit   i2c.o
    0x08002cbc   0x08002cbc   0x00000010   Code   RO         4273    i.HAL_IncTick       stm32f4xx_hal.o
    0x08002ccc   0x08002ccc   0x00000034   Code   RO         4274    i.HAL_Init          stm32f4xx_hal.o
    0x08002d00   0x08002d00   0x00000098   Code   RO          849    i.HAL_InitTick      stm32f4xx_hal_timebase_tim.o
    0x08002d98   0x08002d98   0x00000038   Code   RO          825    i.HAL_MspInit       stm32f4xx_hal_msp.o
    0x08002dd0   0x08002dd0   0x0000001c   Code   RO         4129    i.HAL_NVIC_EnableIRQ  stm32f4xx_hal_cortex.o
    0x08002dec   0x08002dec   0x00000068   Code   RO         4135    i.HAL_NVIC_SetPriority  stm32f4xx_hal_cortex.o
    0x08002e54   0x08002e54   0x00000024   Code   RO         4136    i.HAL_NVIC_SetPriorityGrouping  stm32f4xx_hal_cortex.o
    0x08002e78   0x08002e78   0x0000017c   Code   RO         3341    i.HAL_RCC_ClockConfig  stm32f4xx_hal_rcc.o
    0x08002ff4   0x08002ff4   0x0000003c   Code   RO         3345    i.HAL_RCC_GetClockConfig  stm32f4xx_hal_rcc.o
    0x08003030   0x08003030   0x0000000c   Code   RO         3346    i.HAL_RCC_GetHCLKFreq  stm32f4xx_hal_rcc.o
    0x0800303c   0x0800303c   0x00000020   Code   RO         3348    i.HAL_RCC_GetPCLK1Freq  stm32f4xx_hal_rcc.o
    0x0800305c   0x0800305c   0x00000020   Code   RO         3349    i.HAL_RCC_GetPCLK2Freq  stm32f4xx_hal_rcc.o
    0x0800307c   0x0800307c   0x00000070   Code   RO         3350    i.HAL_RCC_GetSysClockFreq  stm32f4xx_hal_rcc.o
    0x080030ec   0x080030ec   0x00000482   Code   RO         3353    i.HAL_RCC_OscConfig  stm32f4xx_hal_rcc.o
    0x0800356e   0x0800356e   0x000000be   Code   RO         5013    i.HAL_SPI_Init      stm32f4xx_hal_spi.o
    0x0800362c   0x0800362c   0x00000100   Code   RO          510    i.HAL_SPI_MspInit   spi.o
    0x0800372c   0x0800372c   0x000001f8   Code   RO         5022    i.HAL_SPI_TransmitReceive  stm32f4xx_hal_spi.o
    0x08003924   0x08003924   0x00000002   Code   RO         6041    i.HAL_TIMEx_BreakCallback  stm32f4xx_hal_tim_ex.o
    0x08003926   0x08003926   0x00000002   Code   RO         6042    i.HAL_TIMEx_CommutCallback  stm32f4xx_hal_tim_ex.o
    0x08003928   0x08003928   0x00000066   Code   RO         6044    i.HAL_TIMEx_ConfigBreakDeadTime  stm32f4xx_hal_tim_ex.o
    0x0800398e   0x0800398e   0x0000009a   Code   RO         6060    i.HAL_TIMEx_MasterConfigSynchronization  stm32f4xx_hal_tim_ex.o
    0x08003a28   0x08003a28   0x0000005c   Code   RO         5326    i.HAL_TIM_Base_Init  stm32f4xx_hal_tim.o
    0x08003a84   0x08003a84   0x00000090   Code   RO          552    i.HAL_TIM_Base_MspInit  tim.o
    0x08003b14   0x08003b14   0x00000080   Code   RO         5329    i.HAL_TIM_Base_Start  stm32f4xx_hal_tim.o
    0x08003b94   0x08003b94   0x0000008a   Code   RO         5331    i.HAL_TIM_Base_Start_IT  stm32f4xx_hal_tim.o
    0x08003c1e   0x08003c1e   0x000000ea   Code   RO         5335    i.HAL_TIM_ConfigClockSource  stm32f4xx_hal_tim.o
    0x08003d08   0x08003d08   0x00000002   Code   RO         5360    i.HAL_TIM_IC_CaptureCallback  stm32f4xx_hal_tim.o
    0x08003d0a   0x08003d0a   0x00000174   Code   RO         5374    i.HAL_TIM_IRQHandler  stm32f4xx_hal_tim.o
    0x08003e7e   0x08003e7e   0x00000002   PAD
    0x08003e80   0x08003e80   0x00000138   Code   RO          553    i.HAL_TIM_MspPostInit  tim.o
    0x08003fb8   0x08003fb8   0x00000002   Code   RO         5377    i.HAL_TIM_OC_DelayElapsedCallback  stm32f4xx_hal_tim.o
    0x08003fba   0x08003fba   0x000000d8   Code   RO         5398    i.HAL_TIM_PWM_ConfigChannel  stm32f4xx_hal_tim.o
    0x08004092   0x08004092   0x0000005c   Code   RO         5401    i.HAL_TIM_PWM_Init  stm32f4xx_hal_tim.o
    0x080040ee   0x080040ee   0x00000002   Code   RO         5403    i.HAL_TIM_PWM_MspInit  stm32f4xx_hal_tim.o
    0x080040f0   0x080040f0   0x00000002   Code   RO         5404    i.HAL_TIM_PWM_PulseFinishedCallback  stm32f4xx_hal_tim.o
    0x080040f2   0x080040f2   0x00000002   PAD
    0x080040f4   0x080040f4   0x000000dc   Code   RO         5406    i.HAL_TIM_PWM_Start  stm32f4xx_hal_tim.o
    0x080041d0   0x080041d0   0x00000014   Code   RO           14    i.HAL_TIM_PeriodElapsedCallback  main.o
    0x080041e4   0x080041e4   0x00000002   Code   RO         5417    i.HAL_TIM_TriggerCallback  stm32f4xx_hal_tim.o
    0x080041e6   0x080041e6   0x00000002   Code   RO         6319    i.HAL_UARTEx_RxEventCallback  stm32f4xx_hal_uart.o
    0x080041e8   0x080041e8   0x00000002   Code   RO         6333    i.HAL_UART_ErrorCallback  stm32f4xx_hal_uart.o
    0x080041ea   0x080041ea   0x00000002   PAD
    0x080041ec   0x080041ec   0x00000260   Code   RO         6336    i.HAL_UART_IRQHandler  stm32f4xx_hal_uart.o
    0x0800444c   0x0800444c   0x00000064   Code   RO         6337    i.HAL_UART_Init     stm32f4xx_hal_uart.o
    0x080044b0   0x080044b0   0x00000290   Code   RO          624    i.HAL_UART_MspInit  usart.o
    0x08004740   0x08004740   0x00000002   Code   RO         6343    i.HAL_UART_RxCpltCallback  stm32f4xx_hal_uart.o
    0x08004742   0x08004742   0x00000002   PAD
    0x08004744   0x08004744   0x000000a0   Code   RO         6346    i.HAL_UART_Transmit_DMA  stm32f4xx_hal_uart.o
    0x080047e4   0x080047e4   0x00000002   Code   RO         6348    i.HAL_UART_TxCpltCallback  stm32f4xx_hal_uart.o
    0x080047e6   0x080047e6   0x00000002   Code   RO         6349    i.HAL_UART_TxHalfCpltCallback  stm32f4xx_hal_uart.o
    0x080047e8   0x080047e8   0x00000002   Code   RO          691    i.HardFault_Handler  stm32f4xx_it.o
    0x080047ea   0x080047ea   0x00000032   Code   RO         4566    i.I2C_IsAcknowledgeFailed  stm32f4xx_hal_i2c.o
    0x0800481c   0x0800481c   0x00000154   Code   RO         4577    i.I2C_RequestMemoryRead  stm32f4xx_hal_i2c.o
    0x08004970   0x08004970   0x000000d0   Code   RO         4578    i.I2C_RequestMemoryWrite  stm32f4xx_hal_i2c.o
    0x08004a40   0x08004a40   0x0000005c   Code   RO         4586    i.I2C_WaitOnBTFFlagUntilTimeout  stm32f4xx_hal_i2c.o
    0x08004a9c   0x08004a9c   0x000000b4   Code   RO         4587    i.I2C_WaitOnFlagUntilTimeout  stm32f4xx_hal_i2c.o
    0x08004b50   0x08004b50   0x000000ce   Code   RO         4588    i.I2C_WaitOnMasterAddressFlagUntilTimeout  stm32f4xx_hal_i2c.o
    0x08004c1e   0x08004c1e   0x0000007c   Code   RO         4589    i.I2C_WaitOnRXNEFlagUntilTimeout  stm32f4xx_hal_i2c.o
    0x08004c9a   0x08004c9a   0x0000005c   Code   RO         4592    i.I2C_WaitOnTXEFlagUntilTimeout  stm32f4xx_hal_i2c.o
    0x08004cf6   0x08004cf6   0x00000002   PAD
    0x08004cf8   0x08004cf8   0x00000290   Code   RO         1240    i.INS_task          ins_task.o
    0x08004f88   0x08004f88   0x00000048   Code   RO          396    i.MX_CAN1_Init      can.o
    0x08004fd0   0x08004fd0   0x00000048   Code   RO          397    i.MX_CAN2_Init      can.o
    0x08005018   0x08005018   0x0000009c   Code   RO          443    i.MX_DMA_Init       dma.o
    0x080050b4   0x080050b4   0x000000c0   Code   RO          282    i.MX_FREERTOS_Init  freertos.o
    0x08005174   0x08005174   0x0000017c   Code   RO          257    i.MX_GPIO_Init      gpio.o
    0x080052f0   0x080052f0   0x00000040   Code   RO          469    i.MX_I2C3_Init      i2c.o
    0x08005330   0x08005330   0x00000048   Code   RO          511    i.MX_SPI1_Init      spi.o
    0x08005378   0x08005378   0x00000064   Code   RO          554    i.MX_TIM10_Init     tim.o
    0x080053dc   0x080053dc   0x00000100   Code   RO          555    i.MX_TIM1_Init      tim.o
    0x080054dc   0x080054dc   0x00000098   Code   RO          556    i.MX_TIM3_Init      tim.o
    0x08005574   0x08005574   0x00000098   Code   RO          557    i.MX_TIM4_Init      tim.o
    0x0800560c   0x0800560c   0x000000f8   Code   RO          558    i.MX_TIM8_Init      tim.o
    0x08005704   0x08005704   0x00000038   Code   RO          625    i.MX_USART1_UART_Init  usart.o
    0x0800573c   0x0800573c   0x0000003c   Code   RO          626    i.MX_USART3_UART_Init  usart.o
    0x08005778   0x08005778   0x00000038   Code   RO          627    i.MX_USART6_UART_Init  usart.o
    0x080057b0   0x080057b0   0x00000002   Code   RO          692    i.MemManage_Handler  stm32f4xx_it.o
    0x080057b2   0x080057b2   0x00000002   Code   RO          693    i.NMI_Handler       stm32f4xx_it.o
    0x080057b4   0x080057b4   0x0000003c   Code   RO         3044    i.NUC_Data_Unpack   nmanifold_usart_task.o
    0x080057f0   0x080057f0   0x00000108   Code   RO         3045    i.NUC_Usart_Tx      nmanifold_usart_task.o
    0x080058f8   0x080058f8   0x00000128   Code   RO         2483    i.PID_calc          pid.o
    0x08005a20   0x08005a20   0x0000005c   Code   RO         2485    i.PID_init          pid.o
    0x08005a7c   0x08005a7c   0x00000016   Code   RO         1466    i.PWM_init          bsp_pwm.o
    0x08005a92   0x08005a92   0x00000002   PAD
    0x08005a94   0x08005a94   0x00000030   Code   RO         1789    i.Pitch_Motor_Control  pitch_motor.o
    0x08005ac4   0x08005ac4   0x000000a0   Code   RO         1790    i.Pitch_Motor_Control_in_Autoaim_Mode  pitch_motor.o
    0x08005b64   0x08005b64   0x00000310   Code   RO         1791    i.Pitch_Motor_Control_in_RC_Mode  pitch_motor.o
    0x08005e74   0x08005e74   0x00000060   Code   RO         1438    i.RC_init           bsp_rc.o
    0x08005ed4   0x08005ed4   0x00001274   Code   RO         1505    i.SPI1_DMA_enable   bsp_spi.o
    0x08007148   0x08007148   0x000000f0   Code   RO         1506    i.SPI1_DMA_init     bsp_spi.o
    0x08007238   0x08007238   0x00000064   Code   RO         5051    i.SPI_EndRxTxTransaction  stm32f4xx_hal_spi.o
    0x0800729c   0x0800729c   0x000000d8   Code   RO         5056    i.SPI_WaitFlagStateUntilTimeout  stm32f4xx_hal_spi.o
    0x08007374   0x08007374   0x0000002c   Code   RO         8130    i.SysTick_Handler   port.o
    0x080073a0   0x080073a0   0x00000084   Code   RO           15    i.SystemClock_Config  main.o
    0x08007424   0x08007424   0x0000001c   Code   RO          889    i.SystemInit        system_stm32f4xx.o
    0x08007440   0x08007440   0x0000000c   Code   RO          694    i.TIM6_DAC_IRQHandler  stm32f4xx_it.o
    0x0800744c   0x0800744c   0x000000cc   Code   RO         5419    i.TIM_Base_SetConfig  stm32f4xx_hal_tim.o
    0x08007518   0x08007518   0x0000001e   Code   RO         5420    i.TIM_CCxChannelCmd  stm32f4xx_hal_tim.o
    0x08007536   0x08007536   0x00000016   Code   RO         5430    i.TIM_ETR_SetConfig  stm32f4xx_hal_tim.o
    0x0800754c   0x0800754c   0x00000010   Code   RO         5431    i.TIM_ITRx_SetConfig  stm32f4xx_hal_tim.o
    0x0800755c   0x0800755c   0x00000070   Code   RO         5432    i.TIM_OC1_SetConfig  stm32f4xx_hal_tim.o
    0x080075cc   0x080075cc   0x00000078   Code   RO         5433    i.TIM_OC2_SetConfig  stm32f4xx_hal_tim.o
    0x08007644   0x08007644   0x00000078   Code   RO         5434    i.TIM_OC3_SetConfig  stm32f4xx_hal_tim.o
    0x080076bc   0x080076bc   0x00000058   Code   RO         5435    i.TIM_OC4_SetConfig  stm32f4xx_hal_tim.o
    0x08007714   0x08007714   0x00000026   Code   RO         5437    i.TIM_TI1_ConfigInputStage  stm32f4xx_hal_tim.o
    0x0800773a   0x0800773a   0x00000024   Code   RO         5439    i.TIM_TI2_ConfigInputStage  stm32f4xx_hal_tim.o
    0x0800775e   0x0800775e   0x00000010   Code   RO         6350    i.UART_DMAAbortOnError  stm32f4xx_hal_uart.o
    0x0800776e   0x0800776e   0x0000004a   Code   RO         6351    i.UART_DMAError     stm32f4xx_hal_uart.o
    0x080077b8   0x080077b8   0x00000044   Code   RO         6356    i.UART_DMATransmitCplt  stm32f4xx_hal_uart.o
    0x080077fc   0x080077fc   0x0000000a   Code   RO         6358    i.UART_DMATxHalfCplt  stm32f4xx_hal_uart.o
    0x08007806   0x08007806   0x0000004e   Code   RO         6360    i.UART_EndRxTransfer  stm32f4xx_hal_uart.o
    0x08007854   0x08007854   0x0000001a   Code   RO         6361    i.UART_EndTransmit_IT  stm32f4xx_hal_uart.o
    0x0800786e   0x0800786e   0x0000001c   Code   RO         6362    i.UART_EndTxTransfer  stm32f4xx_hal_uart.o
    0x0800788a   0x0800788a   0x000000c8   Code   RO         6363    i.UART_Receive_IT   stm32f4xx_hal_uart.o
    0x08007952   0x08007952   0x00000002   PAD
    0x08007954   0x08007954   0x000000fc   Code   RO         6364    i.UART_SetConfig    stm32f4xx_hal_uart.o
    0x08007a50   0x08007a50   0x0000005e   Code   RO         6367    i.UART_Transmit_IT  stm32f4xx_hal_uart.o
    0x08007aae   0x08007aae   0x00000002   PAD
    0x08007ab0   0x08007ab0   0x00000014   Code   RO          695    i.USART1_IRQHandler  stm32f4xx_it.o
    0x08007ac4   0x08007ac4   0x00000088   Code   RO         3046    i.USART1_IRQHandler_1  nmanifold_usart_task.o
    0x08007b4c   0x08007b4c   0x000000b4   Code   RO         2952    i.USART3_IRQHandler  remote_control.o
    0x08007c00   0x08007c00   0x0000000c   Code   RO          696    i.USART6_IRQHandler  stm32f4xx_it.o
    0x08007c0c   0x08007c0c   0x00000002   Code   RO          697    i.UsageFault_Handler  stm32f4xx_it.o
    0x08007c0e   0x08007c0e   0x00000002   PAD
    0x08007c10   0x08007c10   0x00000050   Code   RO         1973    i.Yaw_Motor_Control  yaw_motor.o
    0x08007c60   0x08007c60   0x0000009c   Code   RO         1974    i.Yaw_Motor_Control_in_Autoaim_Mode  yaw_motor.o
    0x08007cfc   0x08007cfc   0x00000160   Code   RO         1976    i.Yaw_Motor_Control_in_RC_Mode  yaw_motor.o
    0x08007e5c   0x08007e5c   0x00000026   Code   RO         8538    i.__ARM_fpclassifyf  m_wm.l(fpclassifyf.o)
    0x08007e82   0x08007e82   0x00000002   PAD
    0x08007e84   0x08007e84   0x0000012c   Code   RO         8461    i.__hardfp_asinf    m_wm.l(asinf.o)
    0x08007fb0   0x08007fb0   0x00000250   Code   RO         8473    i.__hardfp_atan2f   m_wm.l(atan2f.o)
    0x08008200   0x08008200   0x0000003a   Code   RO         8497    i.__hardfp_sqrtf    m_wm.l(sqrtf_full.o)
    0x0800823a   0x0800823a   0x00000006   Code   RO         8541    i.__mathlib_flt_infnan  m_wm.l(funder.o)
    0x08008240   0x08008240   0x00000006   Code   RO         8542    i.__mathlib_flt_infnan2  m_wm.l(funder.o)
    0x08008246   0x08008246   0x00000002   PAD
    0x08008248   0x08008248   0x00000010   Code   RO         8543    i.__mathlib_flt_invalid  m_wm.l(funder.o)
    0x08008258   0x08008258   0x00000010   Code   RO         8546    i.__mathlib_flt_underflow  m_wm.l(funder.o)
    0x08008268   0x08008268   0x0000000e   Code   RO         8593    i.__scatterload_copy  mc_w.l(handlers.o)
    0x08008276   0x08008276   0x00000002   Code   RO         8594    i.__scatterload_null  mc_w.l(handlers.o)
    0x08008278   0x08008278   0x0000000e   Code   RO         8595    i.__scatterload_zeroinit  mc_w.l(handlers.o)
    0x08008286   0x08008286   0x00000002   PAD
    0x08008288   0x08008288   0x0000000c   Code   RO         8577    i.__set_errno       mc_w.l(errno.o)
    0x08008294   0x08008294   0x000001d0   Code   RO         8283    i.accel_comple_filter  AHRS.lib(ahrs.o)
    0x08008464   0x08008464   0x0000018c   Code   RO         8284    i.accel_update_kp_ki  AHRS.lib(ahrs.o)
    0x080085f0   0x080085f0   0x0000006c   Code   RO         2071    i.aim_motor_init    aim_motor.o
    0x0800865c   0x0800865c   0x0000016c   Code   RO         8285    i.angle_to_quat     AHRS.lib(ahrs.o)
    0x080087c8   0x080087c8   0x00000128   Code   RO         2139    i.bmi088_accel_init  bmi088driver.o
    0x080088f0   0x080088f0   0x000002c0   Code   RO         2140    i.bmi088_accel_self_test  bmi088driver.o
    0x08008bb0   0x08008bb0   0x000000dc   Code   RO         2141    i.bmi088_gyro_init  bmi088driver.o
    0x08008c8c   0x08008c8c   0x000000ca   Code   RO         2142    i.bmi088_gyro_self_test  bmi088driver.o
    0x08008d56   0x08008d56   0x00000002   PAD
    0x08008d58   0x08008d58   0x00000068   Code   RO         2072    i.calculate_aim_motor_current_with_target_total_angle  aim_motor.o
    0x08008dc0   0x08008dc0   0x00000034   Code   RO         2073    i.calculate_aim_motor_current_with_target_total_speed  aim_motor.o
    0x08008df4   0x08008df4   0x0000006c   Code   RO         1744    i.calculate_down_dial_motor_current_with_target_total_angle  dial_motor.o
    0x08008e60   0x08008e60   0x00000056   Code   RO         1660    i.calculate_motor3508_total_angle  motor_can.o
    0x08008eb6   0x08008eb6   0x00000002   PAD
    0x08008eb8   0x08008eb8   0x00000040   Code   RO         1792    i.calculate_pitch_motor_current_or_torque_with_autoaim_target_INS_angle  pitch_motor.o
    0x08008ef8   0x08008ef8   0x00000040   Code   RO         1793    i.calculate_pitch_motor_current_or_torque_with_target_INS_angle  pitch_motor.o
    0x08008f38   0x08008f38   0x0000002c   Code   RO         1794    i.calculate_pitch_motor_current_or_torque_with_target_INS_speed  pitch_motor.o
    0x08008f64   0x08008f64   0x00000040   Code   RO         1795    i.calculate_pitch_motor_current_or_torque_with_target_mouse_INS_angle  pitch_motor.o
    0x08008fa4   0x08008fa4   0x0000002c   Code   RO         1796    i.calculate_pitch_motor_current_or_torque_with_target_mouse_INS_speed  pitch_motor.o
    0x08008fd0   0x08008fd0   0x00000034   Code   RO         1745    i.calculate_up_dial_motor_current_with_target_speed  dial_motor.o
    0x08009004   0x08009004   0x00000068   Code   RO         1746    i.calculate_up_dial_motor_current_with_target_total_angle  dial_motor.o
    0x0800906c   0x0800906c   0x00000040   Code   RO         1977    i.calculate_yaw_motor_current_with_autoaim_target_INS_angle  yaw_motor.o
    0x080090ac   0x080090ac   0x00000040   Code   RO         1979    i.calculate_yaw_motor_current_with_target_INS_angle  yaw_motor.o
    0x080090ec   0x080090ec   0x0000002c   Code   RO         1980    i.calculate_yaw_motor_current_with_target_INS_speed  yaw_motor.o
    0x08009118   0x08009118   0x00000058   Code   RO         1410    i.can_filter_init   bsp_can.o
    0x08009170   0x08009170   0x000001dc   Code   RO         1370    i.chassis_task      chassis_task.o
    0x0800934c   0x0800934c   0x00000088   Code   RO         1388    i.comm_task         comm_task.o
    0x080093d4   0x080093d4   0x00000028   Code   RO         1539    i.delay_init        bsp_delay.o
    0x080093fc   0x080093fc   0x00000034   Code   RO         1541    i.delay_us          bsp_delay.o
    0x08009430   0x08009430   0x000000d8   Code   RO         1747    i.dial_motor_init   dial_motor.o
    0x08009508   0x08009508   0x00000090   Code   RO          954    i.down_dial_rotate_until_locked_rotor  shoot_task.o
    0x08009598   0x08009598   0x00000064   Code   RO         1721    i.fric_motor_init   fric_motor.o
    0x080095fc   0x080095fc   0x00000068   Code   RO          956    i.fric_rotate_by_PWM  shoot_task.o
    0x08009664   0x08009664   0x000000e8   Code   RO         8286    i.get_angle         AHRS.lib(ahrs.o)
    0x0800974c   0x0800974c   0x0000001c   Code   RO         1661    i.get_motor3508_data  motor_can.o
    0x08009768   0x08009768   0x000002b0   Code   RO         1798    i.get_motor4310_data  pitch_motor.o
    0x08009a18   0x08009a18   0x0000001c   Code   RO         1662    i.get_motor6020_data  motor_can.o
    0x08009a34   0x08009a34   0x00000088   Code   RO         1193    i.gimbal_task       gimbal_task.o
    0x08009abc   0x08009abc   0x000000dc   Code   RO         1247    i.imu_cali_slove    ins_task.o
    0x08009b98   0x08009b98   0x000000fc   Code   RO         1248    i.imu_cmd_spi_dma   ins_task.o
    0x08009c94   0x08009c94   0x0000000c   Code   RO         1467    i.imu_pwm_init      bsp_pwm.o
    0x08009ca0   0x08009ca0   0x0000000c   Code   RO         1468    i.imu_pwm_set       bsp_pwm.o
    0x08009cac   0x08009cac   0x0000007c   Code   RO         1249    i.imu_temp_control  ins_task.o
    0x08009d28   0x08009d28   0x00000002   Code   RO         2297    i.ist8310_GPIO_init  ist8310driver_middleware.o
    0x08009d2a   0x08009d2a   0x00000002   PAD
    0x08009d2c   0x08009d2c   0x00000024   Code   RO         2299    i.ist8310_IIC_read_single_reg  ist8310driver_middleware.o
    0x08009d50   0x08009d50   0x00000024   Code   RO         2301    i.ist8310_IIC_write_single_reg  ist8310driver_middleware.o
    0x08009d74   0x08009d74   0x00000010   Code   RO         2302    i.ist8310_RST_H     ist8310driver_middleware.o
    0x08009d84   0x08009d84   0x00000010   Code   RO         2303    i.ist8310_RST_L     ist8310driver_middleware.o
    0x08009d94   0x08009d94   0x00000002   Code   RO         2304    i.ist8310_com_init  ist8310driver_middleware.o
    0x08009d96   0x08009d96   0x00000004   Code   RO         2305    i.ist8310_delay_ms  ist8310driver_middleware.o
    0x08009d9a   0x08009d9a   0x00000002   PAD
    0x08009d9c   0x08009d9c   0x00000080   Code   RO         2262    i.ist8310_init      ist8310driver.o
    0x08009e1c   0x08009e1c   0x0000002c   Code   RO          957    i.locked_rotor_detect  shoot_task.o
    0x08009e48   0x08009e48   0x000000b0   Code   RO           16    i.main              main.o
    0x08009ef8   0x08009ef8   0x0000000c   Code   RO         7695    i.makeFreeRtosPriority  cmsis_os.o
    0x08009f04   0x08009f04   0x0000008c   Code   RO         3047    i.manifold_usart_task  nmanifold_usart_task.o
    0x08009f90   0x08009f90   0x00000010   Code   RO         7697    i.osDelay           cmsis_os.o
    0x08009fa0   0x08009fa0   0x0000000a   Code   RO         7700    i.osKernelStart     cmsis_os.o
    0x08009faa   0x08009faa   0x0000005c   Code   RO         7734    i.osThreadCreate    cmsis_os.o
    0x0800a006   0x0800a006   0x00000002   PAD
    0x0800a008   0x0800a008   0x00000024   Code   RO         7162    i.pcTaskGetName     tasks.o
    0x0800a02c   0x0800a02c   0x00000130   Code   RO         1800    i.pitch_motor_init  pitch_motor.o
    0x0800a15c   0x0800a15c   0x00000080   Code   RO         7163    i.prvAddCurrentTaskToDelayedList  tasks.o
    0x0800a1dc   0x0800a1dc   0x00000088   Code   RO         7164    i.prvAddNewTaskToReadyList  tasks.o
    0x0800a264   0x0800a264   0x0000005c   Code   RO         7527    i.prvCheckForValidListAndQueue  timers.o
    0x0800a2c0   0x0800a2c0   0x00000040   Code   RO         7165    i.prvCheckTasksWaitingTermination  tasks.o
    0x0800a300   0x0800a300   0x00000024   Code   RO         6816    i.prvCopyDataFromQueue  queue.o
    0x0800a324   0x0800a324   0x0000006e   Code   RO         6817    i.prvCopyDataToQueue  queue.o
    0x0800a392   0x0800a392   0x00000040   Code   RO         7166    i.prvDeleteTCB      tasks.o
    0x0800a3d2   0x0800a3d2   0x00000002   PAD
    0x0800a3d4   0x0800a3d4   0x00000024   Code   RO         7528    i.prvGetNextExpireTime  timers.o
    0x0800a3f8   0x0800a3f8   0x00000050   Code   RO         8074    i.prvHeapInit       heap_4.o
    0x0800a448   0x0800a448   0x00000028   Code   RO         7167    i.prvIdleTask       tasks.o
    0x0800a470   0x0800a470   0x00000018   Code   RO         6820    i.prvInitialiseNewQueue  queue.o
    0x0800a488   0x0800a488   0x00000098   Code   RO         7168    i.prvInitialiseNewTask  tasks.o
    0x0800a520   0x0800a520   0x00000060   Code   RO         7169    i.prvInitialiseTaskLists  tasks.o
    0x0800a580   0x0800a580   0x0000005c   Code   RO         8075    i.prvInsertBlockIntoFreeList  heap_4.o
    0x0800a5dc   0x0800a5dc   0x00000048   Code   RO         7530    i.prvInsertTimerInActiveList  timers.o
    0x0800a624   0x0800a624   0x0000001a   Code   RO         6821    i.prvIsQueueEmpty   queue.o
    0x0800a63e   0x0800a63e   0x0000001e   Code   RO         6822    i.prvIsQueueFull    queue.o
    0x0800a65c   0x0800a65c   0x00000068   Code   RO         7531    i.prvProcessExpiredTimer  timers.o
    0x0800a6c4   0x0800a6c4   0x00000110   Code   RO         7532    i.prvProcessReceivedCommands  timers.o
    0x0800a7d4   0x0800a7d4   0x0000006c   Code   RO         7533    i.prvProcessTimerOrBlockTask  timers.o
    0x0800a840   0x0800a840   0x00000024   Code   RO         7170    i.prvResetNextTaskUnblockTime  tasks.o
    0x0800a864   0x0800a864   0x0000002c   Code   RO         7534    i.prvSampleTimeNow  timers.o
    0x0800a890   0x0800a890   0x0000006e   Code   RO         7171    i.prvSearchForNameWithinSingleList  tasks.o
    0x0800a8fe   0x0800a8fe   0x00000002   PAD
    0x0800a900   0x0800a900   0x00000078   Code   RO         7535    i.prvSwitchTimerLists  timers.o
    0x0800a978   0x0800a978   0x00000030   Code   RO         8131    i.prvTaskExitError  port.o
    0x0800a9a8   0x0800a9a8   0x00000014   Code   RO         7536    i.prvTimerTask      timers.o
    0x0800a9bc   0x0800a9bc   0x00000068   Code   RO         6823    i.prvUnlockQueue    queue.o
    0x0800aa24   0x0800aa24   0x000000e8   Code   RO         8076    i.pvPortMalloc      heap_4.o
    0x0800ab0c   0x0800ab0c   0x0000002c   Code   RO         8132    i.pxPortInitialiseStack  port.o
    0x0800ab38   0x0800ab38   0x00000084   Code   RO         8291    i.quat_normalization  AHRS.lib(ahrs.o)
    0x0800abbc   0x0800abbc   0x00000008   Code   RO          926    i.rabbit_task       rabbit_task.o
    0x0800abc4   0x0800abc4   0x00000010   Code   RO         2953    i.remote_control_init  remote_control.o
    0x0800abd4   0x0800abd4   0x000000b4   Code   RO         2954    i.sbus_to_rc        remote_control.o
    0x0800ac88   0x0800ac88   0x0000003c   Code   RO         2998    i.send_UI_data_for_Chassis_by_CAN1  can_transmit.o
    0x0800acc4   0x0800acc4   0x0000002c   Code   RO         2999    i.send_UI_pitch_data_for_Chassis_by_CAN1  can_transmit.o
    0x0800acf0   0x0800acf0   0x0000004c   Code   RO         3000    i.send_chassis_target_speed_by_CAN1  can_transmit.o
    0x0800ad3c   0x0800ad3c   0x00000018   Code   RO         2595    i.send_data_to_vofa4  vofa.o
    0x0800ad54   0x0800ad54   0x00000050   Code   RO         1663    i.send_motor_3508_or_2006_current_through_CAN1  motor_can.o
    0x0800ada4   0x0800ada4   0x00000050   Code   RO         1664    i.send_motor_3508current_or_6020voltage_through_CAN1  motor_can.o
    0x0800adf4   0x0800adf4   0x00000050   Code   RO         1665    i.send_motor_3508current_through_CAN2  motor_can.o
    0x0800ae44   0x0800ae44   0x0000001c   Code   RO         2450    i.servo_init        servo.o
    0x0800ae60   0x0800ae60   0x00000060   Code   RO         1807    i.set_motor4310_cur_tor  pitch_motor.o
    0x0800aec0   0x0800aec0   0x0000023c   Code   RO          958    i.shoot_task        shoot_task.o
    0x0800b0fc   0x0800b0fc   0x0000003e   Code   RO         8499    i.sqrtf             m_wm.l(sqrtf_full.o)
    0x0800b13a   0x0800b13a   0x00000028   Code   RO         1814    i.uint_to_float     pitch_motor.o
    0x0800b162   0x0800b162   0x00000002   PAD
    0x0800b164   0x0800b164   0x00000068   Code   RO         7175    i.ulTaskNotifyTake  tasks.o
    0x0800b1cc   0x0800b1cc   0x0000006c   Code   RO          959    i.up_dial_reset     shoot_task.o
    0x0800b238   0x0800b238   0x00000058   Code   RO          960    i.up_dial_reset_and_Reset_Direction_locked_rotor_detect  shoot_task.o
    0x0800b290   0x0800b290   0x00000090   Code   RO          961    i.up_dial_rotate_certain_angle  shoot_task.o
    0x0800b320   0x0800b320   0x0000007a   Code   RO         8292    i.update_w          AHRS.lib(ahrs.o)
    0x0800b39a   0x0800b39a   0x00000002   PAD
    0x0800b39c   0x0800b39c   0x000000b8   Code   RO         1580    i.usart1_init       bsp_usart.o
    0x0800b454   0x0800b454   0x00000026   Code   RO         6776    i.uxListRemove      list.o
    0x0800b47a   0x0800b47a   0x00000002   PAD
    0x0800b47c   0x0800b47c   0x00000014   Code   RO          288    i.vApplicationGetIdleTaskMemory  freertos.o
    0x0800b490   0x0800b490   0x00000018   Code   RO          289    i.vApplicationGetTimerTaskMemory  freertos.o
    0x0800b4a8   0x0800b4a8   0x00000016   Code   RO         6777    i.vListInitialise   list.o
    0x0800b4be   0x0800b4be   0x00000006   Code   RO         6778    i.vListInitialiseItem  list.o
    0x0800b4c4   0x0800b4c4   0x00000036   Code   RO         6779    i.vListInsert       list.o
    0x0800b4fa   0x0800b4fa   0x00000018   Code   RO         6780    i.vListInsertEnd    list.o
    0x0800b512   0x0800b512   0x00000002   PAD
    0x0800b514   0x0800b514   0x00000040   Code   RO         8134    i.vPortEnterCritical  port.o
    0x0800b554   0x0800b554   0x0000002c   Code   RO         8135    i.vPortExitCritical  port.o
    0x0800b580   0x0800b580   0x00000064   Code   RO         8077    i.vPortFree         heap_4.o
    0x0800b5e4   0x0800b5e4   0x00000024   Code   RO         8136    i.vPortSetupTimerInterrupt  port.o
    0x0800b608   0x0800b608   0x00000054   Code   RO         8137    i.vPortValidateInterruptPriority  port.o
    0x0800b65c   0x0800b65c   0x00000028   Code   RO         6827    i.vQueueAddToRegistry  queue.o
    0x0800b684   0x0800b684   0x0000004a   Code   RO         6830    i.vQueueWaitForMessageRestricted  queue.o
    0x0800b6ce   0x0800b6ce   0x00000002   PAD
    0x0800b6d0   0x0800b6d0   0x00000050   Code   RO         7182    i.vTaskDelay        tasks.o
    0x0800b720   0x0800b720   0x00000010   Code   RO         7186    i.vTaskInternalSetTimeOutState  tasks.o
    0x0800b730   0x0800b730   0x0000000c   Code   RO         7187    i.vTaskMissedYield  tasks.o
    0x0800b73c   0x0800b73c   0x000000bc   Code   RO         7188    i.vTaskNotifyGiveFromISR  tasks.o
    0x0800b7f8   0x0800b7f8   0x00000034   Code   RO         7189    i.vTaskPlaceOnEventList  tasks.o
    0x0800b82c   0x0800b82c   0x0000003c   Code   RO         7190    i.vTaskPlaceOnEventListRestricted  tasks.o
    0x0800b868   0x0800b868   0x00000090   Code   RO         7197    i.vTaskStartScheduler  tasks.o
    0x0800b8f8   0x0800b8f8   0x00000010   Code   RO         7199    i.vTaskSuspendAll   tasks.o
    0x0800b908   0x0800b908   0x00000060   Code   RO         7200    i.vTaskSwitchContext  tasks.o
    0x0800b968   0x0800b968   0x00000104   Code   RO         8138    i.xPortStartScheduler  port.o
    0x0800ba6c   0x0800ba6c   0x00000070   Code   RO         6834    i.xQueueGenericCreateStatic  queue.o
    0x0800badc   0x0800badc   0x00000090   Code   RO         6835    i.xQueueGenericReset  queue.o
    0x0800bb6c   0x0800bb6c   0x00000170   Code   RO         6836    i.xQueueGenericSend  queue.o
    0x0800bcdc   0x0800bcdc   0x000000be   Code   RO         6837    i.xQueueGenericSendFromISR  queue.o
    0x0800bd9a   0x0800bd9a   0x00000002   PAD
    0x0800bd9c   0x0800bd9c   0x00000148   Code   RO         6845    i.xQueueReceive     queue.o
    0x0800bee4   0x0800bee4   0x00000098   Code   RO         7203    i.xTaskCheckForTimeOut  tasks.o
    0x0800bf7c   0x0800bf7c   0x0000006c   Code   RO         7204    i.xTaskCreate       tasks.o
    0x0800bfe8   0x0800bfe8   0x00000060   Code   RO         7205    i.xTaskCreateStatic  tasks.o
    0x0800c048   0x0800c048   0x0000008c   Code   RO         7209    i.xTaskGetHandle    tasks.o
    0x0800c0d4   0x0800c0d4   0x0000001c   Code   RO         7210    i.xTaskGetSchedulerState  tasks.o
    0x0800c0f0   0x0800c0f0   0x0000000c   Code   RO         7211    i.xTaskGetTickCount  tasks.o
    0x0800c0fc   0x0800c0fc   0x000000d4   Code   RO         7213    i.xTaskIncrementTick  tasks.o
    0x0800c1d0   0x0800c1d0   0x0000009c   Code   RO         7216    i.xTaskPriorityDisinherit  tasks.o
    0x0800c26c   0x0800c26c   0x00000078   Code   RO         7218    i.xTaskRemoveFromEventList  tasks.o
    0x0800c2e4   0x0800c2e4   0x000000cc   Code   RO         7219    i.xTaskResumeAll    tasks.o
    0x0800c3b0   0x0800c3b0   0x00000068   Code   RO         7543    i.xTimerCreateTimerTask  timers.o
    0x0800c418   0x0800c418   0x00000074   Code   RO         7544    i.xTimerGenericCommand  timers.o
    0x0800c48c   0x0800c48c   0x00000164   Code   RO         1984    i.yaw_motor_init    yaw_motor.o
    0x0800c5f0   0x0800c5f0   0x000000a8   Data   RO          291    .constdata          freertos.o
    0x0800c698   0x0800c698   0x00000010   Data   RO          890    .constdata          system_stm32f4xx.o
    0x0800c6a8   0x0800c6a8   0x00000008   Data   RO          891    .constdata          system_stm32f4xx.o
    0x0800c6b0   0x0800c6b0   0x0000000c   Data   RO         1254    .constdata          ins_task.o
    0x0800c6bc   0x0800c6bc   0x00000012   Data   RO         2147    .constdata          bmi088driver.o
    0x0800c6ce   0x0800c6ce   0x0000000c   Data   RO         2265    .constdata          ist8310driver.o
    0x0800c6da   0x0800c6da   0x00000100   Data   RO         3049    .constdata          nmanifold_usart_task.o
    0x0800c7da   0x0800c7da   0x00000008   Data   RO         3859    .constdata          stm32f4xx_hal_dma.o
    0x0800c7e2   0x0800c7e2   0x00000002   PAD
    0x0800c7e4   0x0800c7e4   0x0000000c   Data   RO         8293    .constdata          AHRS.lib(ahrs.o)
    0x0800c7f0   0x0800c7f0   0x00000804   Data   RO         8426    .constdata          arm_cortexM4lf_math.lib(arm_common_tables.o)
    0x0800cff4   0x0800cff4   0x0000004b   Data   RO          292    .conststring        freertos.o
    0x0800d03f   0x0800d03f   0x00000001   PAD
    0x0800d040   0x0800d040   0x00000020   Data   RO         8591    Region$$Table       anon$$obj.o


    Execution Region RW_IRAM1 (Exec base: 0x20000000, Load base: 0x0800d060, Size: 0x000084f8, Max: 0x00020000, ABSOLUTE, COMPRESSED[0x00000178])

    Exec Addr    Load Addr    Size         Type   Attr      Idx    E Section Name        Object

    0x20000000   COMPRESSED   0x00000018   Data   RW          293    .data               freertos.o
    0x20000018   COMPRESSED   0x00000004   Data   RW          399    .data               can.o
    0x2000001c   COMPRESSED   0x00000004   Data   RW          892    .data               system_stm32f4xx.o
    0x20000020   COMPRESSED   0x00000050   Data   RW          965    .data               shoot_task.o
    0x20000070   COMPRESSED   0x00000004   Data   RW         1194    .data               gimbal_task.o
    0x20000074   COMPRESSED   0x000000a4   Data   RW         1256    .data               ins_task.o
    0x20000118   COMPRESSED   0x00000020   Data   RW         1371    .data               chassis_task.o
    0x20000138   COMPRESSED   0x00000008   Data   RW         1542    .data               bsp_delay.o
    0x20000140   COMPRESSED   0x00000014   Data   RW         1723    .data               fric_motor.o
    0x20000154   COMPRESSED   0x00000050   Data   RW         1749    .data               dial_motor.o
    0x200001a4   COMPRESSED   0x000000cc   Data   RW         1817    .data               pitch_motor.o
    0x20000270   COMPRESSED   0x000000d0   Data   RW         1986    .data               yaw_motor.o
    0x20000340   COMPRESSED   0x00000048   Data   RW         2075    .data               aim_motor.o
    0x20000388   COMPRESSED   0x0000002c   Data   RW         2148    .data               bmi088driver.o
    0x200003b4   COMPRESSED   0x00000020   Data   RW         2596    .data               vofa.o
    0x200003d4   COMPRESSED   0x00000008   Data   RW         2912    .data               can_receive.o
    0x200003dc   COMPRESSED   0x00000002   Data   RW         2956    .data               remote_control.o
    0x200003de   COMPRESSED   0x0000000f   Data   RW         3050    .data               nmanifold_usart_task.o
    0x200003ed   COMPRESSED   0x00000003   PAD
    0x200003f0   COMPRESSED   0x0000000c   Data   RW         4281    .data               stm32f4xx_hal.o
    0x200003fc   COMPRESSED   0x0000003c   Data   RW         7222    .data               tasks.o
    0x20000438   COMPRESSED   0x00000014   Data   RW         7552    .data               timers.o
    0x2000044c   COMPRESSED   0x00000020   Data   RW         8083    .data               heap_4.o
    0x2000046c   COMPRESSED   0x0000000c   Data   RW         8139    .data               port.o
    0x20000478   COMPRESSED   0x00000010   Data   RW         8294    .data               AHRS.lib(ahrs.o)
    0x20000488   COMPRESSED   0x00000004   Data   RW         8578    .data               mc_w.l(errno.o)
    0x2000048c        -       0x000006b0   Zero   RW          290    .bss                freertos.o
    0x20000b3c        -       0x00000050   Zero   RW          398    .bss                can.o
    0x20000b8c        -       0x00000054   Zero   RW          470    .bss                i2c.o
    0x20000be0        -       0x00000118   Zero   RW          512    .bss                spi.o
    0x20000cf8        -       0x00000168   Zero   RW          559    .bss                tim.o
    0x20000e60        -       0x000002ac   Zero   RW          628    .bss                usart.o
    0x2000110c        -       0x00000048   Zero   RW          852    .bss                stm32f4xx_hal_timebase_tim.o
    0x20001154        -       0x00000043   Zero   RW          962    .bss                shoot_task.o
    0x20001197   COMPRESSED   0x00000001   PAD
    0x20001198        -       0x0000014c   Zero   RW         1251    .bss                ins_task.o
    0x200012e4   COMPRESSED   0x00000004   PAD
    0x200012e8        -       0x0000010c   Zero   RW         1722    .bss                fric_motor.o
    0x200013f4   COMPRESSED   0x00000004   PAD
    0x200013f8        -       0x000001c0   Zero   RW         1748    .bss                dial_motor.o
    0x200015b8        -       0x00000438   Zero   RW         1815    .bss                pitch_motor.o
    0x200019f0        -       0x00000284   Zero   RW         1985    .bss                yaw_motor.o
    0x20001c74   COMPRESSED   0x00000004   PAD
    0x20001c78        -       0x000000f6   Zero   RW         2074    .bss                aim_motor.o
    0x20001d6e        -       0x0000001b   Zero   RW         2873    .bss                referee.o
    0x20001d89        -       0x00000010   Zero   RW         2874    .bss                referee.o
    0x20001d99        -       0x0000005e   Zero   RW         2955    .bss                remote_control.o
    0x20001df7        -       0x000000bf   Zero   RW         3048    .bss                nmanifold_usart_task.o
    0x20001eb6   COMPRESSED   0x00000002   PAD
    0x20001eb8        -       0x00000040   Zero   RW         6848    .bss                queue.o
    0x20001ef8        -       0x000000f0   Zero   RW         7221    .bss                tasks.o
    0x20001fe8        -       0x00000110   Zero   RW         7551    .bss                timers.o
    0x200020f8        -       0x00006000   Zero   RW         8082    .bss                heap_4.o
    0x200080f8        -       0x00000400   Zero   RW            1    STACK               startup_stm32f407xx.o


==============================================================================

Image component sizes


      Code (inc. data)   RO Data    RW Data    ZI Data      Debug   Object Name

        70          6          0          0          0       4868   ahrs_middleware.o
       688         48          0         72        246       6145   aim_motor.o
      2158         32         18         44          0      11403   bmi088driver.o
       108         28          0          0          0       4876   bmi088middleware.o
        88          8          0          0          0        570   bsp_can.o
        92         18          0          8          0       1300   bsp_delay.o
        46          8          0          0          0       1784   bsp_pwm.o
        96         12          0          0          0        994   bsp_rc.o
      4964         74          0          0          0       2394   bsp_spi.o
       184         24          0          0          0       1186   bsp_usart.o
       396         46          0          4         80       2462   can.o
       300         38          0          8          0       1796   can_receive.o
       180         14          0          0          0       2676   can_transmit.o
       476         58          0         32          0       1522   chassis_task.o
       130          0          0          0          0      22923   cmsis_os.o
       136         40          0          0          0       1140   comm_task.o
       480         22          0         80        448       5276   dial_motor.o
       156          4          0          0          0        846   dma.o
         0          0          0          0          0      19688   event_groups.o
       236         42        243         24       1712       7825   freertos.o
       100         14          0         20        268       1837   fric_motor.o
       136         16          0          4          0       1332   gimbal_task.o
       380         20          0          0          0       1203   gpio.o
       504         32          0         32      24576       5039   heap_4.o
       200         32          0          0         84       1705   i2c.o
      2084        158         12        164        332       9847   ins_task.o
       128          6         12          0          0       2051   ist8310driver.o
       112         22          0          0          0       4055   ist8310driver_middleware.o
       144          0          0          0          0       3602   list.o
       330         36          0          0          0     745668   main.o
       382         12          0          0          0       7070   motor_can.o
       632         60        256         15        191       5994   nmanifold_usart_task.o
       388          8          0          0          0       2938   pid.o
      2400        166          0        204       1080      16598   pitch_motor.o
       814         92          0         12          0      12041   port.o
      1586         24          0          0         64      17696   queue.o
         8          0          0          0          0        482   rabbit_task.o
         0          0          0          0         43      10246   referee.o
       376         28          0          2         94       3876   remote_control.o
        28          6          0          0          0        537   servo.o
      1204        128          0         80         67     661531   shoot_task.o
       328         32          0          0        280       1891   spi.o
        36          8        392          0       1024        840   startup_stm32f407xx.o
        80         14          0         12          0       8094   stm32f4xx_hal.o
      2004          6          0          0          0      15051   stm32f4xx_hal_can.o
       168         12          0          0          0      32850   stm32f4xx_hal_cortex.o
      1272         18          8          0          0       7534   stm32f4xx_hal_dma.o
       608         24          0          0          0       3702   stm32f4xx_hal_gpio.o
      2796         48          0          0          0      13686   stm32f4xx_hal_i2c.o
        56          4          0          0          0        846   stm32f4xx_hal_msp.o
      1782        112          0          0          0       7205   stm32f4xx_hal_rcc.o
      1010         14          0          0          0       4857   stm32f4xx_hal_spi.o
      2288         56          0          0          0      17685   stm32f4xx_hal_tim.o
       260          0          0          0          0       3465   stm32f4xx_hal_tim_ex.o
       152         20          0          0         72       1463   stm32f4xx_hal_timebase_tim.o
      1724         20          0          0          0      13890   stm32f4xx_hal_uart.o
       176         64          0          0          0       9813   stm32f4xx_it.o
        28          6         24          4          0       1143   system_stm32f4xx.o
      2858        238          0         60        240      33043   tasks.o
      1364        112          0          0        360       5810   tim.o
      1088         94          0         20        272      30899   timers.o
       828         80          0          0        684       3607   usart.o
        24          8          0         32          0       1277   vofa.o
      1116        140          0        208        644      10858   yaw_motor.o

    ----------------------------------------------------------------------
     45030       2512       1000       1144      32876    1846531   Object Totals
         0          0         32          0          0          0   (incl. Generated)
        64          0          3          3         15          0   (incl. Padding)

    ----------------------------------------------------------------------

      Code (inc. data)   RO Data    RW Data    ZI Data      Debug   Library Member Name

      2718         84         12         16          0       9922   ahrs.o
         0          0       2052          0          0       4704   arm_common_tables.o
       120         12          0          0          0      17170   arm_cos_f32.o
       148         18          0          0          0        814   arm_sin_f32.o
       300         42          0          0          0        176   asinf.o
       592         90          0          0          0        184   atan2f.o
        38          0          0          0          0        116   fpclassifyf.o
        44         12          0          0          0        464   funder.o
       120          0          0          0          0        272   sqrtf_full.o
        86          0          0          0          0          0   __dczerorl2.o
         0          0          0          0          0          0   entry.o
         0          0          0          0          0          0   entry10a.o
         0          0          0          0          0          0   entry11a.o
         8          4          0          0          0          0   entry2.o
         4          0          0          0          0          0   entry5.o
         0          0          0          0          0          0   entry7b.o
         0          0          0          0          0          0   entry8b.o
         8          4          0          0          0          0   entry9a.o
        12          6          0          4          0         68   errno.o
        30          0          0          0          0          0   handlers.o
        36          8          0          0          0         68   init.o
         0          0          0          0          0          0   iusefp.o
        30          0          0          0          0         68   llshl.o
        32          0          0          0          0         68   llushr.o
        36          0          0          0          0         68   memcpya.o
        36          0          0          0          0        108   memseta.o
        14          0          0          0          0         68   strlen.o
        98          0          0          0          0         92   uldiv.o
       186          0          0          0          0        176   depilogue.o
        62          0          0          0          0         80   dfixi.o
        34          0          0          0          0         76   dflti.o
       228          0          0          0          0         96   dmul.o
       110          0          0          0          0        168   fepilogue.o
        66          0          0          0          0         76   ffixl.o
        44          0          0          0          0         92   ffltl.o

    ----------------------------------------------------------------------
      5250        280       2064         20          0      35194   Library Totals
        10          0          0          0          0          0   (incl. Padding)

    ----------------------------------------------------------------------

      Code (inc. data)   RO Data    RW Data    ZI Data      Debug   Library Name

      2718         84         12         16          0       9922   AHRS.lib
       268         30       2052          0          0      22688   arm_cortexM4lf_math.lib
      1094        144          0          0          0       1212   m_wm.l
       430         22          0          4          0        608   mc_w.l
       730          0          0          0          0        764   mf_w.l

    ----------------------------------------------------------------------
      5250        280       2064         20          0      35194   Library Totals

    ----------------------------------------------------------------------

==============================================================================


      Code (inc. data)   RO Data    RW Data    ZI Data      Debug   

     50280       2792       3064       1164      32876    1846485   Grand Totals
     50280       2792       3064        376      32876    1846485   ELF Image Totals (compressed)
     50280       2792       3064        376          0          0   ROM Totals

==============================================================================

    Total RO  Size (Code + RO Data)                53344 (  52.09kB)
    Total RW  Size (RW Data + ZI Data)             34040 (  33.24kB)
    Total ROM Size (Code + RO Data + RW Data)      53720 (  52.46kB)

==============================================================================

